Input #0, mov,mp4,m4a,3gp,3g2,mj2, from '/Users/aaronguo/Work/ag/aaron-studio/src/content/videos/singing-sands-long-2026-09-08/shorts/SandVoiceShort.mp4':
  Metadata:
    major_brand     : isom
    minor_version   : 512
    compatible_brands: isomiso2avc1mp41
    encoder         : Lavf62.12.101
    comment         : Made with Remotion 4.0.427
  Duration: 00:00:52.37, start: 0.000000, bitrate: 3202 kb/s
  Stream #0:0[0x1](und): Video: h264 (High) (avc1 / 0x31637661), yuvj420p(pc, bt470bg/unknown/unknown, progressive), 1080x1920 [SAR 1:1 DAR 9:16], 3012 kb/s, 30 fps, 30 tbr, 90k tbn (default)
    Metadata:
      handler_name    : VideoHandler
    Side data:
      ICC Profile: (456 bytes)
  Stream #0:1[0x2](und): Audio: aac (LC) (mp4a / 0x6134706D), 48000 Hz, stereo, fltp, 180 kb/s (default)
    Metadata:
      handler_name    : SoundHandler
Stream mapping:
  Stream #0:1 -> #0:0 (aac (native) -> pcm_s16le (native))
Press [q] to stop, [?] for help
Output #0, null, to 'pipe:':
  Metadata:
    major_brand     : isom
    minor_version   : 512
    compatible_brands: isomiso2avc1mp41
    comment         : Made with Remotion 4.0.427
    encoder         : Lavf62.12.101
  Stream #0:0(und): Audio: pcm_s16le, 192000 Hz, stereo, s16, 6144 kb/s (default)
    Metadata:
      encoder         : Lavc62.28.101 pcm_s16le
      handler_name    : SoundHandler
size=N/A time=00:00:22.60 bitrate=N/A speed=45.2x elapsed=0:00:00.50    size=N/A time=00:00:42.30 bitrate=N/A speed=42.2x elapsed=0:00:01.00    [Parsed_loudnorm_0 @ 0x9c305ca80] 
{
	"input_i" : "-16.80",
	"input_tp" : "-3.95",
	"input_lra" : "3.70",
	"input_thresh" : "-28.03",
	"output_i" : "-23.58",
	"output_tp" : "-9.56",
	"output_lra" : "3.60",
	"output_thresh" : "-34.70",
	"normalization_type" : "dynamic",
	"target_offset" : "-0.42"
}
[out#0/null @ 0x9c305c300] video:0KiB audio:39280KiB subtitle:0KiB other streams:0KiB global headers:0KiB muxing overhead: unknown
size=N/A time=00:00:52.40 bitrate=N/A speed=43.7x elapsed=0:00:01.19    
