Bundling 6%
Bundling 19%
Bundling 65%
Bundling 71%
Bundling 76%
Bundling 81%
Bundling 87%
Bundling 92%
Bundling 98%
Bundling 100%
Copying public dir 11.5 MB
Copying public dir 22.4 MB
Copying public dir 46.9 MB
Copying public dir 65.6 MB
Copying public dir 76.5 MB
Copying public dir 78.1 MB
Copying public dir 84.6 MB
Copying public dir 97.2 MB
Copying public dir 99.1 MB
Copying public dir 119.9 MB
Copying public dir 128.9 MB
Copying public dir 140 MB
Copying public dir 150.8 MB
Copying public dir 161.6 MB
Copying public dir 165.3 MB
Copying public dir 171.6 MB
Copying public dir 185 MB
Copying public dir 195.9 MB
Copying public dir 200.9 MB
Copying public dir 225.6 MB
Copying public dir 230.7 MB
Copying public dir 233.4 MB
Copying public dir 245.1 MB
Copying public dir 245.3 MB
Copying public dir 256.7 MB
Copying public dir 263.9 MB
Copying public dir 276.3 MB
Copying public dir 287.5 MB
Copying public dir 290.6 MB
Copying public dir 291 MB
Copying public dir 292.4 MB
Copying public dir 335.4 MB
Copying public dir 336.7 MB
Copying public dir 349 MB
Copying public dir 351.4 MB
Copying public dir 362.1 MB
Copying public dir 363.1 MB
Copying public dir 376.1 MB
Copying public dir 378.6 MB
Copying public dir 389.6 MB
Getting composition
Composition          SandVoiceShort
Codec                h264
Output               /Users/aaronguo/Work/ag/aaron-studio/src/content/videos/singing-sands-long-2026-09-08/shorts/SandVoiceShort-picture.mp4
Concurrency          2x
Rendered 0/1571
Rendered 1/1571, time remaining: 8m 20s
Rendered 2/1571, time remaining: 4m 19s
Rendered 3/1571, time remaining: 3m 37s
Rendered 4/1571, time remaining: 2m 50s
Rendered 5/1571, time remaining: 2m 50s
Rendered 6/1571, time remaining: 2m 23s
Rendered 7/1571, time remaining: 2m 21s
Rendered 8/1571, time remaining: 2m 8s
Rendered 9/1571, time remaining: 2m 9s
Rendered 10/1571, time remaining: 1m 59s
Rendered 11/1571, time remaining: 2m 0s
Rendered 12/1571, time remaining: 1m 53s
Rendered 13/1571, time remaining: 1m 59s
Rendered 14/1571, time remaining: 1m 52s
Rendered 15/1571, time remaining: 1m 54s
Rendered 16/1571, time remaining: 1m 48s
Rendered 17/1571, time remaining: 1m 51s
Rendered 18/1571, time remaining: 1m 46s
Rendered 19/1571, time remaining: 1m 48s
Rendered 20/1571, time remaining: 1m 43s
Rendered 21/1571, time remaining: 1m 49s
Rendered 22/1571, time remaining: 1m 45s
Rendered 23/1571, time remaining: 1m 45s
Rendered 24/1571, time remaining: 1m 42s
Rendered 25/1571, time remaining: 1m 44s
Rendered 26/1571, time remaining: 1m 40s
Rendered 27/1571, time remaining: 1m 42s
Rendered 28/1571, time remaining: 1m 38s
Rendered 29/1571, time remaining: 1m 41s
Rendered 30/1571, time remaining: 1m 38s
Rendered 31/1571, time remaining: 1m 39s
Rendered 32/1571, time remaining: 1m 36s
Rendered 33/1571, time remaining: 1m 38s
Rendered 34/1571, time remaining: 1m 36s
Rendered 35/1571, time remaining: 1m 36s
Rendered 36/1571, time remaining: 1m 35s
Rendered 37/1571, time remaining: 1m 36s
Rendered 38/1571, time remaining: 1m 35s
Rendered 39/1571, time remaining: 1m 35s
Rendered 40/1571, time remaining: 1m 33s
Rendered 41/1571, time remaining: 1m 35s
Rendered 42/1571, time remaining: 1m 34s
Rendered 43/1571, time remaining: 1m 35s
Rendered 44/1571, time remaining: 1m 33s
Rendered 45/1571, time remaining: 1m 34s
Rendered 46/1571, time remaining: 1m 33s
Rendered 47/1571, time remaining: 1m 34s
Rendered 48/1571, time remaining: 1m 32s
Rendered 48/1571, time remaining: 1m 32s
Rendered 49/1571, time remaining: 1m 35s
Rendered 50/1571, time remaining: 1m 34s
Rendered 51/1571, time remaining: 1m 33s
Rendered 52/1571, time remaining: 1m 32s
Rendered 53/1571, time remaining: 1m 33s
Rendered 54/1571, time remaining: 1m 32s
Rendered 55/1571, time remaining: 1m 32s
Rendered 56/1571, time remaining: 1m 31s
Rendered 56/1571, time remaining: 1m 31s
Rendered 57/1571, time remaining: 1m 32s
Rendered 58/1571, time remaining: 1m 31s
Rendered 59/1571, time remaining: 1m 31s
Rendered 60/1571, time remaining: 1m 30s
Rendered 61/1571, time remaining: 1m 32s
Rendered 62/1571, time remaining: 1m 30s
Rendered 63/1571, time remaining: 1m 31s
Rendered 64/1571, time remaining: 1m 30s
Rendered 65/1571, time remaining: 1m 31s
Rendered 65/1571, time remaining: 1m 31s
Rendered 66/1571, time remaining: 1m 31s
Rendered 67/1571, time remaining: 1m 30s
Rendered 68/1571, time remaining: 1m 30s
Rendered 69/1571, time remaining: 1m 30s
Rendered 70/1571, time remaining: 1m 29s
Rendered 71/1571, time remaining: 1m 30s
Rendered 72/1571, time remaining: 1m 29s
Rendered 73/1571, time remaining: 1m 30s
Rendered 74/1571, time remaining: 1m 29s
Rendered 74/1571, time remaining: 1m 29s
Rendered 75/1571, time remaining: 1m 30s
Rendered 76/1571, time remaining: 1m 29s
Rendered 77/1571, time remaining: 1m 30s
Rendered 78/1571, time remaining: 1m 30s
Rendered 79/1571, time remaining: 1m 30s
Rendered 80/1571, time remaining: 1m 29s
Rendered 81/1571, time remaining: 1m 30s
Rendered 82/1571, time remaining: 1m 29s
Rendered 82/1571, time remaining: 1m 29s
Rendered 83/1571, time remaining: 1m 30s
Rendered 84/1571, time remaining: 1m 29s
Rendered 85/1571, time remaining: 1m 29s
Rendered 86/1571, time remaining: 1m 29s
Rendered 87/1571, time remaining: 1m 29s
Rendered 88/1571, time remaining: 1m 30s
Rendered 89/1571, time remaining: 1m 29s
Rendered 89/1571, time remaining: 1m 29s
Rendered 90/1571, time remaining: 1m 30s
Rendered 91/1571, time remaining: 1m 29s
Rendered 92/1571, time remaining: 1m 29s
Rendered 93/1571, time remaining: 1m 29s
Rendered 94/1571, time remaining: 1m 29s
Rendered 95/1571, time remaining: 1m 29s
Rendered 96/1571, time remaining: 1m 28s
Rendered 97/1571, time remaining: 1m 29s
Rendered 98/1571, time remaining: 1m 28s
Rendered 99/1571, time remaining: 1m 28s
Rendered 99/1571, time remaining: 1m 28s
Rendered 100/1571, time remaining: 1m 28s
Rendered 101/1571, time remaining: 1m 28s
Rendered 102/1571, time remaining: 1m 28s
Rendered 103/1571, time remaining: 1m 28s
Rendered 104/1571, time remaining: 1m 27s
Rendered 105/1571, time remaining: 1m 28s
Rendered 106/1571, time remaining: 1m 27s
Rendered 107/1571, time remaining: 1m 27s
Rendered 108/1571, time remaining: 1m 27s
Rendered 108/1571, time remaining: 1m 27s
Rendered 109/1571, time remaining: 1m 28s
Rendered 110/1571, time remaining: 1m 27s
Rendered 111/1571, time remaining: 1m 27s
Rendered 112/1571, time remaining: 1m 27s
Rendered 113/1571, time remaining: 1m 27s
Rendered 114/1571, time remaining: 1m 27s
Rendered 115/1571, time remaining: 1m 27s
Rendered 116/1571, time remaining: 1m 27s
Rendered 116/1571, time remaining: 1m 27s
Rendered 117/1571, time remaining: 1m 27s
Rendered 118/1571, time remaining: 1m 27s
Rendered 119/1571, time remaining: 1m 27s
Rendered 120/1571, time remaining: 1m 26s
Rendered 121/1571, time remaining: 1m 27s
Rendered 122/1571, time remaining: 1m 26s
Rendered 123/1571, time remaining: 1m 26s
Rendered 124/1571, time remaining: 1m 26s
Rendered 124/1571, time remaining: 1m 26s
Rendered 125/1571, time remaining: 1m 26s
Rendered 126/1571, time remaining: 1m 26s
Rendered 127/1571, time remaining: 1m 26s
Rendered 128/1571, time remaining: 1m 26s
Rendered 129/1571, time remaining: 1m 26s
Rendered 130/1571, time remaining: 1m 26s
Rendered 131/1571, time remaining: 1m 26s
Rendered 132/1571, time remaining: 1m 26s
Rendered 132/1571, time remaining: 1m 26s
Rendered 133/1571, time remaining: 1m 26s
Rendered 134/1571, time remaining: 1m 26s
Rendered 135/1571, time remaining: 1m 26s
Rendered 136/1571, time remaining: 1m 26s
Rendered 137/1571, time remaining: 1m 26s
Rendered 138/1571, time remaining: 1m 26s
Rendered 139/1571, time remaining: 1m 26s
Rendered 140/1571, time remaining: 1m 25s
Rendered 140/1571, time remaining: 1m 25s
Rendered 141/1571, time remaining: 1m 26s
Rendered 142/1571, time remaining: 1m 25s
Rendered 143/1571, time remaining: 1m 25s
Rendered 144/1571, time remaining: 1m 25s
Rendered 145/1571, time remaining: 1m 25s
Rendered 146/1571, time remaining: 1m 25s
Rendered 147/1571, time remaining: 1m 25s
Rendered 148/1571, time remaining: 1m 25s
Rendered 149/1571, time remaining: 1m 25s
Rendered 149/1571, time remaining: 1m 25s
Rendered 150/1571, time remaining: 1m 25s
Rendered 151/1571, time remaining: 1m 23s
Rendered 152/1571, time remaining: 1m 23s
Rendered 153/1571, time remaining: 1m 23s
Rendered 154/1571, time remaining: 1m 23s
Rendered 155/1571, time remaining: 1m 23s
Rendered 156/1571, time remaining: 1m 23s
Rendered 157/1571, time remaining: 1m 23s
Rendered 157/1571, time remaining: 1m 23s
Rendered 158/1571, time remaining: 1m 23s
Rendered 159/1571, time remaining: 1m 23s
Rendered 160/1571, time remaining: 1m 23s
Rendered 161/1571, time remaining: 1m 23s
Rendered 162/1571, time remaining: 1m 23s
Rendered 163/1571, time remaining: 1m 23s
Rendered 164/1571, time remaining: 1m 23s
Rendered 164/1571, time remaining: 1m 23s
Rendered 165/1571, time remaining: 1m 23s
Rendered 166/1571, time remaining: 1m 23s
Rendered 167/1571, time remaining: 1m 23s
Rendered 168/1571, time remaining: 1m 23s
Rendered 169/1571, time remaining: 1m 23s
Rendered 170/1571, time remaining: 1m 23s
Rendered 171/1571, time remaining: 1m 23s
Rendered 172/1571, time remaining: 1m 23s
Rendered 172/1571, time remaining: 1m 23s
Rendered 173/1571, time remaining: 1m 23s
Rendered 174/1571, time remaining: 1m 23s
Rendered 175/1571, time remaining: 1m 23s
Rendered 176/1571, time remaining: 1m 23s
Rendered 177/1571, time remaining: 1m 23s
Rendered 178/1571, time remaining: 1m 24s
Rendered 179/1571, time remaining: 1m 23s
Rendered 180/1571, time remaining: 1m 23s
Rendered 180/1571, time remaining: 1m 23s
Rendered 181/1571, time remaining: 1m 24s
Rendered 182/1571, time remaining: 1m 24s
Rendered 183/1571, time remaining: 1m 24s
Rendered 184/1571, time remaining: 1m 24s
Rendered 185/1571, time remaining: 1m 24s
Rendered 186/1571, time remaining: 1m 24s
Rendered 187/1571, time remaining: 1m 24s
Rendered 188/1571, time remaining: 1m 24s
Rendered 188/1571, time remaining: 1m 24s
Rendered 189/1571, time remaining: 1m 24s
Rendered 190/1571, time remaining: 1m 24s
Rendered 191/1571, time remaining: 1m 23s
Rendered 192/1571, time remaining: 1m 24s
Rendered 193/1571, time remaining: 1m 24s
Rendered 194/1571, time remaining: 1m 24s
Rendered 195/1571, time remaining: 1m 24s
Rendered 196/1571, time remaining: 1m 23s
Rendered 196/1571, time remaining: 1m 23s
Rendered 197/1571, time remaining: 1m 24s
Rendered 198/1571, time remaining: 1m 24s
Rendered 199/1571, time remaining: 1m 24s
Rendered 200/1571, time remaining: 1m 23s
Rendered 201/1571, time remaining: 1m 24s
Rendered 202/1571, time remaining: 1m 24s
Rendered 202/1571, time remaining: 1m 24s
Rendered 203/1571, time remaining: 1m 24s
Rendered 204/1571, time remaining: 1m 24s
Rendered 205/1571, time remaining: 1m 25s
Rendered 206/1571, time remaining: 1m 25s
Rendered 207/1571, time remaining: 1m 25s
Rendered 208/1571, time remaining: 1m 25s
Rendered 209/1571, time remaining: 1m 25s
Rendered 210/1571, time remaining: 1m 25s
Rendered 210/1571, time remaining: 1m 25s
Rendered 211/1571, time remaining: 1m 25s
Rendered 212/1571, time remaining: 1m 25s
Rendered 213/1571, time remaining: 1m 25s
Rendered 214/1571, time remaining: 1m 25s
Rendered 215/1571, time remaining: 1m 25s
Rendered 216/1571, time remaining: 1m 25s
Rendered 217/1571, time remaining: 1m 25s
Rendered 218/1571, time remaining: 1m 25s
Rendered 218/1571, time remaining: 1m 25s
Rendered 219/1571, time remaining: 1m 25s
Rendered 220/1571, time remaining: 1m 26s
Rendered 221/1571, time remaining: 1m 25s
Rendered 222/1571, time remaining: 1m 26s
Rendered 223/1571, time remaining: 1m 25s
Rendered 224/1571, time remaining: 1m 26s
Rendered 224/1571, time remaining: 1m 26s
Rendered 225/1571, time remaining: 1m 25s
Rendered 226/1571, time remaining: 1m 26s
Rendered 227/1571, time remaining: 1m 26s
Rendered 228/1571, time remaining: 1m 27s
Rendered 229/1571, time remaining: 1m 27s
Rendered 229/1571, time remaining: 1m 27s
Rendered 230/1571, time remaining: 1m 28s
Rendered 231/1571, time remaining: 1m 28s
Rendered 232/1571, time remaining: 1m 28s
Rendered 233/1571, time remaining: 1m 28s
Rendered 234/1571, time remaining: 1m 29s
Rendered 234/1571, time remaining: 1m 29s
Rendered 235/1571, time remaining: 1m 29s
Rendered 236/1571, time remaining: 1m 28s
Rendered 237/1571, time remaining: 1m 29s
Rendered 238/1571, time remaining: 1m 28s
Rendered 239/1571, time remaining: 1m 29s
Rendered 240/1571, time remaining: 1m 28s
Rendered 241/1571, time remaining: 1m 29s
Rendered 241/1571, time remaining: 1m 29s
Rendered 242/1571, time remaining: 1m 29s
Rendered 243/1571, time remaining: 1m 28s
Rendered 244/1571, time remaining: 1m 29s
Rendered 245/1571, time remaining: 1m 28s
Rendered 246/1571, time remaining: 1m 29s
Rendered 247/1571, time remaining: 1m 28s
Rendered 248/1571, time remaining: 1m 29s
Rendered 249/1571, time remaining: 1m 28s
Rendered 249/1571, time remaining: 1m 28s
Rendered 250/1571, time remaining: 1m 29s
Rendered 251/1571, time remaining: 1m 28s
Rendered 252/1571, time remaining: 1m 29s
Rendered 253/1571, time remaining: 1m 28s
Rendered 254/1571, time remaining: 1m 29s
Rendered 255/1571, time remaining: 1m 28s
Rendered 256/1571, time remaining: 1m 29s
Rendered 257/1571, time remaining: 1m 29s
Rendered 257/1571, time remaining: 1m 29s
Rendered 258/1571, time remaining: 1m 29s
Rendered 259/1571, time remaining: 1m 29s
Rendered 260/1571, time remaining: 1m 29s
Rendered 261/1571, time remaining: 1m 29s
Rendered 262/1571, time remaining: 1m 29s
Rendered 263/1571, time remaining: 1m 29s
Rendered 263/1571, time remaining: 1m 29s
Rendered 264/1571, time remaining: 1m 30s
Rendered 265/1571, time remaining: 1m 29s
Rendered 266/1571, time remaining: 1m 29s
Rendered 267/1571, time remaining: 1m 29s
Rendered 268/1571, time remaining: 1m 30s
Rendered 269/1571, time remaining: 1m 30s
Rendered 270/1571, time remaining: 1m 30s
Rendered 270/1571, time remaining: 1m 30s
Rendered 271/1571, time remaining: 1m 29s
Rendered 272/1571, time remaining: 1m 30s
Rendered 273/1571, time remaining: 1m 29s
Rendered 274/1571, time remaining: 1m 30s
Rendered 275/1571, time remaining: 1m 29s
Rendered 276/1571, time remaining: 1m 29s
Rendered 277/1571, time remaining: 1m 28s
Rendered 278/1571, time remaining: 1m 29s
Rendered 279/1571, time remaining: 1m 28s
Rendered 280/1571, time remaining: 1m 28s
Rendered 280/1571, time remaining: 1m 28s
Rendered 281/1571, time remaining: 1m 28s
Rendered 282/1571, time remaining: 1m 28s
Rendered 283/1571, time remaining: 1m 27s
Rendered 284/1571, time remaining: 1m 27s
Rendered 285/1571, time remaining: 1m 27s
Rendered 286/1571, time remaining: 1m 27s
Rendered 287/1571, time remaining: 1m 27s
Rendered 288/1571, time remaining: 1m 27s
Rendered 289/1571, time remaining: 1m 26s
Rendered 290/1571, time remaining: 1m 27s
Rendered 291/1571, time remaining: 1m 26s
Rendered 291/1571, time remaining: 1m 26s
Rendered 292/1571, time remaining: 1m 26s
Rendered 293/1571, time remaining: 1m 26s
Rendered 294/1571, time remaining: 1m 26s
Rendered 295/1571, time remaining: 1m 25s
Rendered 296/1571, time remaining: 1m 26s
Rendered 297/1571, time remaining: 1m 25s
Rendered 298/1571, time remaining: 1m 26s
Rendered 299/1571, time remaining: 1m 25s
Rendered 300/1571, time remaining: 1m 25s
Rendered 301/1571, time remaining: 1m 24s
Rendered 301/1571, time remaining: 1m 24s
Rendered 302/1571, time remaining: 1m 25s
Rendered 303/1571, time remaining: 1m 24s
Rendered 304/1571, time remaining: 1m 24s
Rendered 305/1571, time remaining: 1m 24s
Rendered 306/1571, time remaining: 1m 24s
Rendered 307/1571, time remaining: 1m 23s
Rendered 308/1571, time remaining: 1m 24s
Rendered 309/1571, time remaining: 1m 23s
Rendered 310/1571, time remaining: 1m 23s
Rendered 311/1571, time remaining: 1m 22s
Rendered 311/1571, time remaining: 1m 22s
Rendered 312/1571, time remaining: 1m 23s
Rendered 313/1571, time remaining: 1m 22s
Rendered 314/1571, time remaining: 1m 22s
Rendered 315/1571, time remaining: 1m 22s
Rendered 316/1571, time remaining: 1m 22s
Rendered 317/1571, time remaining: 1m 21s
Rendered 318/1571, time remaining: 1m 21s
Rendered 319/1571, time remaining: 1m 21s
Rendered 320/1571, time remaining: 1m 21s
Rendered 321/1571, time remaining: 1m 21s
Rendered 321/1571, time remaining: 1m 21s
Rendered 322/1571, time remaining: 1m 21s
Rendered 323/1571, time remaining: 1m 20s
Rendered 324/1571, time remaining: 1m 21s
Rendered 325/1571, time remaining: 1m 20s
Rendered 326/1571, time remaining: 1m 20s
Rendered 327/1571, time remaining: 1m 20s
Rendered 328/1571, time remaining: 1m 20s
Rendered 329/1571, time remaining: 1m 19s
Rendered 330/1571, time remaining: 1m 19s
Rendered 331/1571, time remaining: 1m 19s
Rendered 331/1571, time remaining: 1m 19s
Rendered 332/1571, time remaining: 1m 19s
Rendered 333/1571, time remaining: 1m 18s
Rendered 334/1571, time remaining: 1m 18s
Rendered 335/1571, time remaining: 1m 18s
Rendered 336/1571, time remaining: 1m 18s
Rendered 337/1571, time remaining: 1m 18s
Rendered 338/1571, time remaining: 1m 18s
Rendered 339/1571, time remaining: 1m 17s
Rendered 340/1571, time remaining: 1m 17s
Rendered 341/1571, time remaining: 1m 17s
Rendered 341/1571, time remaining: 1m 17s
Rendered 342/1571, time remaining: 1m 17s
Rendered 343/1571, time remaining: 1m 17s
Rendered 344/1571, time remaining: 1m 17s
Rendered 345/1571, time remaining: 1m 17s
Rendered 346/1571, time remaining: 1m 17s
Rendered 347/1571, time remaining: 1m 16s
Rendered 348/1571, time remaining: 1m 16s
Rendered 349/1571, time remaining: 1m 15s
Rendered 350/1571, time remaining: 1m 16s
Rendered 351/1571, time remaining: 1m 15s
Rendered 351/1571, time remaining: 1m 15s
Rendered 352/1571, time remaining: 1m 15s
Rendered 353/1571, time remaining: 1m 14s
Rendered 354/1571, time remaining: 1m 14s
Rendered 355/1571, time remaining: 1m 13s
Rendered 356/1571, time remaining: 1m 13s
Rendered 357/1571, time remaining: 1m 13s
Rendered 358/1571, time remaining: 1m 13s
Rendered 359/1571, time remaining: 1m 13s
Rendered 360/1571, time remaining: 1m 13s
Rendered 361/1571, time remaining: 1m 12s
Rendered 362/1571, time remaining: 1m 12s
Rendered 362/1571, time remaining: 1m 12s
Rendered 363/1571, time remaining: 1m 12s
Rendered 364/1571, time remaining: 1m 12s
Rendered 365/1571, time remaining: 1m 11s
Rendered 366/1571, time remaining: 1m 11s
Rendered 367/1571, time remaining: 1m 11s
Rendered 368/1571, time remaining: 1m 11s
Rendered 369/1571, time remaining: 1m 10s
Rendered 370/1571, time remaining: 1m 10s
Rendered 371/1571, time remaining: 1m 10s
Rendered 372/1571, time remaining: 1m 10s
Rendered 372/1571, time remaining: 1m 10s
Rendered 373/1571, time remaining: 1m 10s
Rendered 374/1571, time remaining: 1m 9s
Rendered 375/1571, time remaining: 1m 9s
Rendered 376/1571, time remaining: 1m 8s
Rendered 377/1571, time remaining: 1m 7s
Rendered 378/1571, time remaining: 1m 7s
Rendered 379/1571, time remaining: 1m 7s
Rendered 380/1571, time remaining: 1m 6s
Rendered 381/1571, time remaining: 1m 5s
Rendered 382/1571, time remaining: 1m 5s
Rendered 382/1571, time remaining: 1m 5s
Rendered 383/1571, time remaining: 1m 5s
Rendered 384/1571, time remaining: 1m 5s
Rendered 385/1571, time remaining: 1m 4s
Rendered 386/1571, time remaining: 1m 5s
Rendered 387/1571, time remaining: 1m 4s
Rendered 388/1571, time remaining: 1m 4s
Rendered 389/1571, time remaining: 1m 3s
Rendered 390/1571, time remaining: 1m 3s
Rendered 391/1571, time remaining: 1m 3s
Rendered 392/1571, time remaining: 1m 3s
Rendered 392/1571, time remaining: 1m 3s
Rendered 393/1571, time remaining: 1m 3s
Rendered 394/1571, time remaining: 1m 2s
Rendered 395/1571, time remaining: 1m 2s
Rendered 396/1571, time remaining: 1m 2s
Rendered 397/1571, time remaining: 1m 2s
Rendered 398/1571, time remaining: 1m 1s
Rendered 399/1571, time remaining: 1m 2s
Rendered 400/1571, time remaining: 1m 1s
Rendered 401/1571, time remaining: 1m 2s
Rendered 402/1571, time remaining: 1m 1s
Rendered 402/1571, time remaining: 1m 1s
Rendered 403/1571, time remaining: 1m 1s
Rendered 404/1571, time remaining: 1m 1s
Rendered 405/1571, time remaining: 1m 1s
Rendered 406/1571, time remaining: 1m 0s
Rendered 407/1571, time remaining: 1m 1s
Rendered 408/1571, time remaining: 1m 0s
Rendered 409/1571, time remaining: 1m 0s
Rendered 410/1571, time remaining: 59s
Rendered 411/1571, time remaining: 59s
Rendered 412/1571, time remaining: 59s
Rendered 412/1571, time remaining: 59s
Rendered 413/1571, time remaining: 59s
Rendered 414/1571, time remaining: 58s
Rendered 415/1571, time remaining: 58s
Rendered 416/1571, time remaining: 58s
Rendered 417/1571, time remaining: 58s
Rendered 418/1571, time remaining: 57s
Rendered 419/1571, time remaining: 57s
Rendered 420/1571, time remaining: 57s
Rendered 421/1571, time remaining: 57s
Rendered 422/1571, time remaining: 57s
Rendered 422/1571, time remaining: 57s
Rendered 423/1571, time remaining: 57s
Rendered 424/1571, time remaining: 57s
Rendered 425/1571, time remaining: 57s
Rendered 426/1571, time remaining: 57s
Rendered 427/1571, time remaining: 57s
Rendered 428/1571, time remaining: 57s
Rendered 429/1571, time remaining: 57s
Rendered 430/1571, time remaining: 57s
Rendered 431/1571, time remaining: 57s
Rendered 431/1571, time remaining: 57s
Rendered 432/1571, time remaining: 57s
Rendered 433/1571, time remaining: 57s
Rendered 434/1571, time remaining: 57s
Rendered 435/1571, time remaining: 57s
Rendered 436/1571, time remaining: 57s
Rendered 437/1571, time remaining: 57s
Rendered 438/1571, time remaining: 57s
Rendered 439/1571, time remaining: 57s
Rendered 440/1571, time remaining: 56s
Rendered 441/1571, time remaining: 56s
Rendered 441/1571, time remaining: 56s
Rendered 442/1571, time remaining: 56s
Rendered 443/1571, time remaining: 56s
Rendered 444/1571, time remaining: 56s
Rendered 445/1571, time remaining: 56s
Rendered 446/1571, time remaining: 56s
Rendered 447/1571, time remaining: 56s
Rendered 448/1571, time remaining: 56s
Rendered 449/1571, time remaining: 56s
Rendered 450/1571, time remaining: 56s
Rendered 451/1571, time remaining: 56s
Rendered 452/1571, time remaining: 56s
Rendered 452/1571, time remaining: 56s
Rendered 453/1571, time remaining: 56s
Rendered 454/1571, time remaining: 56s
Rendered 455/1571, time remaining: 56s
Rendered 456/1571, time remaining: 55s
Rendered 457/1571, time remaining: 55s
Rendered 458/1571, time remaining: 55s
Rendered 459/1571, time remaining: 55s
Rendered 460/1571, time remaining: 55s
Rendered 461/1571, time remaining: 55s
Rendered 462/1571, time remaining: 55s
Rendered 463/1571, time remaining: 55s
Rendered 463/1571, time remaining: 55s
Rendered 464/1571, time remaining: 55s
Rendered 465/1571, time remaining: 54s
Rendered 466/1571, time remaining: 55s
Rendered 467/1571, time remaining: 54s
Rendered 468/1571, time remaining: 54s
Rendered 469/1571, time remaining: 54s
Rendered 470/1571, time remaining: 54s
Rendered 471/1571, time remaining: 54s
Rendered 472/1571, time remaining: 54s
Rendered 473/1571, time remaining: 54s
Rendered 473/1571, time remaining: 54s
Rendered 474/1571, time remaining: 54s
Rendered 475/1571, time remaining: 54s
Rendered 476/1571, time remaining: 54s
Rendered 477/1571, time remaining: 54s
Rendered 478/1571, time remaining: 54s
Rendered 479/1571, time remaining: 54s
Rendered 480/1571, time remaining: 54s
Rendered 481/1571, time remaining: 54s
Rendered 482/1571, time remaining: 53s
Rendered 483/1571, time remaining: 53s
Rendered 484/1571, time remaining: 53s
Rendered 485/1571, time remaining: 53s
Rendered 485/1571, time remaining: 53s
Rendered 486/1571, time remaining: 53s
Rendered 487/1571, time remaining: 53s
Rendered 488/1571, time remaining: 53s
Rendered 489/1571, time remaining: 53s
Rendered 490/1571, time remaining: 53s
Rendered 491/1571, time remaining: 53s
Rendered 492/1571, time remaining: 52s
Rendered 493/1571, time remaining: 52s
Rendered 494/1571, time remaining: 53s
Rendered 495/1571, time remaining: 52s
Rendered 495/1571, time remaining: 52s
Rendered 496/1571, time remaining: 53s
Rendered 497/1571, time remaining: 52s
Rendered 498/1571, time remaining: 52s
Rendered 499/1571, time remaining: 52s
Rendered 500/1571, time remaining: 52s
Rendered 501/1571, time remaining: 52s
Rendered 502/1571, time remaining: 52s
Rendered 503/1571, time remaining: 52s
Rendered 504/1571, time remaining: 52s
Rendered 505/1571, time remaining: 52s
Rendered 505/1571, time remaining: 52s
Rendered 506/1571, time remaining: 52s
Rendered 507/1571, time remaining: 52s
Rendered 508/1571, time remaining: 52s
Rendered 509/1571, time remaining: 52s
Rendered 510/1571, time remaining: 52s
Rendered 511/1571, time remaining: 51s
Rendered 512/1571, time remaining: 52s
Rendered 513/1571, time remaining: 52s
Rendered 514/1571, time remaining: 52s
Rendered 515/1571, time remaining: 51s
Rendered 515/1571, time remaining: 51s
Rendered 516/1571, time remaining: 52s
Rendered 517/1571, time remaining: 51s
Rendered 518/1571, time remaining: 51s
Rendered 519/1571, time remaining: 51s
Rendered 520/1571, time remaining: 51s
Rendered 521/1571, time remaining: 51s
Rendered 522/1571, time remaining: 51s
Rendered 523/1571, time remaining: 51s
Rendered 524/1571, time remaining: 51s
Rendered 525/1571, time remaining: 51s
Rendered 526/1571, time remaining: 51s
Rendered 526/1571, time remaining: 51s
Rendered 527/1571, time remaining: 51s
Rendered 528/1571, time remaining: 51s
Rendered 529/1571, time remaining: 50s
Rendered 530/1571, time remaining: 50s
Rendered 531/1571, time remaining: 50s
Rendered 532/1571, time remaining: 50s
Rendered 533/1571, time remaining: 50s
Rendered 534/1571, time remaining: 50s
Rendered 535/1571, time remaining: 50s
Rendered 536/1571, time remaining: 50s
Rendered 537/1571, time remaining: 50s
Rendered 537/1571, time remaining: 50s
Rendered 538/1571, time remaining: 50s
Rendered 539/1571, time remaining: 50s
Rendered 540/1571, time remaining: 50s
Rendered 541/1571, time remaining: 50s
Rendered 542/1571, time remaining: 50s
Rendered 543/1571, time remaining: 49s
Rendered 544/1571, time remaining: 50s
Rendered 545/1571, time remaining: 49s
Rendered 546/1571, time remaining: 50s
Rendered 547/1571, time remaining: 49s
Rendered 547/1571, time remaining: 49s
Rendered 548/1571, time remaining: 49s
Rendered 549/1571, time remaining: 49s
Rendered 550/1571, time remaining: 49s
Rendered 551/1571, time remaining: 49s
Rendered 552/1571, time remaining: 49s
Rendered 553/1571, time remaining: 49s
Rendered 554/1571, time remaining: 49s
Rendered 555/1571, time remaining: 49s
Rendered 556/1571, time remaining: 48s
Rendered 557/1571, time remaining: 48s
Rendered 558/1571, time remaining: 48s
Rendered 559/1571, time remaining: 48s
Rendered 560/1571, time remaining: 48s
Rendered 561/1571, time remaining: 47s
Rendered 562/1571, time remaining: 47s
Rendered 563/1571, time remaining: 47s
Rendered 563/1571, time remaining: 47s
Rendered 564/1571, time remaining: 47s
Rendered 565/1571, time remaining: 46s
Rendered 566/1571, time remaining: 46s
Rendered 567/1571, time remaining: 46s
Rendered 568/1571, time remaining: 46s
Rendered 569/1571, time remaining: 45s
Rendered 570/1571, time remaining: 45s
Rendered 571/1571, time remaining: 45s
Rendered 572/1571, time remaining: 45s
Rendered 573/1571, time remaining: 45s
Rendered 574/1571, time remaining: 44s
Rendered 575/1571, time remaining: 44s
Rendered 576/1571, time remaining: 44s
Rendered 577/1571, time remaining: 43s
Rendered 578/1571, time remaining: 43s
Rendered 579/1571, time remaining: 43s
Rendered 580/1571, time remaining: 42s
Rendered 581/1571, time remaining: 42s
Rendered 582/1571, time remaining: 42s
Rendered 583/1571, time remaining: 42s
Rendered 583/1571, time remaining: 42s
Rendered 584/1571, time remaining: 42s
Rendered 585/1571, time remaining: 42s
Rendered 586/1571, time remaining: 41s
Rendered 587/1571, time remaining: 42s
Rendered 588/1571, time remaining: 41s
Rendered 589/1571, time remaining: 41s
Rendered 590/1571, time remaining: 41s
Rendered 591/1571, time remaining: 41s
Rendered 592/1571, time remaining: 40s
Rendered 593/1571, time remaining: 40s
Rendered 594/1571, time remaining: 40s
Rendered 595/1571, time remaining: 40s
Rendered 596/1571, time remaining: 40s
Rendered 597/1571, time remaining: 39s
Rendered 598/1571, time remaining: 39s
Rendered 599/1571, time remaining: 39s
Rendered 600/1571, time remaining: 39s
Rendered 601/1571, time remaining: 39s
Rendered 602/1571, time remaining: 38s
Rendered 602/1571, time remaining: 38s
Rendered 603/1571, time remaining: 38s
Rendered 604/1571, time remaining: 38s
Rendered 605/1571, time remaining: 38s
Rendered 606/1571, time remaining: 38s
Rendered 607/1571, time remaining: 38s
Rendered 608/1571, time remaining: 37s
Rendered 609/1571, time remaining: 37s
Rendered 610/1571, time remaining: 37s
Rendered 611/1571, time remaining: 37s
Rendered 612/1571, time remaining: 37s
Rendered 613/1571, time remaining: 37s
Rendered 614/1571, time remaining: 36s
Rendered 615/1571, time remaining: 36s
Rendered 616/1571, time remaining: 36s
Rendered 617/1571, time remaining: 36s
Rendered 618/1571, time remaining: 36s
Rendered 619/1571, time remaining: 36s
Rendered 620/1571, time remaining: 35s
Rendered 621/1571, time remaining: 35s
Rendered 622/1571, time remaining: 35s
Rendered 623/1571, time remaining: 35s
Rendered 623/1571, time remaining: 35s
Rendered 624/1571, time remaining: 34s
Rendered 625/1571, time remaining: 34s
Rendered 626/1571, time remaining: 34s
Rendered 627/1571, time remaining: 34s
Rendered 628/1571, time remaining: 34s
Rendered 629/1571, time remaining: 34s
Rendered 630/1571, time remaining: 34s
Rendered 631/1571, time remaining: 34s
Rendered 632/1571, time remaining: 33s
Rendered 633/1571, time remaining: 33s
Rendered 634/1571, time remaining: 33s
Rendered 635/1571, time remaining: 33s
Rendered 636/1571, time remaining: 33s
Rendered 637/1571, time remaining: 33s
Rendered 638/1571, time remaining: 32s
Rendered 639/1571, time remaining: 32s
Rendered 640/1571, time remaining: 32s
Rendered 641/1571, time remaining: 32s
Rendered 642/1571, time remaining: 31s
Rendered 643/1571, time remaining: 31s
Rendered 643/1571, time remaining: 31s
Rendered 644/1571, time remaining: 31s
Rendered 645/1571, time remaining: 31s
Rendered 646/1571, time remaining: 30s
Rendered 647/1571, time remaining: 31s
Rendered 648/1571, time remaining: 30s
Rendered 649/1571, time remaining: 30s
Rendered 650/1571, time remaining: 30s
Rendered 651/1571, time remaining: 30s
Rendered 652/1571, time remaining: 30s
Rendered 653/1571, time remaining: 30s
Rendered 654/1571, time remaining: 29s
Rendered 655/1571, time remaining: 29s
Rendered 656/1571, time remaining: 29s
Rendered 657/1571, time remaining: 29s
Rendered 658/1571, time remaining: 29s
Rendered 659/1571, time remaining: 29s
Rendered 660/1571, time remaining: 29s
Rendered 661/1571, time remaining: 28s
Rendered 661/1571, time remaining: 28s
Rendered 662/1571, time remaining: 28s
Rendered 663/1571, time remaining: 28s
Rendered 664/1571, time remaining: 28s
Rendered 665/1571, time remaining: 28s
Rendered 666/1571, time remaining: 27s
Rendered 667/1571, time remaining: 27s
Rendered 668/1571, time remaining: 27s
Rendered 669/1571, time remaining: 27s
Rendered 670/1571, time remaining: 26s
Rendered 671/1571, time remaining: 27s
Rendered 672/1571, time remaining: 26s
Rendered 673/1571, time remaining: 26s
Rendered 674/1571, time remaining: 26s
Rendered 675/1571, time remaining: 26s
Rendered 676/1571, time remaining: 26s
Rendered 677/1571, time remaining: 26s
Rendered 678/1571, time remaining: 25s
Rendered 679/1571, time remaining: 25s
Rendered 680/1571, time remaining: 25s
Rendered 681/1571, time remaining: 25s
Rendered 681/1571, time remaining: 25s
Rendered 682/1571, time remaining: 25s
Rendered 683/1571, time remaining: 25s
Rendered 684/1571, time remaining: 24s
Rendered 685/1571, time remaining: 24s
Rendered 686/1571, time remaining: 24s
Rendered 687/1571, time remaining: 24s
Rendered 688/1571, time remaining: 24s
Rendered 689/1571, time remaining: 24s
Rendered 690/1571, time remaining: 23s
Rendered 691/1571, time remaining: 23s
Rendered 692/1571, time remaining: 23s
Rendered 693/1571, time remaining: 23s
Rendered 694/1571, time remaining: 23s
Rendered 695/1571, time remaining: 23s
Rendered 696/1571, time remaining: 22s
Rendered 697/1571, time remaining: 22s
Rendered 698/1571, time remaining: 22s
Rendered 699/1571, time remaining: 22s
Rendered 700/1571, time remaining: 22s
Rendered 701/1571, time remaining: 22s
Rendered 702/1571, time remaining: 22s
Rendered 703/1571, time remaining: 21s
Rendered 703/1571, time remaining: 21s
Rendered 704/1571, time remaining: 21s
Rendered 705/1571, time remaining: 21s
Rendered 706/1571, time remaining: 21s
Rendered 707/1571, time remaining: 21s
Rendered 708/1571, time remaining: 21s
Rendered 709/1571, time remaining: 21s
Rendered 710/1571, time remaining: 21s
Rendered 711/1571, time remaining: 21s
Rendered 712/1571, time remaining: 21s
Rendered 713/1571, time remaining: 21s
Rendered 714/1571, time remaining: 21s
Rendered 715/1571, time remaining: 21s
Rendered 716/1571, time remaining: 21s
Rendered 717/1571, time remaining: 21s
Rendered 718/1571, time remaining: 21s
Rendered 719/1571, time remaining: 21s
Rendered 720/1571, time remaining: 21s
Rendered 721/1571, time remaining: 21s
Rendered 722/1571, time remaining: 21s
Rendered 722/1571, time remaining: 21s
Rendered 723/1571, time remaining: 21s
Rendered 724/1571, time remaining: 21s
Rendered 725/1571, time remaining: 21s
Rendered 726/1571, time remaining: 21s
Rendered 727/1571, time remaining: 21s
Rendered 728/1571, time remaining: 21s
Rendered 729/1571, time remaining: 21s
Rendered 730/1571, time remaining: 21s
Rendered 731/1571, time remaining: 21s
Rendered 732/1571, time remaining: 21s
Rendered 733/1571, time remaining: 21s
Rendered 734/1571, time remaining: 21s
Rendered 735/1571, time remaining: 21s
Rendered 736/1571, time remaining: 21s
Rendered 737/1571, time remaining: 21s
Rendered 738/1571, time remaining: 21s
Rendered 739/1571, time remaining: 21s
Rendered 739/1571, time remaining: 21s
Rendered 740/1571, time remaining: 21s
Rendered 741/1571, time remaining: 21s
Rendered 742/1571, time remaining: 21s
Rendered 743/1571, time remaining: 21s
Rendered 744/1571, time remaining: 21s
Rendered 745/1571, time remaining: 21s
Rendered 746/1571, time remaining: 21s
Rendered 747/1571, time remaining: 21s
Rendered 748/1571, time remaining: 21s
Rendered 749/1571, time remaining: 21s
Rendered 750/1571, time remaining: 21s
Rendered 751/1571, time remaining: 21s
Rendered 752/1571, time remaining: 21s
Rendered 753/1571, time remaining: 21s
Rendered 754/1571, time remaining: 21s
Rendered 755/1571, time remaining: 21s
Rendered 756/1571, time remaining: 21s
Rendered 757/1571, time remaining: 21s
Rendered 757/1571, time remaining: 21s
Rendered 758/1571, time remaining: 21s
Rendered 759/1571, time remaining: 21s
Rendered 760/1571, time remaining: 21s
Rendered 761/1571, time remaining: 21s
Rendered 762/1571, time remaining: 21s
Rendered 763/1571, time remaining: 21s
Rendered 764/1571, time remaining: 21s
Rendered 765/1571, time remaining: 21s
Rendered 766/1571, time remaining: 21s
Rendered 767/1571, time remaining: 20s
Rendered 768/1571, time remaining: 20s
Rendered 769/1571, time remaining: 20s
Rendered 770/1571, time remaining: 20s
Rendered 771/1571, time remaining: 20s
Rendered 772/1571, time remaining: 20s
Rendered 773/1571, time remaining: 20s
Rendered 774/1571, time remaining: 20s
Rendered 775/1571, time remaining: 20s
Rendered 776/1571, time remaining: 20s
Rendered 777/1571, time remaining: 20s
Rendered 778/1571, time remaining: 20s
Rendered 778/1571, time remaining: 20s
Rendered 779/1571, time remaining: 20s
Rendered 780/1571, time remaining: 20s
Rendered 781/1571, time remaining: 20s
Rendered 782/1571, time remaining: 20s
Rendered 783/1571, time remaining: 20s
Rendered 784/1571, time remaining: 20s
Rendered 785/1571, time remaining: 20s
Rendered 786/1571, time remaining: 20s
Rendered 787/1571, time remaining: 20s
Rendered 788/1571, time remaining: 20s
Rendered 789/1571, time remaining: 20s
Rendered 790/1571, time remaining: 20s
Rendered 791/1571, time remaining: 20s
Rendered 792/1571, time remaining: 20s
Rendered 793/1571, time remaining: 20s
Rendered 794/1571, time remaining: 20s
Rendered 795/1571, time remaining: 20s
Rendered 796/1571, time remaining: 20s
Rendered 797/1571, time remaining: 20s
Rendered 798/1571, time remaining: 20s
Rendered 798/1571, time remaining: 20s
Rendered 799/1571, time remaining: 20s
Rendered 800/1571, time remaining: 19s
Rendered 801/1571, time remaining: 19s
Rendered 802/1571, time remaining: 19s
Rendered 803/1571, time remaining: 19s
Rendered 804/1571, time remaining: 19s
Rendered 805/1571, time remaining: 19s
Rendered 806/1571, time remaining: 19s
Rendered 807/1571, time remaining: 19s
Rendered 808/1571, time remaining: 19s
Rendered 809/1571, time remaining: 19s
Rendered 810/1571, time remaining: 19s
Rendered 811/1571, time remaining: 19s
Rendered 812/1571, time remaining: 19s
Rendered 813/1571, time remaining: 19s
Rendered 814/1571, time remaining: 19s
Rendered 815/1571, time remaining: 19s
Rendered 816/1571, time remaining: 19s
Rendered 817/1571, time remaining: 19s
Rendered 818/1571, time remaining: 19s
Rendered 818/1571, time remaining: 19s
Rendered 819/1571, time remaining: 19s
Rendered 820/1571, time remaining: 19s
Rendered 821/1571, time remaining: 19s
Rendered 822/1571, time remaining: 19s
Rendered 823/1571, time remaining: 19s
Rendered 824/1571, time remaining: 19s
Rendered 825/1571, time remaining: 19s
Rendered 826/1571, time remaining: 19s
Rendered 827/1571, time remaining: 19s
Rendered 828/1571, time remaining: 19s
Rendered 829/1571, time remaining: 19s
Rendered 830/1571, time remaining: 19s
Rendered 831/1571, time remaining: 19s
Rendered 832/1571, time remaining: 18s
Rendered 833/1571, time remaining: 19s
Rendered 834/1571, time remaining: 18s
Rendered 835/1571, time remaining: 19s
Rendered 836/1571, time remaining: 18s
Rendered 837/1571, time remaining: 18s
Rendered 838/1571, time remaining: 18s
Rendered 838/1571, time remaining: 18s
Rendered 839/1571, time remaining: 18s
Rendered 840/1571, time remaining: 18s
Rendered 841/1571, time remaining: 18s
Rendered 842/1571, time remaining: 18s
Rendered 843/1571, time remaining: 18s
Rendered 844/1571, time remaining: 18s
Rendered 845/1571, time remaining: 18s
Rendered 846/1571, time remaining: 18s
Rendered 847/1571, time remaining: 18s
Rendered 848/1571, time remaining: 18s
Rendered 849/1571, time remaining: 18s
Rendered 850/1571, time remaining: 18s
Rendered 851/1571, time remaining: 18s
Rendered 852/1571, time remaining: 18s
Rendered 853/1571, time remaining: 18s
Rendered 854/1571, time remaining: 18s
Rendered 855/1571, time remaining: 18s
Rendered 856/1571, time remaining: 18s
Rendered 857/1571, time remaining: 18s
Rendered 858/1571, time remaining: 18s
Rendered 859/1571, time remaining: 18s
Rendered 860/1571, time remaining: 18s
Rendered 860/1571, time remaining: 18s
Rendered 861/1571, time remaining: 18s
Rendered 862/1571, time remaining: 18s
Rendered 863/1571, time remaining: 18s
Rendered 864/1571, time remaining: 18s
Rendered 865/1571, time remaining: 18s
Rendered 866/1571, time remaining: 18s
Rendered 867/1571, time remaining: 18s
Rendered 868/1571, time remaining: 17s
Rendered 869/1571, time remaining: 18s
Rendered 870/1571, time remaining: 17s
Rendered 871/1571, time remaining: 17s
Rendered 872/1571, time remaining: 17s
Rendered 873/1571, time remaining: 17s
Rendered 874/1571, time remaining: 17s
Rendered 875/1571, time remaining: 17s
Rendered 876/1571, time remaining: 17s
Rendered 877/1571, time remaining: 17s
Rendered 878/1571, time remaining: 17s
Rendered 879/1571, time remaining: 17s
Rendered 880/1571, time remaining: 17s
Rendered 880/1571, time remaining: 17s
Rendered 881/1571, time remaining: 17s
Rendered 882/1571, time remaining: 17s
Rendered 883/1571, time remaining: 17s
Rendered 884/1571, time remaining: 17s
Rendered 885/1571, time remaining: 17s
Rendered 886/1571, time remaining: 17s
Rendered 887/1571, time remaining: 17s
Rendered 888/1571, time remaining: 17s
Rendered 889/1571, time remaining: 17s
Rendered 890/1571, time remaining: 16s
Rendered 891/1571, time remaining: 17s
Rendered 892/1571, time remaining: 16s
Rendered 893/1571, time remaining: 16s
Rendered 894/1571, time remaining: 16s
Rendered 895/1571, time remaining: 16s
Rendered 896/1571, time remaining: 16s
Rendered 897/1571, time remaining: 16s
Rendered 898/1571, time remaining: 16s
Rendered 899/1571, time remaining: 16s
Rendered 899/1571, time remaining: 16s
Rendered 900/1571, time remaining: 16s
Rendered 901/1571, time remaining: 16s
Rendered 902/1571, time remaining: 16s
Rendered 903/1571, time remaining: 16s
Rendered 904/1571, time remaining: 16s
Rendered 905/1571, time remaining: 16s
Rendered 906/1571, time remaining: 16s
Rendered 907/1571, time remaining: 16s
Rendered 908/1571, time remaining: 16s
Rendered 909/1571, time remaining: 16s
Rendered 910/1571, time remaining: 16s
Rendered 911/1571, time remaining: 16s
Rendered 912/1571, time remaining: 16s
Rendered 913/1571, time remaining: 16s
Rendered 914/1571, time remaining: 16s
Rendered 915/1571, time remaining: 16s
Rendered 916/1571, time remaining: 16s
Rendered 917/1571, time remaining: 16s
Rendered 918/1571, time remaining: 16s
Rendered 919/1571, time remaining: 16s
Rendered 920/1571, time remaining: 16s
Rendered 920/1571, time remaining: 16s
Rendered 921/1571, time remaining: 16s
Rendered 922/1571, time remaining: 15s
Rendered 923/1571, time remaining: 15s
Rendered 924/1571, time remaining: 15s
Rendered 925/1571, time remaining: 15s
Rendered 926/1571, time remaining: 15s
Rendered 927/1571, time remaining: 15s
Rendered 928/1571, time remaining: 15s
Rendered 929/1571, time remaining: 15s
Rendered 930/1571, time remaining: 15s
Rendered 931/1571, time remaining: 15s
Rendered 932/1571, time remaining: 15s
Rendered 933/1571, time remaining: 15s
Rendered 934/1571, time remaining: 15s
Rendered 935/1571, time remaining: 15s
Rendered 936/1571, time remaining: 15s
Rendered 937/1571, time remaining: 15s
Rendered 938/1571, time remaining: 15s
Rendered 939/1571, time remaining: 15s
Rendered 940/1571, time remaining: 15s
Rendered 941/1571, time remaining: 15s
Rendered 941/1571, time remaining: 15s
Rendered 942/1571, time remaining: 15s
Rendered 943/1571, time remaining: 15s
Rendered 944/1571, time remaining: 15s
Rendered 945/1571, time remaining: 15s
Rendered 946/1571, time remaining: 15s
Rendered 947/1571, time remaining: 15s
Rendered 948/1571, time remaining: 15s
Rendered 949/1571, time remaining: 15s
Rendered 950/1571, time remaining: 15s
Rendered 951/1571, time remaining: 15s
Rendered 952/1571, time remaining: 15s
Rendered 953/1571, time remaining: 15s
Rendered 954/1571, time remaining: 15s
Rendered 955/1571, time remaining: 15s
Rendered 956/1571, time remaining: 15s
Rendered 957/1571, time remaining: 15s
Rendered 958/1571, time remaining: 15s
Rendered 959/1571, time remaining: 15s
Rendered 960/1571, time remaining: 15s
Rendered 961/1571, time remaining: 14s
Rendered 961/1571, time remaining: 14s
Rendered 962/1571, time remaining: 14s
Rendered 963/1571, time remaining: 14s
Rendered 964/1571, time remaining: 14s
Rendered 965/1571, time remaining: 14s
Rendered 966/1571, time remaining: 14s
Rendered 967/1571, time remaining: 14s
Rendered 968/1571, time remaining: 14s
Rendered 969/1571, time remaining: 14s
Rendered 970/1571, time remaining: 14s
Rendered 971/1571, time remaining: 14s
Rendered 972/1571, time remaining: 14s
Rendered 973/1571, time remaining: 14s
Rendered 974/1571, time remaining: 14s
Rendered 975/1571, time remaining: 14s
Rendered 976/1571, time remaining: 14s
Rendered 977/1571, time remaining: 14s
Rendered 978/1571, time remaining: 14s
Rendered 979/1571, time remaining: 14s
Rendered 980/1571, time remaining: 14s
Rendered 981/1571, time remaining: 14s
Rendered 981/1571, time remaining: 14s
Rendered 982/1571, time remaining: 14s
Rendered 983/1571, time remaining: 14s
Rendered 984/1571, time remaining: 14s
Rendered 985/1571, time remaining: 14s
Rendered 986/1571, time remaining: 14s
Rendered 987/1571, time remaining: 14s
Rendered 988/1571, time remaining: 14s
Rendered 989/1571, time remaining: 14s
Rendered 990/1571, time remaining: 14s
Rendered 991/1571, time remaining: 14s
Rendered 992/1571, time remaining: 14s
Rendered 993/1571, time remaining: 14s
Rendered 994/1571, time remaining: 14s
Rendered 995/1571, time remaining: 14s
Rendered 996/1571, time remaining: 14s
Rendered 997/1571, time remaining: 14s
Rendered 998/1571, time remaining: 14s
Rendered 999/1571, time remaining: 14s
Rendered 1000/1571, time remaining: 14s
Rendered 1001/1571, time remaining: 14s
Rendered 1002/1571, time remaining: 13s
Rendered 1002/1571, time remaining: 13s
Rendered 1003/1571, time remaining: 14s
Rendered 1004/1571, time remaining: 13s
Rendered 1005/1571, time remaining: 13s
Rendered 1006/1571, time remaining: 13s
Rendered 1007/1571, time remaining: 13s
Rendered 1008/1571, time remaining: 13s
Rendered 1009/1571, time remaining: 13s
Rendered 1010/1571, time remaining: 13s
Rendered 1011/1571, time remaining: 13s
Rendered 1012/1571, time remaining: 13s
Rendered 1013/1571, time remaining: 13s
Rendered 1014/1571, time remaining: 13s
Rendered 1015/1571, time remaining: 13s
Rendered 1016/1571, time remaining: 13s
Rendered 1017/1571, time remaining: 13s
Rendered 1018/1571, time remaining: 13s
Rendered 1019/1571, time remaining: 13s
Rendered 1020/1571, time remaining: 13s
Rendered 1020/1571, time remaining: 13s
Rendered 1021/1571, time remaining: 13s
Rendered 1022/1571, time remaining: 13s
Rendered 1023/1571, time remaining: 13s
Rendered 1024/1571, time remaining: 13s
Rendered 1025/1571, time remaining: 13s
Rendered 1026/1571, time remaining: 13s
Rendered 1027/1571, time remaining: 13s
Rendered 1028/1571, time remaining: 13s
Rendered 1029/1571, time remaining: 13s
Rendered 1030/1571, time remaining: 13s
Rendered 1031/1571, time remaining: 13s
Rendered 1032/1571, time remaining: 13s
Rendered 1033/1571, time remaining: 13s
Rendered 1034/1571, time remaining: 13s
Rendered 1035/1571, time remaining: 13s
Rendered 1036/1571, time remaining: 13s
Rendered 1037/1571, time remaining: 13s
Rendered 1038/1571, time remaining: 13s
Rendered 1039/1571, time remaining: 13s
Rendered 1039/1571, time remaining: 13s
Rendered 1040/1571, time remaining: 13s
Rendered 1041/1571, time remaining: 13s
Rendered 1042/1571, time remaining: 13s
Rendered 1043/1571, time remaining: 13s
Rendered 1044/1571, time remaining: 13s
Rendered 1045/1571, time remaining: 13s
Rendered 1046/1571, time remaining: 13s
Rendered 1047/1571, time remaining: 13s
Rendered 1048/1571, time remaining: 13s
Rendered 1049/1571, time remaining: 13s
Rendered 1050/1571, time remaining: 13s
Rendered 1051/1571, time remaining: 13s
Rendered 1052/1571, time remaining: 13s
Rendered 1053/1571, time remaining: 13s
Rendered 1054/1571, time remaining: 13s
Rendered 1055/1571, time remaining: 13s
Rendered 1056/1571, time remaining: 13s
Rendered 1057/1571, time remaining: 13s
Rendered 1058/1571, time remaining: 13s
Rendered 1058/1571, time remaining: 13s
Rendered 1059/1571, time remaining: 13s
Rendered 1060/1571, time remaining: 13s
Rendered 1061/1571, time remaining: 13s
Rendered 1062/1571, time remaining: 13s
Rendered 1063/1571, time remaining: 13s
Rendered 1064/1571, time remaining: 13s
Rendered 1065/1571, time remaining: 13s
Rendered 1066/1571, time remaining: 12s
Rendered 1067/1571, time remaining: 12s
Rendered 1068/1571, time remaining: 12s
Rendered 1069/1571, time remaining: 12s
Rendered 1070/1571, time remaining: 12s
Rendered 1071/1571, time remaining: 12s
Rendered 1072/1571, time remaining: 12s
Rendered 1073/1571, time remaining: 12s
Rendered 1074/1571, time remaining: 12s
Rendered 1075/1571, time remaining: 12s
Rendered 1076/1571, time remaining: 12s
Rendered 1076/1571, time remaining: 12s
Rendered 1077/1571, time remaining: 12s
Rendered 1078/1571, time remaining: 12s
Rendered 1079/1571, time remaining: 12s
Rendered 1080/1571, time remaining: 12s
Rendered 1081/1571, time remaining: 12s
Rendered 1082/1571, time remaining: 12s
Rendered 1083/1571, time remaining: 12s
Rendered 1084/1571, time remaining: 12s
Rendered 1085/1571, time remaining: 12s
Rendered 1086/1571, time remaining: 12s
Rendered 1087/1571, time remaining: 12s
Rendered 1088/1571, time remaining: 12s
Rendered 1089/1571, time remaining: 12s
Rendered 1090/1571, time remaining: 12s
Rendered 1091/1571, time remaining: 12s
Rendered 1092/1571, time remaining: 12s
Rendered 1093/1571, time remaining: 12s
Rendered 1094/1571, time remaining: 12s
Rendered 1095/1571, time remaining: 12s
Rendered 1095/1571, time remaining: 12s
Rendered 1096/1571, time remaining: 12s
Rendered 1097/1571, time remaining: 12s
Rendered 1098/1571, time remaining: 12s
Rendered 1099/1571, time remaining: 12s
Rendered 1100/1571, time remaining: 12s
Rendered 1101/1571, time remaining: 12s
Rendered 1102/1571, time remaining: 12s
Rendered 1103/1571, time remaining: 12s
Rendered 1104/1571, time remaining: 12s
Rendered 1105/1571, time remaining: 12s
Rendered 1106/1571, time remaining: 12s
Rendered 1107/1571, time remaining: 12s
Rendered 1108/1571, time remaining: 12s
Rendered 1109/1571, time remaining: 12s
Rendered 1110/1571, time remaining: 12s
Rendered 1111/1571, time remaining: 12s
Rendered 1112/1571, time remaining: 12s
Rendered 1113/1571, time remaining: 12s
Rendered 1114/1571, time remaining: 12s
Rendered 1114/1571, time remaining: 12s
Rendered 1115/1571, time remaining: 12s
Rendered 1116/1571, time remaining: 11s
Rendered 1117/1571, time remaining: 11s
Rendered 1118/1571, time remaining: 11s
Rendered 1119/1571, time remaining: 11s
Rendered 1120/1571, time remaining: 11s
Rendered 1121/1571, time remaining: 11s
Rendered 1122/1571, time remaining: 11s
Rendered 1123/1571, time remaining: 11s
Rendered 1124/1571, time remaining: 11s
Rendered 1125/1571, time remaining: 11s
Rendered 1126/1571, time remaining: 11s
Rendered 1127/1571, time remaining: 11s
Rendered 1128/1571, time remaining: 11s
Rendered 1129/1571, time remaining: 11s
Rendered 1130/1571, time remaining: 11s
Rendered 1131/1571, time remaining: 11s
Rendered 1132/1571, time remaining: 11s
Rendered 1133/1571, time remaining: 11s
Rendered 1134/1571, time remaining: 11s
Rendered 1134/1571, time remaining: 11s
Rendered 1135/1571, time remaining: 11s
Rendered 1136/1571, time remaining: 11s
Rendered 1137/1571, time remaining: 11s
Rendered 1138/1571, time remaining: 11s
Rendered 1139/1571, time remaining: 11s
Rendered 1140/1571, time remaining: 11s
Rendered 1141/1571, time remaining: 11s
Rendered 1142/1571, time remaining: 11s
Rendered 1143/1571, time remaining: 11s
Rendered 1144/1571, time remaining: 11s
Rendered 1145/1571, time remaining: 11s
Rendered 1146/1571, time remaining: 11s
Rendered 1147/1571, time remaining: 11s
Rendered 1148/1571, time remaining: 11s
Rendered 1149/1571, time remaining: 11s
Rendered 1150/1571, time remaining: 11s
Rendered 1151/1571, time remaining: 11s
Rendered 1152/1571, time remaining: 11s
Rendered 1153/1571, time remaining: 11s
Rendered 1153/1571, time remaining: 11s
Rendered 1154/1571, time remaining: 11s
Rendered 1155/1571, time remaining: 11s
Rendered 1156/1571, time remaining: 11s
Rendered 1157/1571, time remaining: 11s
Rendered 1158/1571, time remaining: 11s
Rendered 1159/1571, time remaining: 10s
Rendered 1160/1571, time remaining: 10s
Rendered 1161/1571, time remaining: 10s
Rendered 1162/1571, time remaining: 10s
Rendered 1163/1571, time remaining: 10s
Rendered 1164/1571, time remaining: 10s
Rendered 1165/1571, time remaining: 10s
Rendered 1166/1571, time remaining: 10s
Rendered 1167/1571, time remaining: 10s
Rendered 1168/1571, time remaining: 10s
Rendered 1169/1571, time remaining: 10s
Rendered 1170/1571, time remaining: 10s
Rendered 1171/1571, time remaining: 10s
Rendered 1172/1571, time remaining: 10s
Rendered 1173/1571, time remaining: 10s
Rendered 1174/1571, time remaining: 10s
Rendered 1174/1571, time remaining: 10s
Rendered 1175/1571, time remaining: 10s
Rendered 1176/1571, time remaining: 10s
Rendered 1177/1571, time remaining: 10s
Rendered 1178/1571, time remaining: 10s
Rendered 1179/1571, time remaining: 10s
Rendered 1180/1571, time remaining: 10s
Rendered 1181/1571, time remaining: 10s
Rendered 1182/1571, time remaining: 10s
Rendered 1183/1571, time remaining: 10s
Rendered 1184/1571, time remaining: 10s
Rendered 1185/1571, time remaining: 10s
Rendered 1186/1571, time remaining: 10s
Rendered 1187/1571, time remaining: 10s
Rendered 1188/1571, time remaining: 9s
Rendered 1189/1571, time remaining: 9s
Rendered 1190/1571, time remaining: 9s
Rendered 1191/1571, time remaining: 9s
Rendered 1192/1571, time remaining: 9s
Rendered 1193/1571, time remaining: 9s
Rendered 1193/1571, time remaining: 9s
Rendered 1194/1571, time remaining: 9s
Rendered 1195/1571, time remaining: 9s
Rendered 1196/1571, time remaining: 9s
Rendered 1197/1571, time remaining: 9s
Rendered 1198/1571, time remaining: 9s
Rendered 1199/1571, time remaining: 9s
Rendered 1200/1571, time remaining: 9s
Rendered 1201/1571, time remaining: 9s
Rendered 1202/1571, time remaining: 9s
Rendered 1203/1571, time remaining: 9s
Rendered 1204/1571, time remaining: 9s
Rendered 1205/1571, time remaining: 9s
Rendered 1206/1571, time remaining: 9s
Rendered 1207/1571, time remaining: 9s
Rendered 1208/1571, time remaining: 9s
Rendered 1209/1571, time remaining: 9s
Rendered 1210/1571, time remaining: 9s
Rendered 1211/1571, time remaining: 9s
Rendered 1212/1571, time remaining: 9s
Rendered 1213/1571, time remaining: 9s
Rendered 1213/1571, time remaining: 9s
Rendered 1214/1571, time remaining: 9s
Rendered 1215/1571, time remaining: 9s
Rendered 1216/1571, time remaining: 9s
Rendered 1217/1571, time remaining: 9s
Rendered 1218/1571, time remaining: 9s
Rendered 1219/1571, time remaining: 9s
Rendered 1220/1571, time remaining: 9s
Rendered 1221/1571, time remaining: 9s
Rendered 1222/1571, time remaining: 9s
Rendered 1223/1571, time remaining: 8s
Rendered 1224/1571, time remaining: 9s
Rendered 1225/1571, time remaining: 8s
Rendered 1226/1571, time remaining: 8s
Rendered 1227/1571, time remaining: 8s
Rendered 1228/1571, time remaining: 8s
Rendered 1229/1571, time remaining: 8s
Rendered 1230/1571, time remaining: 8s
Rendered 1231/1571, time remaining: 8s
Rendered 1231/1571, time remaining: 8s
Rendered 1232/1571, time remaining: 8s
Rendered 1233/1571, time remaining: 8s
Rendered 1234/1571, time remaining: 8s
Rendered 1235/1571, time remaining: 8s
Rendered 1236/1571, time remaining: 8s
Rendered 1237/1571, time remaining: 8s
Rendered 1238/1571, time remaining: 8s
Rendered 1239/1571, time remaining: 8s
Rendered 1240/1571, time remaining: 8s
Rendered 1241/1571, time remaining: 8s
Rendered 1242/1571, time remaining: 8s
Rendered 1243/1571, time remaining: 8s
Rendered 1244/1571, time remaining: 8s
Rendered 1245/1571, time remaining: 8s
Rendered 1246/1571, time remaining: 8s
Rendered 1247/1571, time remaining: 8s
Rendered 1248/1571, time remaining: 8s
Rendered 1249/1571, time remaining: 8s
Rendered 1250/1571, time remaining: 8s
Rendered 1250/1571, time remaining: 8s
Rendered 1251/1571, time remaining: 8s
Rendered 1252/1571, time remaining: 8s
Rendered 1253/1571, time remaining: 8s
Rendered 1254/1571, time remaining: 8s
Rendered 1255/1571, time remaining: 8s
Rendered 1256/1571, time remaining: 8s
Rendered 1257/1571, time remaining: 8s
Rendered 1258/1571, time remaining: 8s
Rendered 1259/1571, time remaining: 8s
Rendered 1260/1571, time remaining: 8s
Rendered 1261/1571, time remaining: 8s
Rendered 1262/1571, time remaining: 8s
Rendered 1263/1571, time remaining: 8s
Rendered 1264/1571, time remaining: 8s
Rendered 1265/1571, time remaining: 7s
Rendered 1266/1571, time remaining: 7s
Rendered 1267/1571, time remaining: 7s
Rendered 1268/1571, time remaining: 7s
Rendered 1268/1571, time remaining: 7s
Rendered 1269/1571, time remaining: 7s
Rendered 1270/1571, time remaining: 7s
Rendered 1271/1571, time remaining: 7s
Rendered 1272/1571, time remaining: 7s
Rendered 1273/1571, time remaining: 7s
Rendered 1274/1571, time remaining: 7s
Rendered 1275/1571, time remaining: 7s
Rendered 1276/1571, time remaining: 7s
Rendered 1277/1571, time remaining: 7s
Rendered 1278/1571, time remaining: 7s
Rendered 1279/1571, time remaining: 7s
Rendered 1280/1571, time remaining: 7s
Rendered 1281/1571, time remaining: 7s
Rendered 1282/1571, time remaining: 7s
Rendered 1283/1571, time remaining: 7s
Rendered 1284/1571, time remaining: 7s
Rendered 1285/1571, time remaining: 7s
Rendered 1286/1571, time remaining: 7s
Rendered 1287/1571, time remaining: 7s
Rendered 1287/1571, time remaining: 7s
Rendered 1288/1571, time remaining: 7s
Rendered 1289/1571, time remaining: 7s
Rendered 1290/1571, time remaining: 7s
Rendered 1291/1571, time remaining: 7s
Rendered 1292/1571, time remaining: 7s
Rendered 1293/1571, time remaining: 7s
Rendered 1294/1571, time remaining: 7s
Rendered 1295/1571, time remaining: 7s
Rendered 1296/1571, time remaining: 7s
Rendered 1297/1571, time remaining: 7s
Rendered 1298/1571, time remaining: 7s
Rendered 1299/1571, time remaining: 7s
Rendered 1300/1571, time remaining: 7s
Rendered 1301/1571, time remaining: 7s
Rendered 1302/1571, time remaining: 7s
Rendered 1303/1571, time remaining: 7s
Rendered 1304/1571, time remaining: 7s
Rendered 1305/1571, time remaining: 7s
Rendered 1306/1571, time remaining: 6s
Rendered 1306/1571, time remaining: 6s
Rendered 1307/1571, time remaining: 7s
Rendered 1308/1571, time remaining: 6s
Rendered 1309/1571, time remaining: 6s
Rendered 1310/1571, time remaining: 6s
Rendered 1311/1571, time remaining: 6s
Rendered 1312/1571, time remaining: 6s
Rendered 1313/1571, time remaining: 6s
Rendered 1314/1571, time remaining: 6s
Rendered 1315/1571, time remaining: 6s
Rendered 1316/1571, time remaining: 6s
Rendered 1317/1571, time remaining: 6s
Rendered 1318/1571, time remaining: 6s
Rendered 1319/1571, time remaining: 6s
Rendered 1320/1571, time remaining: 6s
Rendered 1321/1571, time remaining: 6s
Rendered 1322/1571, time remaining: 6s
Rendered 1323/1571, time remaining: 6s
Rendered 1323/1571, time remaining: 6s
Rendered 1324/1571, time remaining: 6s
Rendered 1325/1571, time remaining: 6s
Rendered 1326/1571, time remaining: 6s
Rendered 1327/1571, time remaining: 6s
Rendered 1328/1571, time remaining: 6s
Rendered 1329/1571, time remaining: 6s
Rendered 1330/1571, time remaining: 6s
Rendered 1331/1571, time remaining: 6s
Rendered 1332/1571, time remaining: 6s
Rendered 1333/1571, time remaining: 6s
Rendered 1334/1571, time remaining: 6s
Rendered 1335/1571, time remaining: 6s
Rendered 1336/1571, time remaining: 6s
Rendered 1337/1571, time remaining: 6s
Rendered 1338/1571, time remaining: 6s
Rendered 1339/1571, time remaining: 6s
Rendered 1340/1571, time remaining: 6s
Rendered 1341/1571, time remaining: 6s
Rendered 1342/1571, time remaining: 6s
Rendered 1342/1571, time remaining: 6s
Rendered 1343/1571, time remaining: 6s
Rendered 1344/1571, time remaining: 6s
Rendered 1345/1571, time remaining: 6s
Rendered 1346/1571, time remaining: 6s
Rendered 1347/1571, time remaining: 6s
Rendered 1348/1571, time remaining: 6s
Rendered 1349/1571, time remaining: 6s
Rendered 1350/1571, time remaining: 5s
Rendered 1351/1571, time remaining: 5s
Rendered 1352/1571, time remaining: 5s
Rendered 1353/1571, time remaining: 5s
Rendered 1354/1571, time remaining: 5s
Rendered 1355/1571, time remaining: 5s
Rendered 1356/1571, time remaining: 5s
Rendered 1357/1571, time remaining: 5s
Rendered 1358/1571, time remaining: 5s
Rendered 1359/1571, time remaining: 5s
Rendered 1360/1571, time remaining: 5s
Rendered 1361/1571, time remaining: 5s
Rendered 1361/1571, time remaining: 5s
Rendered 1362/1571, time remaining: 5s
Rendered 1363/1571, time remaining: 5s
Rendered 1364/1571, time remaining: 5s
Rendered 1365/1571, time remaining: 5s
Rendered 1366/1571, time remaining: 5s
Rendered 1367/1571, time remaining: 5s
Rendered 1368/1571, time remaining: 5s
Rendered 1369/1571, time remaining: 5s
Rendered 1370/1571, time remaining: 5s
Rendered 1371/1571, time remaining: 5s
Rendered 1372/1571, time remaining: 5s
Rendered 1373/1571, time remaining: 5s
Rendered 1374/1571, time remaining: 5s
Rendered 1375/1571, time remaining: 5s
Rendered 1376/1571, time remaining: 5s
Rendered 1377/1571, time remaining: 5s
Rendered 1378/1571, time remaining: 5s
Rendered 1379/1571, time remaining: 5s
Rendered 1380/1571, time remaining: 5s
Rendered 1380/1571, time remaining: 5s
Rendered 1381/1571, time remaining: 5s
Rendered 1382/1571, time remaining: 5s
Rendered 1383/1571, time remaining: 5s
Rendered 1384/1571, time remaining: 5s
Rendered 1385/1571, time remaining: 5s
Rendered 1386/1571, time remaining: 5s
Rendered 1387/1571, time remaining: 5s
Rendered 1388/1571, time remaining: 5s
Rendered 1389/1571, time remaining: 5s
Rendered 1390/1571, time remaining: 4s
Rendered 1391/1571, time remaining: 4s
Rendered 1392/1571, time remaining: 4s
Rendered 1393/1571, time remaining: 4s
Rendered 1394/1571, time remaining: 4s
Rendered 1395/1571, time remaining: 4s
Rendered 1396/1571, time remaining: 4s
Rendered 1396/1571, time remaining: 4s
Rendered 1397/1571, time remaining: 4s
Rendered 1398/1571, time remaining: 4s
Rendered 1399/1571, time remaining: 4s
Rendered 1400/1571, time remaining: 4s
Rendered 1401/1571, time remaining: 4s
Rendered 1402/1571, time remaining: 4s
Rendered 1403/1571, time remaining: 4s
Rendered 1404/1571, time remaining: 4s
Rendered 1405/1571, time remaining: 4s
Rendered 1406/1571, time remaining: 4s
Rendered 1407/1571, time remaining: 4s
Rendered 1408/1571, time remaining: 4s
Rendered 1409/1571, time remaining: 4s
Rendered 1410/1571, time remaining: 4s
Rendered 1411/1571, time remaining: 4s
Rendered 1412/1571, time remaining: 4s
Rendered 1413/1571, time remaining: 4s
Rendered 1414/1571, time remaining: 4s
Rendered 1414/1571, time remaining: 4s
Rendered 1415/1571, time remaining: 4s
Rendered 1416/1571, time remaining: 4s
Rendered 1417/1571, time remaining: 4s
Rendered 1418/1571, time remaining: 4s
Rendered 1419/1571, time remaining: 4s
Rendered 1420/1571, time remaining: 4s
Rendered 1421/1571, time remaining: 4s
Rendered 1422/1571, time remaining: 4s
Rendered 1423/1571, time remaining: 4s
Rendered 1424/1571, time remaining: 4s
Rendered 1425/1571, time remaining: 4s
Rendered 1426/1571, time remaining: 4s
Rendered 1427/1571, time remaining: 4s
Rendered 1428/1571, time remaining: 3s
Rendered 1429/1571, time remaining: 3s
Rendered 1430/1571, time remaining: 3s
Rendered 1431/1571, time remaining: 3s
Rendered 1431/1571, time remaining: 3s
Rendered 1432/1571, time remaining: 3s
Rendered 1433/1571, time remaining: 3s
Rendered 1434/1571, time remaining: 3s
Rendered 1435/1571, time remaining: 3s
Rendered 1436/1571, time remaining: 3s
Rendered 1437/1571, time remaining: 3s
Rendered 1438/1571, time remaining: 3s
Rendered 1439/1571, time remaining: 3s
Rendered 1440/1571, time remaining: 3s
Rendered 1441/1571, time remaining: 3s
Rendered 1442/1571, time remaining: 3s
Rendered 1443/1571, time remaining: 3s
Rendered 1444/1571, time remaining: 3s
Rendered 1445/1571, time remaining: 3s
Rendered 1446/1571, time remaining: 3s
Rendered 1447/1571, time remaining: 3s
Rendered 1448/1571, time remaining: 3s
Rendered 1448/1571, time remaining: 3s
Rendered 1449/1571, time remaining: 3s
Rendered 1450/1571, time remaining: 3s
Rendered 1451/1571, time remaining: 3s
Rendered 1452/1571, time remaining: 3s
Rendered 1453/1571, time remaining: 3s
Rendered 1454/1571, time remaining: 3s
Rendered 1455/1571, time remaining: 3s
Rendered 1456/1571, time remaining: 3s
Rendered 1457/1571, time remaining: 3s
Rendered 1458/1571, time remaining: 3s
Rendered 1459/1571, time remaining: 3s
Rendered 1460/1571, time remaining: 3s
Rendered 1461/1571, time remaining: 3s
Rendered 1462/1571, time remaining: 3s
Rendered 1463/1571, time remaining: 3s
Rendered 1464/1571, time remaining: 3s
Rendered 1465/1571, time remaining: 3s
Rendered 1466/1571, time remaining: 2s
Rendered 1466/1571, time remaining: 2s
Rendered 1467/1571, time remaining: 2s
Rendered 1468/1571, time remaining: 2s
Rendered 1469/1571, time remaining: 2s
Rendered 1470/1571, time remaining: 2s
Rendered 1471/1571, time remaining: 2s
Rendered 1472/1571, time remaining: 2s
Rendered 1473/1571, time remaining: 2s
Rendered 1474/1571, time remaining: 2s
Rendered 1475/1571, time remaining: 2s
Rendered 1476/1571, time remaining: 2s
Rendered 1477/1571, time remaining: 2s
Rendered 1478/1571, time remaining: 2s
Rendered 1479/1571, time remaining: 2s
Rendered 1480/1571, time remaining: 2s
Rendered 1481/1571, time remaining: 2s
Rendered 1482/1571, time remaining: 2s
Rendered 1483/1571, time remaining: 2s
Rendered 1484/1571, time remaining: 2s
Rendered 1484/1571, time remaining: 2s
Rendered 1485/1571, time remaining: 2s
Rendered 1486/1571, time remaining: 2s
Rendered 1487/1571, time remaining: 2s
Rendered 1488/1571, time remaining: 2s
Rendered 1489/1571, time remaining: 2s
Rendered 1490/1571, time remaining: 2s
Rendered 1491/1571, time remaining: 2s
Rendered 1492/1571, time remaining: 2s
Rendered 1493/1571, time remaining: 2s
Rendered 1494/1571, time remaining: 2s
Rendered 1495/1571, time remaining: 2s
Rendered 1496/1571, time remaining: 2s
Rendered 1497/1571, time remaining: 2s
Rendered 1498/1571, time remaining: 2s
Rendered 1499/1571, time remaining: 2s
Rendered 1500/1571, time remaining: 2s
Rendered 1501/1571, time remaining: 1s
Rendered 1502/1571, time remaining: 1s
Rendered 1502/1571, time remaining: 1s
Rendered 1503/1571, time remaining: 1s
Rendered 1504/1571, time remaining: 1s
Rendered 1505/1571, time remaining: 1s
Rendered 1506/1571, time remaining: 1s
Rendered 1507/1571, time remaining: 1s
Rendered 1508/1571, time remaining: 1s
Rendered 1509/1571, time remaining: 1s
Rendered 1510/1571, time remaining: 1s
Rendered 1511/1571, time remaining: 1s
Rendered 1512/1571, time remaining: 1s
Rendered 1513/1571, time remaining: 1s
Rendered 1514/1571, time remaining: 1s
Rendered 1515/1571, time remaining: 1s
Rendered 1516/1571, time remaining: 1s
Rendered 1517/1571, time remaining: 1s
Rendered 1518/1571, time remaining: 1s
Rendered 1519/1571, time remaining: 1s
Rendered 1520/1571, time remaining: 1s
Rendered 1520/1571, time remaining: 1s
Rendered 1521/1571, time remaining: 1s
Rendered 1522/1571, time remaining: 1s
Rendered 1523/1571, time remaining: 1s
Rendered 1524/1571, time remaining: 1s
Rendered 1525/1571, time remaining: 1s
Rendered 1526/1571, time remaining: 1s
Rendered 1527/1571, time remaining: 1s
Rendered 1528/1571, time remaining: 1s
Rendered 1529/1571, time remaining: 1s
Rendered 1530/1571, time remaining: 1s
Rendered 1531/1571, time remaining: 1s
Rendered 1532/1571, time remaining: 1s
Rendered 1533/1571, time remaining: 1s
Rendered 1534/1571, time remaining: 1s
Rendered 1535/1571, time remaining: 1s
Rendered 1536/1571, time remaining: 1s
Rendered 1537/1571, time remaining: 0s
Rendered 1538/1571, time remaining: 0s
Rendered 1538/1571, time remaining: 0s
Rendered 1539/1571, time remaining: 0s
Rendered 1540/1571, time remaining: 0s
Rendered 1541/1571, time remaining: 0s
Rendered 1542/1571, time remaining: 0s
Rendered 1543/1571, time remaining: 0s
Rendered 1544/1571, time remaining: 0s
Rendered 1545/1571, time remaining: 0s
Rendered 1546/1571, time remaining: 0s
Rendered 1547/1571, time remaining: 0s
Rendered 1548/1571, time remaining: 0s
Rendered 1549/1571, time remaining: 0s
Rendered 1550/1571, time remaining: 0s
Rendered 1551/1571, time remaining: 0s
Rendered 1552/1571, time remaining: 0s
Rendered 1553/1571, time remaining: 0s
Rendered 1554/1571, time remaining: 0s
Rendered 1555/1571, time remaining: 0s
Rendered 1556/1571, time remaining: 0s
Rendered 1556/1571, time remaining: 0s
Rendered 1557/1571, time remaining: 0s
Rendered 1558/1571, time remaining: 0s
Rendered 1559/1571, time remaining: 0s
Rendered 1560/1571, time remaining: 0s
Rendered 1561/1571, time remaining: 0s
Rendered 1562/1571, time remaining: 0s
Rendered 1563/1571, time remaining: 0s
Rendered 1564/1571, time remaining: 0s
Rendered 1565/1571, time remaining: 0s
Rendered 1566/1571, time remaining: 0s
Rendered 1567/1571, time remaining: 0s
Rendered 1568/1571, time remaining: 0s
Rendered 1569/1571, time remaining: 0s
Rendered 1570/1571, time remaining: 0s
Encoded 1187/1571
Encoded 1221/1571
Encoded 1257/1571
Encoded 1571/1571
+                    /Users/aaronguo/Work/ag/aaron-studio/src/content/videos/singing-sands-long-2026-09-08/shorts/SandVoiceShort-picture.mp4 21.9 MB
