Input #0, mov,mp4,m4a,3gp,3g2,mj2, from '/Users/aaronguo/Work/ag/aaron-studio/src/content/videos/singing-sands-long-2026-09-08/shorts/SandGripperShort.mp4':
  Metadata:
    major_brand     : isom
    minor_version   : 512
    compatible_brands: isomiso2avc1mp41
    encoder         : Lavf62.12.101
    comment         : Made with Remotion 4.0.427
  Duration: 00:00:40.73, start: 0.000000, bitrate: 565 kb/s
  Stream #0:0[0x1](und): Video: h264 (High) (avc1 / 0x31637661), yuvj420p(pc, bt470bg/unknown/unknown, progressive), 1080x1920 [SAR 1:1 DAR 9:16], 374 kb/s, 30 fps, 30 tbr, 90k tbn (default)
    Metadata:
      handler_name    : VideoHandler
      encoder         : Lavc61.19.100 libx264
    Side data:
      ICC Profile: (456 bytes)
  Stream #0:1[0x2](und): Audio: aac (LC) (mp4a / 0x6134706D), 48000 Hz, stereo, fltp, 181 kb/s (default)
    Metadata:
      handler_name    : SoundHandler
Stream mapping:
  Stream #0:1 -> #0:0 (aac (native) -> pcm_s16le (native))
Press [q] to stop, [?] for help
Output #0, null, to 'pipe:':
  Metadata:
    major_brand     : isom
    minor_version   : 512
    compatible_brands: isomiso2avc1mp41
    comment         : Made with Remotion 4.0.427
    encoder         : Lavf62.12.101
  Stream #0:0(und): Audio: pcm_s16le, 192000 Hz, stereo, s16, 6144 kb/s (default)
    Metadata:
      encoder         : Lavc62.28.101 pcm_s16le
      handler_name    : SoundHandler
size=N/A time=00:00:22.30 bitrate=N/A speed=44.2x elapsed=0:00:00.50    [Parsed_loudnorm_0 @ 0xbeb03ca80] 
{
	"input_i" : "-17.18",
	"input_tp" : "-4.44",
	"input_lra" : "5.20",
	"input_thresh" : "-27.86",
	"output_i" : "-24.13",
	"output_tp" : "-11.20",
	"output_lra" : "2.60",
	"output_thresh" : "-34.73",
	"normalization_type" : "dynamic",
	"target_offset" : "0.13"
}
[out#0/null @ 0xbeb03c300] video:0KiB audio:30560KiB subtitle:0KiB other streams:0KiB global headers:0KiB muxing overhead: unknown
size=N/A time=00:00:40.80 bitrate=N/A speed=  47x elapsed=0:00:00.86    
