Bundling 6%
Bundling 18%
Bundling 29%
Bundling 65%
Bundling 71%
Bundling 76%
Bundling 81%
Bundling 87%
Bundling 92%
Bundling 98%
Bundling 100%
Copying public dir 11.5 MB
Copying public dir 22.4 MB
Copying public dir 46.9 MB
Copying public dir 65.6 MB
Copying public dir 76.5 MB
Copying public dir 78.1 MB
Copying public dir 84.6 MB
Copying public dir 97.2 MB
Copying public dir 99.1 MB
Copying public dir 119.9 MB
Copying public dir 128.9 MB
Copying public dir 140 MB
Copying public dir 150.8 MB
Copying public dir 161.6 MB
Copying public dir 165.3 MB
Copying public dir 171.6 MB
Copying public dir 185 MB
Copying public dir 195.9 MB
Copying public dir 200.9 MB
Copying public dir 225.6 MB
Copying public dir 230.7 MB
Copying public dir 233.4 MB
Copying public dir 245.1 MB
Copying public dir 245.3 MB
Copying public dir 256.7 MB
Copying public dir 263.9 MB
Copying public dir 276.3 MB
Copying public dir 287.5 MB
Copying public dir 290.6 MB
Copying public dir 291 MB
Copying public dir 291.1 MB
Copying public dir 301.9 MB
Copying public dir 302.8 MB
Copying public dir 315.8 MB
Copying public dir 318.3 MB
Copying public dir 329.4 MB
Getting composition
Composition          SingingSandsPilot
Codec                h264
Output               /Users/aaronguo/Work/ag/aaron-studio/src/content/videos/singing-sands-pilot-2026-09-08/pilot-picture.mp4
Concurrency          4x
Rendered 0/2220
Rendered 1/2220, time remaining: 7m 32s
Rendered 2/2220, time remaining: 3m 58s
Rendered 3/2220, time remaining: 2m 44s
Rendered 4/2220, time remaining: 2m 10s
Rendered 5/2220, time remaining: 2m 0s
Rendered 6/2220, time remaining: 1m 55s
Rendered 7/2220, time remaining: 1m 42s
Rendered 8/2220, time remaining: 1m 32s
Rendered 9/2220, time remaining: 1m 24s
Rendered 10/2220, time remaining: 1m 23s
Rendered 11/2220, time remaining: 1m 24s
Rendered 12/2220, time remaining: 1m 20s
Rendered 13/2220, time remaining: 1m 16s
Rendered 14/2220, time remaining: 1m 12s
Rendered 15/2220, time remaining: 1m 15s
Rendered 16/2220, time remaining: 1m 11s
Rendered 17/2220, time remaining: 1m 9s
Rendered 18/2220, time remaining: 1m 6s
Rendered 19/2220, time remaining: 1m 9s
Rendered 20/2220, time remaining: 1m 7s
Rendered 21/2220, time remaining: 1m 5s
Rendered 22/2220, time remaining: 1m 3s
Rendered 23/2220, time remaining: 1m 5s
Rendered 24/2220, time remaining: 1m 5s
Rendered 25/2220, time remaining: 1m 3s
Rendered 26/2220, time remaining: 1m 2s
Rendered 27/2220, time remaining: 1m 0s
Rendered 28/2220, time remaining: 1m 3s
Rendered 29/2220, time remaining: 1m 1s
Rendered 30/2220, time remaining: 1m 0s
Rendered 31/2220, time remaining: 59s
Rendered 32/2220, time remaining: 1m 1s
Rendered 33/2220, time remaining: 1m 0s
Rendered 34/2220, time remaining: 59s
Rendered 35/2220, time remaining: 58s
Rendered 36/2220, time remaining: 59s
Rendered 37/2220, time remaining: 58s
Rendered 38/2220, time remaining: 57s
Rendered 39/2220, time remaining: 56s
Rendered 40/2220, time remaining: 58s
Rendered 41/2220, time remaining: 57s
Rendered 42/2220, time remaining: 57s
Rendered 43/2220, time remaining: 57s
Rendered 44/2220, time remaining: 57s
Rendered 45/2220, time remaining: 57s
Rendered 46/2220, time remaining: 56s
Rendered 47/2220, time remaining: 55s
Rendered 48/2220, time remaining: 56s
Rendered 49/2220, time remaining: 56s
Rendered 50/2220, time remaining: 55s
Rendered 51/2220, time remaining: 54s
Rendered 52/2220, time remaining: 55s
Rendered 52/2220, time remaining: 55s
Rendered 53/2220, time remaining: 55s
Rendered 54/2220, time remaining: 54s
Rendered 55/2220, time remaining: 53s
Rendered 56/2220, time remaining: 54s
Rendered 57/2220, time remaining: 54s
Rendered 58/2220, time remaining: 53s
Rendered 59/2220, time remaining: 53s
Rendered 60/2220, time remaining: 54s
Rendered 61/2220, time remaining: 53s
Rendered 62/2220, time remaining: 53s
Rendered 63/2220, time remaining: 52s
Rendered 64/2220, time remaining: 54s
Rendered 65/2220, time remaining: 53s
Rendered 66/2220, time remaining: 53s
Rendered 67/2220, time remaining: 52s
Rendered 68/2220, time remaining: 53s
Rendered 69/2220, time remaining: 52s
Rendered 70/2220, time remaining: 52s
Rendered 71/2220, time remaining: 52s
Rendered 72/2220, time remaining: 53s
Rendered 73/2220, time remaining: 52s
Rendered 74/2220, time remaining: 52s
Rendered 75/2220, time remaining: 51s
Rendered 75/2220, time remaining: 51s
Rendered 76/2220, time remaining: 53s
Rendered 77/2220, time remaining: 52s
Rendered 78/2220, time remaining: 52s
Rendered 79/2220, time remaining: 52s
Rendered 80/2220, time remaining: 52s
Rendered 81/2220, time remaining: 52s
Rendered 82/2220, time remaining: 51s
Rendered 83/2220, time remaining: 51s
Rendered 84/2220, time remaining: 52s
Rendered 85/2220, time remaining: 52s
Rendered 86/2220, time remaining: 52s
Rendered 87/2220, time remaining: 52s
Rendered 88/2220, time remaining: 52s
Rendered 89/2220, time remaining: 52s
Rendered 90/2220, time remaining: 52s
Rendered 91/2220, time remaining: 51s
Rendered 92/2220, time remaining: 52s
Rendered 93/2220, time remaining: 52s
Rendered 94/2220, time remaining: 52s
Rendered 95/2220, time remaining: 51s
Rendered 95/2220, time remaining: 51s
Rendered 96/2220, time remaining: 52s
Rendered 97/2220, time remaining: 52s
Rendered 98/2220, time remaining: 51s
Rendered 99/2220, time remaining: 51s
Rendered 100/2220, time remaining: 52s
Rendered 101/2220, time remaining: 52s
Rendered 102/2220, time remaining: 51s
Rendered 103/2220, time remaining: 51s
Rendered 104/2220, time remaining: 51s
Rendered 105/2220, time remaining: 51s
Rendered 106/2220, time remaining: 51s
Rendered 107/2220, time remaining: 51s
Rendered 108/2220, time remaining: 51s
Rendered 109/2220, time remaining: 51s
Rendered 110/2220, time remaining: 51s
Rendered 111/2220, time remaining: 51s
Rendered 112/2220, time remaining: 50s
Rendered 113/2220, time remaining: 51s
Rendered 114/2220, time remaining: 50s
Rendered 115/2220, time remaining: 50s
Rendered 116/2220, time remaining: 50s
Rendered 117/2220, time remaining: 51s
Rendered 118/2220, time remaining: 50s
Rendered 118/2220, time remaining: 50s
Rendered 119/2220, time remaining: 50s
Rendered 120/2220, time remaining: 50s
Rendered 121/2220, time remaining: 50s
Rendered 122/2220, time remaining: 50s
Rendered 123/2220, time remaining: 50s
Rendered 124/2220, time remaining: 50s
Rendered 125/2220, time remaining: 50s
Rendered 126/2220, time remaining: 50s
Rendered 127/2220, time remaining: 50s
Rendered 128/2220, time remaining: 50s
Rendered 129/2220, time remaining: 50s
Rendered 130/2220, time remaining: 50s
Rendered 131/2220, time remaining: 50s
Rendered 132/2220, time remaining: 49s
Rendered 133/2220, time remaining: 50s
Rendered 134/2220, time remaining: 50s
Rendered 135/2220, time remaining: 49s
Rendered 136/2220, time remaining: 49s
Rendered 137/2220, time remaining: 50s
Rendered 138/2220, time remaining: 50s
Rendered 139/2220, time remaining: 49s
Rendered 140/2220, time remaining: 49s
Rendered 140/2220, time remaining: 49s
Rendered 141/2220, time remaining: 50s
Rendered 142/2220, time remaining: 50s
Rendered 143/2220, time remaining: 49s
Rendered 144/2220, time remaining: 49s
Rendered 145/2220, time remaining: 50s
Rendered 146/2220, time remaining: 50s
Rendered 147/2220, time remaining: 49s
Rendered 148/2220, time remaining: 49s
Rendered 149/2220, time remaining: 49s
Rendered 150/2220, time remaining: 49s
Rendered 151/2220, time remaining: 47s
Rendered 152/2220, time remaining: 47s
Rendered 153/2220, time remaining: 47s
Rendered 154/2220, time remaining: 47s
Rendered 155/2220, time remaining: 47s
Rendered 156/2220, time remaining: 46s
Rendered 157/2220, time remaining: 47s
Rendered 158/2220, time remaining: 47s
Rendered 159/2220, time remaining: 47s
Rendered 160/2220, time remaining: 47s
Rendered 160/2220, time remaining: 47s
Rendered 161/2220, time remaining: 47s
Rendered 162/2220, time remaining: 47s
Rendered 163/2220, time remaining: 47s
Rendered 164/2220, time remaining: 47s
Rendered 165/2220, time remaining: 47s
Rendered 166/2220, time remaining: 47s
Rendered 167/2220, time remaining: 47s
Rendered 168/2220, time remaining: 47s
Rendered 169/2220, time remaining: 47s
Rendered 170/2220, time remaining: 47s
Rendered 171/2220, time remaining: 47s
Rendered 172/2220, time remaining: 47s
Rendered 173/2220, time remaining: 46s
Rendered 174/2220, time remaining: 47s
Rendered 175/2220, time remaining: 47s
Rendered 176/2220, time remaining: 47s
Rendered 177/2220, time remaining: 47s
Rendered 178/2220, time remaining: 47s
Rendered 179/2220, time remaining: 47s
Rendered 180/2220, time remaining: 47s
Rendered 181/2220, time remaining: 47s
Rendered 181/2220, time remaining: 47s
Rendered 182/2220, time remaining: 47s
Rendered 183/2220, time remaining: 47s
Rendered 184/2220, time remaining: 47s
Rendered 185/2220, time remaining: 47s
Rendered 186/2220, time remaining: 47s
Rendered 187/2220, time remaining: 46s
Rendered 188/2220, time remaining: 46s
Rendered 189/2220, time remaining: 46s
Rendered 190/2220, time remaining: 47s
Rendered 191/2220, time remaining: 47s
Rendered 192/2220, time remaining: 46s
Rendered 193/2220, time remaining: 46s
Rendered 194/2220, time remaining: 47s
Rendered 195/2220, time remaining: 47s
Rendered 196/2220, time remaining: 47s
Rendered 197/2220, time remaining: 47s
Rendered 198/2220, time remaining: 46s
Rendered 199/2220, time remaining: 47s
Rendered 200/2220, time remaining: 47s
Rendered 201/2220, time remaining: 47s
Rendered 202/2220, time remaining: 46s
Rendered 203/2220, time remaining: 47s
Rendered 204/2220, time remaining: 47s
Rendered 204/2220, time remaining: 47s
Rendered 205/2220, time remaining: 47s
Rendered 206/2220, time remaining: 46s
Rendered 207/2220, time remaining: 47s
Rendered 208/2220, time remaining: 47s
Rendered 209/2220, time remaining: 47s
Rendered 210/2220, time remaining: 46s
Rendered 211/2220, time remaining: 46s
Rendered 212/2220, time remaining: 46s
Rendered 213/2220, time remaining: 46s
Rendered 214/2220, time remaining: 46s
Rendered 215/2220, time remaining: 46s
Rendered 216/2220, time remaining: 46s
Rendered 217/2220, time remaining: 46s
Rendered 218/2220, time remaining: 46s
Rendered 219/2220, time remaining: 46s
Rendered 220/2220, time remaining: 46s
Rendered 221/2220, time remaining: 46s
Rendered 222/2220, time remaining: 45s
Rendered 223/2220, time remaining: 45s
Rendered 224/2220, time remaining: 45s
Rendered 225/2220, time remaining: 46s
Rendered 226/2220, time remaining: 45s
Rendered 227/2220, time remaining: 45s
Rendered 228/2220, time remaining: 45s
Rendered 229/2220, time remaining: 45s
Rendered 230/2220, time remaining: 45s
Rendered 230/2220, time remaining: 45s
Rendered 231/2220, time remaining: 45s
Rendered 232/2220, time remaining: 45s
Rendered 233/2220, time remaining: 45s
Rendered 234/2220, time remaining: 44s
Rendered 235/2220, time remaining: 44s
Rendered 236/2220, time remaining: 44s
Rendered 237/2220, time remaining: 44s
Rendered 238/2220, time remaining: 43s
Rendered 239/2220, time remaining: 43s
Rendered 240/2220, time remaining: 44s
Rendered 241/2220, time remaining: 44s
Rendered 242/2220, time remaining: 43s
Rendered 243/2220, time remaining: 43s
Rendered 244/2220, time remaining: 44s
Rendered 245/2220, time remaining: 44s
Rendered 246/2220, time remaining: 43s
Rendered 247/2220, time remaining: 43s
Rendered 248/2220, time remaining: 43s
Rendered 249/2220, time remaining: 43s
Rendered 250/2220, time remaining: 43s
Rendered 251/2220, time remaining: 42s
Rendered 252/2220, time remaining: 43s
Rendered 253/2220, time remaining: 43s
Rendered 254/2220, time remaining: 43s
Rendered 255/2220, time remaining: 42s
Rendered 256/2220, time remaining: 42s
Rendered 257/2220, time remaining: 42s
Rendered 257/2220, time remaining: 42s
Rendered 258/2220, time remaining: 42s
Rendered 259/2220, time remaining: 42s
Rendered 260/2220, time remaining: 42s
Rendered 261/2220, time remaining: 42s
Rendered 262/2220, time remaining: 42s
Rendered 263/2220, time remaining: 42s
Rendered 264/2220, time remaining: 42s
Rendered 265/2220, time remaining: 42s
Rendered 266/2220, time remaining: 42s
Rendered 267/2220, time remaining: 42s
Rendered 268/2220, time remaining: 42s
Rendered 269/2220, time remaining: 42s
Rendered 270/2220, time remaining: 42s
Rendered 271/2220, time remaining: 42s
Rendered 272/2220, time remaining: 42s
Rendered 273/2220, time remaining: 42s
Rendered 274/2220, time remaining: 42s
Rendered 275/2220, time remaining: 42s
Rendered 276/2220, time remaining: 42s
Rendered 277/2220, time remaining: 42s
Rendered 278/2220, time remaining: 41s
Rendered 279/2220, time remaining: 42s
Rendered 279/2220, time remaining: 42s
Rendered 280/2220, time remaining: 42s
Rendered 281/2220, time remaining: 42s
Rendered 282/2220, time remaining: 42s
Rendered 283/2220, time remaining: 42s
Rendered 284/2220, time remaining: 41s
Rendered 285/2220, time remaining: 41s
Rendered 286/2220, time remaining: 41s
Rendered 287/2220, time remaining: 42s
Rendered 288/2220, time remaining: 42s
Rendered 289/2220, time remaining: 42s
Rendered 290/2220, time remaining: 42s
Rendered 291/2220, time remaining: 41s
Rendered 292/2220, time remaining: 41s
Rendered 293/2220, time remaining: 41s
Rendered 294/2220, time remaining: 41s
Rendered 295/2220, time remaining: 41s
Rendered 296/2220, time remaining: 41s
Rendered 297/2220, time remaining: 41s
Rendered 298/2220, time remaining: 41s
Rendered 299/2220, time remaining: 41s
Rendered 300/2220, time remaining: 41s
Rendered 301/2220, time remaining: 41s
Rendered 301/2220, time remaining: 41s
Rendered 302/2220, time remaining: 41s
Rendered 303/2220, time remaining: 41s
Rendered 304/2220, time remaining: 41s
Rendered 305/2220, time remaining: 41s
Rendered 306/2220, time remaining: 41s
Rendered 307/2220, time remaining: 41s
Rendered 308/2220, time remaining: 41s
Rendered 309/2220, time remaining: 41s
Rendered 310/2220, time remaining: 41s
Rendered 311/2220, time remaining: 41s
Rendered 312/2220, time remaining: 41s
Rendered 313/2220, time remaining: 41s
Rendered 314/2220, time remaining: 41s
Rendered 315/2220, time remaining: 40s
Rendered 316/2220, time remaining: 41s
Rendered 317/2220, time remaining: 41s
Rendered 318/2220, time remaining: 41s
Rendered 319/2220, time remaining: 41s
Rendered 320/2220, time remaining: 41s
Rendered 320/2220, time remaining: 41s
Rendered 321/2220, time remaining: 41s
Rendered 322/2220, time remaining: 41s
Rendered 323/2220, time remaining: 41s
Rendered 324/2220, time remaining: 41s
Rendered 325/2220, time remaining: 41s
Rendered 326/2220, time remaining: 41s
Rendered 327/2220, time remaining: 41s
Rendered 328/2220, time remaining: 40s
Rendered 329/2220, time remaining: 41s
Rendered 330/2220, time remaining: 41s
Rendered 331/2220, time remaining: 41s
Rendered 332/2220, time remaining: 40s
Rendered 333/2220, time remaining: 41s
Rendered 334/2220, time remaining: 41s
Rendered 335/2220, time remaining: 41s
Rendered 336/2220, time remaining: 41s
Rendered 337/2220, time remaining: 41s
Rendered 338/2220, time remaining: 41s
Rendered 339/2220, time remaining: 41s
Rendered 340/2220, time remaining: 40s
Rendered 340/2220, time remaining: 40s
Rendered 341/2220, time remaining: 41s
Rendered 342/2220, time remaining: 41s
Rendered 343/2220, time remaining: 41s
Rendered 344/2220, time remaining: 40s
Rendered 345/2220, time remaining: 41s
Rendered 346/2220, time remaining: 41s
Rendered 347/2220, time remaining: 41s
Rendered 348/2220, time remaining: 41s
Rendered 349/2220, time remaining: 41s
Rendered 350/2220, time remaining: 41s
Rendered 351/2220, time remaining: 41s
Rendered 352/2220, time remaining: 41s
Rendered 353/2220, time remaining: 41s
Rendered 354/2220, time remaining: 41s
Rendered 355/2220, time remaining: 42s
Rendered 356/2220, time remaining: 42s
Rendered 357/2220, time remaining: 41s
Rendered 358/2220, time remaining: 41s
Rendered 359/2220, time remaining: 42s
Rendered 360/2220, time remaining: 42s
Rendered 361/2220, time remaining: 41s
Rendered 361/2220, time remaining: 41s
Rendered 362/2220, time remaining: 41s
Rendered 363/2220, time remaining: 42s
Rendered 364/2220, time remaining: 42s
Rendered 365/2220, time remaining: 42s
Rendered 366/2220, time remaining: 42s
Rendered 367/2220, time remaining: 42s
Rendered 368/2220, time remaining: 42s
Rendered 369/2220, time remaining: 42s
Rendered 370/2220, time remaining: 42s
Rendered 371/2220, time remaining: 42s
Rendered 372/2220, time remaining: 42s
Rendered 373/2220, time remaining: 42s
Rendered 374/2220, time remaining: 42s
Rendered 375/2220, time remaining: 42s
Rendered 376/2220, time remaining: 42s
Rendered 377/2220, time remaining: 43s
Rendered 378/2220, time remaining: 43s
Rendered 379/2220, time remaining: 42s
Rendered 380/2220, time remaining: 42s
Rendered 380/2220, time remaining: 42s
Rendered 381/2220, time remaining: 43s
Rendered 382/2220, time remaining: 43s
Rendered 383/2220, time remaining: 43s
Rendered 384/2220, time remaining: 43s
Rendered 385/2220, time remaining: 43s
Rendered 386/2220, time remaining: 43s
Rendered 387/2220, time remaining: 43s
Rendered 388/2220, time remaining: 43s
Rendered 389/2220, time remaining: 43s
Rendered 390/2220, time remaining: 43s
Rendered 391/2220, time remaining: 43s
Rendered 392/2220, time remaining: 43s
Rendered 393/2220, time remaining: 43s
Rendered 394/2220, time remaining: 43s
Rendered 395/2220, time remaining: 43s
Rendered 396/2220, time remaining: 43s
Rendered 397/2220, time remaining: 43s
Rendered 398/2220, time remaining: 43s
Rendered 399/2220, time remaining: 43s
Rendered 400/2220, time remaining: 43s
Rendered 401/2220, time remaining: 43s
Rendered 402/2220, time remaining: 43s
Rendered 402/2220, time remaining: 43s
Rendered 403/2220, time remaining: 43s
Rendered 404/2220, time remaining: 43s
Rendered 405/2220, time remaining: 43s
Rendered 406/2220, time remaining: 43s
Rendered 407/2220, time remaining: 43s
Rendered 408/2220, time remaining: 43s
Rendered 409/2220, time remaining: 43s
Rendered 410/2220, time remaining: 43s
Rendered 411/2220, time remaining: 43s
Rendered 412/2220, time remaining: 43s
Rendered 413/2220, time remaining: 43s
Rendered 414/2220, time remaining: 43s
Rendered 415/2220, time remaining: 43s
Rendered 416/2220, time remaining: 43s
Rendered 417/2220, time remaining: 43s
Rendered 418/2220, time remaining: 43s
Rendered 419/2220, time remaining: 43s
Rendered 420/2220, time remaining: 43s
Rendered 421/2220, time remaining: 42s
Rendered 422/2220, time remaining: 43s
Rendered 423/2220, time remaining: 43s
Rendered 424/2220, time remaining: 43s
Rendered 425/2220, time remaining: 42s
Rendered 426/2220, time remaining: 42s
Rendered 427/2220, time remaining: 42s
Rendered 428/2220, time remaining: 42s
Rendered 428/2220, time remaining: 42s
Rendered 429/2220, time remaining: 42s
Rendered 430/2220, time remaining: 42s
Rendered 431/2220, time remaining: 42s
Rendered 432/2220, time remaining: 42s
Rendered 433/2220, time remaining: 42s
Rendered 434/2220, time remaining: 42s
Rendered 435/2220, time remaining: 42s
Rendered 436/2220, time remaining: 42s
Rendered 437/2220, time remaining: 41s
Rendered 438/2220, time remaining: 41s
Rendered 439/2220, time remaining: 42s
Rendered 440/2220, time remaining: 42s
Rendered 441/2220, time remaining: 41s
Rendered 442/2220, time remaining: 41s
Rendered 443/2220, time remaining: 41s
Rendered 444/2220, time remaining: 41s
Rendered 445/2220, time remaining: 41s
Rendered 446/2220, time remaining: 41s
Rendered 447/2220, time remaining: 41s
Rendered 448/2220, time remaining: 41s
Rendered 449/2220, time remaining: 41s
Rendered 450/2220, time remaining: 40s
Rendered 451/2220, time remaining: 41s
Rendered 452/2220, time remaining: 41s
Rendered 453/2220, time remaining: 40s
Rendered 453/2220, time remaining: 40s
Rendered 454/2220, time remaining: 40s
Rendered 455/2220, time remaining: 40s
Rendered 456/2220, time remaining: 40s
Rendered 457/2220, time remaining: 40s
Rendered 458/2220, time remaining: 40s
Rendered 459/2220, time remaining: 40s
Rendered 460/2220, time remaining: 40s
Rendered 461/2220, time remaining: 40s
Rendered 462/2220, time remaining: 39s
Rendered 463/2220, time remaining: 39s
Rendered 464/2220, time remaining: 40s
Rendered 465/2220, time remaining: 40s
Rendered 466/2220, time remaining: 39s
Rendered 467/2220, time remaining: 39s
Rendered 468/2220, time remaining: 40s
Rendered 469/2220, time remaining: 40s
Rendered 470/2220, time remaining: 39s
Rendered 471/2220, time remaining: 39s
Rendered 472/2220, time remaining: 39s
Rendered 473/2220, time remaining: 39s
Rendered 474/2220, time remaining: 39s
Rendered 475/2220, time remaining: 39s
Rendered 476/2220, time remaining: 39s
Rendered 477/2220, time remaining: 39s
Rendered 478/2220, time remaining: 39s
Rendered 478/2220, time remaining: 39s
Rendered 479/2220, time remaining: 38s
Rendered 480/2220, time remaining: 38s
Rendered 481/2220, time remaining: 39s
Rendered 482/2220, time remaining: 39s
Rendered 483/2220, time remaining: 38s
Rendered 484/2220, time remaining: 38s
Rendered 485/2220, time remaining: 38s
Rendered 486/2220, time remaining: 39s
Rendered 487/2220, time remaining: 38s
Rendered 488/2220, time remaining: 38s
Rendered 489/2220, time remaining: 38s
Rendered 490/2220, time remaining: 38s
Rendered 491/2220, time remaining: 38s
Rendered 492/2220, time remaining: 38s
Rendered 493/2220, time remaining: 38s
Rendered 494/2220, time remaining: 38s
Rendered 495/2220, time remaining: 37s
Rendered 496/2220, time remaining: 37s
Rendered 497/2220, time remaining: 37s
Rendered 498/2220, time remaining: 37s
Rendered 499/2220, time remaining: 37s
Rendered 500/2220, time remaining: 37s
Rendered 501/2220, time remaining: 37s
Rendered 501/2220, time remaining: 37s
Rendered 502/2220, time remaining: 37s
Rendered 503/2220, time remaining: 37s
Rendered 504/2220, time remaining: 37s
Rendered 505/2220, time remaining: 36s
Rendered 506/2220, time remaining: 36s
Rendered 507/2220, time remaining: 36s
Rendered 508/2220, time remaining: 36s
Rendered 509/2220, time remaining: 36s
Rendered 510/2220, time remaining: 36s
Rendered 511/2220, time remaining: 36s
Rendered 512/2220, time remaining: 36s
Rendered 513/2220, time remaining: 35s
Rendered 514/2220, time remaining: 35s
Rendered 515/2220, time remaining: 35s
Rendered 516/2220, time remaining: 35s
Rendered 517/2220, time remaining: 36s
Rendered 518/2220, time remaining: 35s
Rendered 519/2220, time remaining: 35s
Rendered 520/2220, time remaining: 35s
Rendered 521/2220, time remaining: 35s
Rendered 522/2220, time remaining: 35s
Rendered 523/2220, time remaining: 35s
Rendered 524/2220, time remaining: 35s
Rendered 525/2220, time remaining: 35s
Rendered 526/2220, time remaining: 35s
Rendered 526/2220, time remaining: 35s
Rendered 527/2220, time remaining: 35s
Rendered 528/2220, time remaining: 35s
Rendered 529/2220, time remaining: 35s
Rendered 530/2220, time remaining: 35s
Rendered 531/2220, time remaining: 35s
Rendered 532/2220, time remaining: 34s
Rendered 533/2220, time remaining: 34s
Rendered 534/2220, time remaining: 34s
Rendered 535/2220, time remaining: 35s
Rendered 536/2220, time remaining: 35s
Rendered 537/2220, time remaining: 34s
Rendered 538/2220, time remaining: 34s
Rendered 539/2220, time remaining: 35s
Rendered 540/2220, time remaining: 34s
Rendered 541/2220, time remaining: 34s
Rendered 542/2220, time remaining: 34s
Rendered 543/2220, time remaining: 35s
Rendered 544/2220, time remaining: 35s
Rendered 545/2220, time remaining: 34s
Rendered 546/2220, time remaining: 34s
Rendered 547/2220, time remaining: 34s
Rendered 548/2220, time remaining: 34s
Rendered 549/2220, time remaining: 34s
Rendered 550/2220, time remaining: 34s
Rendered 550/2220, time remaining: 34s
Rendered 551/2220, time remaining: 34s
Rendered 552/2220, time remaining: 34s
Rendered 553/2220, time remaining: 33s
Rendered 554/2220, time remaining: 33s
Rendered 555/2220, time remaining: 33s
Rendered 556/2220, time remaining: 33s
Rendered 557/2220, time remaining: 33s
Rendered 558/2220, time remaining: 33s
Rendered 559/2220, time remaining: 33s
Rendered 560/2220, time remaining: 33s
Rendered 561/2220, time remaining: 33s
Rendered 562/2220, time remaining: 33s
Rendered 563/2220, time remaining: 33s
Rendered 564/2220, time remaining: 33s
Rendered 565/2220, time remaining: 32s
Rendered 566/2220, time remaining: 32s
Rendered 567/2220, time remaining: 32s
Rendered 568/2220, time remaining: 32s
Rendered 569/2220, time remaining: 32s
Rendered 570/2220, time remaining: 32s
Rendered 571/2220, time remaining: 32s
Rendered 572/2220, time remaining: 32s
Rendered 573/2220, time remaining: 32s
Rendered 574/2220, time remaining: 32s
Rendered 575/2220, time remaining: 32s
Rendered 576/2220, time remaining: 32s
Rendered 577/2220, time remaining: 32s
Rendered 578/2220, time remaining: 32s
Rendered 579/2220, time remaining: 32s
Rendered 580/2220, time remaining: 32s
Rendered 581/2220, time remaining: 32s
Rendered 582/2220, time remaining: 31s
Rendered 583/2220, time remaining: 31s
Rendered 584/2220, time remaining: 31s
Rendered 584/2220, time remaining: 31s
Rendered 585/2220, time remaining: 31s
Rendered 586/2220, time remaining: 31s
Rendered 587/2220, time remaining: 31s
Rendered 588/2220, time remaining: 31s
Rendered 589/2220, time remaining: 30s
Rendered 590/2220, time remaining: 30s
Rendered 591/2220, time remaining: 30s
Rendered 592/2220, time remaining: 30s
Rendered 593/2220, time remaining: 30s
Rendered 594/2220, time remaining: 30s
Rendered 595/2220, time remaining: 30s
Rendered 596/2220, time remaining: 30s
Rendered 597/2220, time remaining: 30s
Rendered 598/2220, time remaining: 30s
Rendered 599/2220, time remaining: 30s
Rendered 600/2220, time remaining: 29s
Rendered 601/2220, time remaining: 29s
Rendered 602/2220, time remaining: 30s
Rendered 603/2220, time remaining: 30s
Rendered 604/2220, time remaining: 29s
Rendered 605/2220, time remaining: 29s
Rendered 606/2220, time remaining: 29s
Rendered 607/2220, time remaining: 29s
Rendered 608/2220, time remaining: 29s
Rendered 609/2220, time remaining: 29s
Rendered 610/2220, time remaining: 29s
Rendered 611/2220, time remaining: 29s
Rendered 612/2220, time remaining: 29s
Rendered 613/2220, time remaining: 28s
Rendered 614/2220, time remaining: 28s
Rendered 615/2220, time remaining: 28s
Rendered 616/2220, time remaining: 28s
Rendered 617/2220, time remaining: 28s
Rendered 618/2220, time remaining: 28s
Rendered 619/2220, time remaining: 28s
Rendered 620/2220, time remaining: 28s
Rendered 621/2220, time remaining: 28s
Rendered 622/2220, time remaining: 28s
Rendered 623/2220, time remaining: 27s
Rendered 623/2220, time remaining: 27s
Rendered 624/2220, time remaining: 27s
Rendered 625/2220, time remaining: 27s
Rendered 626/2220, time remaining: 27s
Rendered 627/2220, time remaining: 27s
Rendered 628/2220, time remaining: 27s
Rendered 629/2220, time remaining: 27s
Rendered 630/2220, time remaining: 27s
Rendered 631/2220, time remaining: 26s
Rendered 632/2220, time remaining: 26s
Rendered 633/2220, time remaining: 26s
Rendered 634/2220, time remaining: 26s
Rendered 635/2220, time remaining: 26s
Rendered 636/2220, time remaining: 26s
Rendered 637/2220, time remaining: 26s
Rendered 638/2220, time remaining: 26s
Rendered 639/2220, time remaining: 26s
Rendered 640/2220, time remaining: 25s
Rendered 641/2220, time remaining: 25s
Rendered 642/2220, time remaining: 25s
Rendered 643/2220, time remaining: 25s
Rendered 644/2220, time remaining: 25s
Rendered 645/2220, time remaining: 25s
Rendered 646/2220, time remaining: 25s
Rendered 647/2220, time remaining: 25s
Rendered 648/2220, time remaining: 25s
Rendered 649/2220, time remaining: 25s
Rendered 650/2220, time remaining: 25s
Rendered 651/2220, time remaining: 25s
Rendered 652/2220, time remaining: 25s
Rendered 653/2220, time remaining: 25s
Rendered 654/2220, time remaining: 25s
Rendered 655/2220, time remaining: 24s
Rendered 656/2220, time remaining: 24s
Rendered 657/2220, time remaining: 24s
Rendered 658/2220, time remaining: 24s
Rendered 659/2220, time remaining: 24s
Rendered 660/2220, time remaining: 24s
Rendered 660/2220, time remaining: 24s
Rendered 661/2220, time remaining: 24s
Rendered 662/2220, time remaining: 24s
Rendered 663/2220, time remaining: 24s
Rendered 664/2220, time remaining: 24s
Rendered 665/2220, time remaining: 24s
Rendered 666/2220, time remaining: 24s
Rendered 667/2220, time remaining: 23s
Rendered 668/2220, time remaining: 23s
Rendered 669/2220, time remaining: 23s
Rendered 670/2220, time remaining: 23s
Rendered 671/2220, time remaining: 23s
Rendered 672/2220, time remaining: 23s
Rendered 673/2220, time remaining: 23s
Rendered 674/2220, time remaining: 23s
Rendered 675/2220, time remaining: 23s
Rendered 676/2220, time remaining: 23s
Rendered 677/2220, time remaining: 22s
Rendered 678/2220, time remaining: 22s
Rendered 679/2220, time remaining: 22s
Rendered 680/2220, time remaining: 22s
Rendered 681/2220, time remaining: 22s
Rendered 682/2220, time remaining: 22s
Rendered 683/2220, time remaining: 22s
Rendered 684/2220, time remaining: 22s
Rendered 685/2220, time remaining: 21s
Rendered 686/2220, time remaining: 22s
Rendered 687/2220, time remaining: 22s
Rendered 688/2220, time remaining: 22s
Rendered 689/2220, time remaining: 21s
Rendered 690/2220, time remaining: 21s
Rendered 691/2220, time remaining: 21s
Rendered 692/2220, time remaining: 21s
Rendered 693/2220, time remaining: 21s
Rendered 694/2220, time remaining: 21s
Rendered 695/2220, time remaining: 21s
Rendered 695/2220, time remaining: 21s
Rendered 696/2220, time remaining: 21s
Rendered 697/2220, time remaining: 21s
Rendered 698/2220, time remaining: 21s
Rendered 699/2220, time remaining: 21s
Rendered 700/2220, time remaining: 21s
Rendered 701/2220, time remaining: 21s
Rendered 702/2220, time remaining: 21s
Rendered 703/2220, time remaining: 21s
Rendered 704/2220, time remaining: 21s
Rendered 705/2220, time remaining: 21s
Rendered 706/2220, time remaining: 21s
Rendered 707/2220, time remaining: 21s
Rendered 708/2220, time remaining: 21s
Rendered 709/2220, time remaining: 21s
Rendered 710/2220, time remaining: 21s
Rendered 711/2220, time remaining: 21s
Rendered 712/2220, time remaining: 21s
Rendered 713/2220, time remaining: 20s
Rendered 714/2220, time remaining: 21s
Rendered 715/2220, time remaining: 21s
Rendered 716/2220, time remaining: 21s
Rendered 717/2220, time remaining: 20s
Rendered 718/2220, time remaining: 21s
Rendered 719/2220, time remaining: 21s
Rendered 720/2220, time remaining: 21s
Rendered 721/2220, time remaining: 20s
Rendered 722/2220, time remaining: 21s
Rendered 723/2220, time remaining: 21s
Rendered 724/2220, time remaining: 21s
Rendered 725/2220, time remaining: 20s
Rendered 726/2220, time remaining: 20s
Rendered 727/2220, time remaining: 20s
Rendered 728/2220, time remaining: 20s
Rendered 729/2220, time remaining: 20s
Rendered 729/2220, time remaining: 20s
Rendered 730/2220, time remaining: 20s
Rendered 731/2220, time remaining: 20s
Rendered 732/2220, time remaining: 20s
Rendered 733/2220, time remaining: 20s
Rendered 734/2220, time remaining: 20s
Rendered 735/2220, time remaining: 20s
Rendered 736/2220, time remaining: 20s
Rendered 737/2220, time remaining: 20s
Rendered 738/2220, time remaining: 20s
Rendered 739/2220, time remaining: 20s
Rendered 740/2220, time remaining: 20s
Rendered 741/2220, time remaining: 20s
Rendered 742/2220, time remaining: 21s
Rendered 743/2220, time remaining: 20s
Rendered 744/2220, time remaining: 20s
Rendered 745/2220, time remaining: 20s
Rendered 746/2220, time remaining: 21s
Rendered 747/2220, time remaining: 20s
Rendered 748/2220, time remaining: 20s
Rendered 749/2220, time remaining: 20s
Rendered 750/2220, time remaining: 21s
Rendered 751/2220, time remaining: 20s
Rendered 752/2220, time remaining: 20s
Rendered 753/2220, time remaining: 20s
Rendered 754/2220, time remaining: 21s
Rendered 755/2220, time remaining: 20s
Rendered 756/2220, time remaining: 20s
Rendered 757/2220, time remaining: 20s
Rendered 758/2220, time remaining: 20s
Rendered 759/2220, time remaining: 20s
Rendered 760/2220, time remaining: 20s
Rendered 761/2220, time remaining: 20s
Rendered 762/2220, time remaining: 20s
Rendered 762/2220, time remaining: 20s
Rendered 763/2220, time remaining: 20s
Rendered 764/2220, time remaining: 20s
Rendered 765/2220, time remaining: 20s
Rendered 766/2220, time remaining: 20s
Rendered 767/2220, time remaining: 20s
Rendered 768/2220, time remaining: 20s
Rendered 769/2220, time remaining: 20s
Rendered 770/2220, time remaining: 20s
Rendered 771/2220, time remaining: 20s
Rendered 772/2220, time remaining: 20s
Rendered 773/2220, time remaining: 20s
Rendered 774/2220, time remaining: 20s
Rendered 775/2220, time remaining: 20s
Rendered 776/2220, time remaining: 20s
Rendered 777/2220, time remaining: 20s
Rendered 778/2220, time remaining: 21s
Rendered 779/2220, time remaining: 21s
Rendered 780/2220, time remaining: 20s
Rendered 781/2220, time remaining: 20s
Rendered 782/2220, time remaining: 21s
Rendered 783/2220, time remaining: 21s
Rendered 784/2220, time remaining: 20s
Rendered 785/2220, time remaining: 20s
Rendered 786/2220, time remaining: 21s
Rendered 787/2220, time remaining: 21s
Rendered 788/2220, time remaining: 21s
Rendered 789/2220, time remaining: 20s
Rendered 790/2220, time remaining: 21s
Rendered 791/2220, time remaining: 21s
Rendered 792/2220, time remaining: 21s
Rendered 793/2220, time remaining: 21s
Rendered 794/2220, time remaining: 21s
Rendered 795/2220, time remaining: 21s
Rendered 796/2220, time remaining: 20s
Rendered 797/2220, time remaining: 20s
Rendered 797/2220, time remaining: 20s
Rendered 798/2220, time remaining: 21s
Rendered 799/2220, time remaining: 21s
Rendered 800/2220, time remaining: 21s
Rendered 801/2220, time remaining: 21s
Rendered 802/2220, time remaining: 21s
Rendered 803/2220, time remaining: 21s
Rendered 804/2220, time remaining: 20s
Rendered 805/2220, time remaining: 21s
Rendered 806/2220, time remaining: 21s
Rendered 807/2220, time remaining: 20s
Rendered 808/2220, time remaining: 20s
Rendered 809/2220, time remaining: 20s
Rendered 810/2220, time remaining: 20s
Rendered 811/2220, time remaining: 20s
Rendered 812/2220, time remaining: 20s
Rendered 813/2220, time remaining: 20s
Rendered 814/2220, time remaining: 20s
Rendered 815/2220, time remaining: 20s
Rendered 816/2220, time remaining: 20s
Rendered 817/2220, time remaining: 20s
Rendered 818/2220, time remaining: 20s
Rendered 819/2220, time remaining: 20s
Rendered 820/2220, time remaining: 20s
Rendered 821/2220, time remaining: 20s
Rendered 822/2220, time remaining: 20s
Rendered 823/2220, time remaining: 20s
Rendered 824/2220, time remaining: 20s
Rendered 825/2220, time remaining: 20s
Rendered 826/2220, time remaining: 20s
Rendered 827/2220, time remaining: 20s
Rendered 828/2220, time remaining: 20s
Rendered 829/2220, time remaining: 20s
Rendered 830/2220, time remaining: 20s
Rendered 831/2220, time remaining: 20s
Rendered 832/2220, time remaining: 20s
Rendered 833/2220, time remaining: 20s
Rendered 834/2220, time remaining: 20s
Rendered 834/2220, time remaining: 20s
Rendered 835/2220, time remaining: 20s
Rendered 836/2220, time remaining: 20s
Rendered 837/2220, time remaining: 20s
Rendered 838/2220, time remaining: 20s
Rendered 839/2220, time remaining: 20s
Rendered 840/2220, time remaining: 19s
Rendered 841/2220, time remaining: 19s
Rendered 842/2220, time remaining: 19s
Rendered 843/2220, time remaining: 20s
Rendered 844/2220, time remaining: 19s
Rendered 845/2220, time remaining: 19s
Rendered 846/2220, time remaining: 19s
Rendered 847/2220, time remaining: 20s
Rendered 848/2220, time remaining: 19s
Rendered 849/2220, time remaining: 19s
Rendered 850/2220, time remaining: 19s
Rendered 851/2220, time remaining: 19s
Rendered 852/2220, time remaining: 19s
Rendered 853/2220, time remaining: 19s
Rendered 854/2220, time remaining: 19s
Rendered 855/2220, time remaining: 19s
Rendered 856/2220, time remaining: 19s
Rendered 857/2220, time remaining: 19s
Rendered 858/2220, time remaining: 19s
Rendered 859/2220, time remaining: 19s
Rendered 860/2220, time remaining: 19s
Rendered 861/2220, time remaining: 19s
Rendered 862/2220, time remaining: 19s
Rendered 863/2220, time remaining: 19s
Rendered 864/2220, time remaining: 19s
Rendered 865/2220, time remaining: 19s
Rendered 866/2220, time remaining: 19s
Rendered 867/2220, time remaining: 19s
Rendered 868/2220, time remaining: 19s
Rendered 869/2220, time remaining: 19s
Rendered 870/2220, time remaining: 19s
Rendered 871/2220, time remaining: 19s
Rendered 871/2220, time remaining: 19s
Rendered 872/2220, time remaining: 19s
Rendered 873/2220, time remaining: 19s
Rendered 874/2220, time remaining: 19s
Rendered 875/2220, time remaining: 19s
Rendered 876/2220, time remaining: 18s
Rendered 877/2220, time remaining: 19s
Rendered 878/2220, time remaining: 19s
Rendered 879/2220, time remaining: 19s
Rendered 880/2220, time remaining: 18s
Rendered 881/2220, time remaining: 18s
Rendered 882/2220, time remaining: 19s
Rendered 883/2220, time remaining: 19s
Rendered 884/2220, time remaining: 18s
Rendered 885/2220, time remaining: 18s
Rendered 886/2220, time remaining: 18s
Rendered 887/2220, time remaining: 18s
Rendered 888/2220, time remaining: 18s
Rendered 889/2220, time remaining: 18s
Rendered 890/2220, time remaining: 18s
Rendered 891/2220, time remaining: 18s
Rendered 892/2220, time remaining: 18s
Rendered 893/2220, time remaining: 18s
Rendered 894/2220, time remaining: 18s
Rendered 895/2220, time remaining: 18s
Rendered 896/2220, time remaining: 18s
Rendered 897/2220, time remaining: 18s
Rendered 898/2220, time remaining: 18s
Rendered 899/2220, time remaining: 18s
Rendered 900/2220, time remaining: 18s
Rendered 901/2220, time remaining: 18s
Rendered 902/2220, time remaining: 18s
Rendered 903/2220, time remaining: 18s
Rendered 904/2220, time remaining: 18s
Rendered 905/2220, time remaining: 18s
Rendered 906/2220, time remaining: 18s
Rendered 907/2220, time remaining: 18s
Rendered 908/2220, time remaining: 18s
Rendered 909/2220, time remaining: 18s
Rendered 909/2220, time remaining: 18s
Rendered 910/2220, time remaining: 18s
Rendered 911/2220, time remaining: 18s
Rendered 912/2220, time remaining: 18s
Rendered 913/2220, time remaining: 18s
Rendered 914/2220, time remaining: 18s
Rendered 915/2220, time remaining: 18s
Rendered 916/2220, time remaining: 18s
Rendered 917/2220, time remaining: 17s
Rendered 918/2220, time remaining: 18s
Rendered 919/2220, time remaining: 18s
Rendered 920/2220, time remaining: 17s
Rendered 921/2220, time remaining: 17s
Rendered 922/2220, time remaining: 17s
Rendered 923/2220, time remaining: 18s
Rendered 924/2220, time remaining: 17s
Rendered 925/2220, time remaining: 17s
Rendered 926/2220, time remaining: 17s
Rendered 927/2220, time remaining: 18s
Rendered 928/2220, time remaining: 17s
Rendered 929/2220, time remaining: 17s
Rendered 930/2220, time remaining: 17s
Rendered 931/2220, time remaining: 17s
Rendered 932/2220, time remaining: 17s
Rendered 933/2220, time remaining: 17s
Rendered 934/2220, time remaining: 17s
Rendered 935/2220, time remaining: 17s
Rendered 936/2220, time remaining: 17s
Rendered 937/2220, time remaining: 17s
Rendered 938/2220, time remaining: 17s
Rendered 939/2220, time remaining: 17s
Rendered 940/2220, time remaining: 17s
Rendered 941/2220, time remaining: 17s
Rendered 942/2220, time remaining: 17s
Rendered 942/2220, time remaining: 17s
Rendered 943/2220, time remaining: 17s
Rendered 944/2220, time remaining: 17s
Rendered 945/2220, time remaining: 17s
Rendered 946/2220, time remaining: 17s
Rendered 947/2220, time remaining: 17s
Rendered 948/2220, time remaining: 17s
Rendered 949/2220, time remaining: 17s
Rendered 950/2220, time remaining: 17s
Rendered 951/2220, time remaining: 17s
Rendered 952/2220, time remaining: 17s
Rendered 953/2220, time remaining: 17s
Rendered 954/2220, time remaining: 17s
Rendered 955/2220, time remaining: 17s
Rendered 956/2220, time remaining: 17s
Rendered 957/2220, time remaining: 17s
Rendered 958/2220, time remaining: 17s
Rendered 959/2220, time remaining: 17s
Rendered 960/2220, time remaining: 17s
Rendered 961/2220, time remaining: 17s
Rendered 962/2220, time remaining: 17s
Rendered 963/2220, time remaining: 17s
Rendered 964/2220, time remaining: 17s
Rendered 965/2220, time remaining: 16s
Rendered 966/2220, time remaining: 17s
Rendered 967/2220, time remaining: 17s
Rendered 968/2220, time remaining: 17s
Rendered 969/2220, time remaining: 16s
Rendered 970/2220, time remaining: 17s
Rendered 971/2220, time remaining: 17s
Rendered 972/2220, time remaining: 17s
Rendered 973/2220, time remaining: 16s
Rendered 974/2220, time remaining: 17s
Rendered 975/2220, time remaining: 17s
Rendered 976/2220, time remaining: 17s
Rendered 977/2220, time remaining: 16s
Rendered 978/2220, time remaining: 17s
Rendered 979/2220, time remaining: 17s
Rendered 980/2220, time remaining: 17s
Rendered 980/2220, time remaining: 17s
Rendered 981/2220, time remaining: 17s
Rendered 982/2220, time remaining: 17s
Rendered 983/2220, time remaining: 17s
Rendered 984/2220, time remaining: 17s
Rendered 985/2220, time remaining: 17s
Rendered 986/2220, time remaining: 17s
Rendered 987/2220, time remaining: 16s
Rendered 988/2220, time remaining: 17s
Rendered 989/2220, time remaining: 16s
Rendered 990/2220, time remaining: 16s
Rendered 991/2220, time remaining: 16s
Rendered 992/2220, time remaining: 17s
Rendered 993/2220, time remaining: 16s
Rendered 994/2220, time remaining: 16s
Rendered 995/2220, time remaining: 16s
Rendered 996/2220, time remaining: 17s
Rendered 997/2220, time remaining: 16s
Rendered 998/2220, time remaining: 16s
Rendered 999/2220, time remaining: 16s
Rendered 1000/2220, time remaining: 17s
Rendered 1001/2220, time remaining: 16s
Rendered 1002/2220, time remaining: 16s
Rendered 1003/2220, time remaining: 16s
Rendered 1004/2220, time remaining: 16s
Rendered 1005/2220, time remaining: 16s
Rendered 1006/2220, time remaining: 16s
Rendered 1007/2220, time remaining: 16s
Rendered 1008/2220, time remaining: 16s
Rendered 1009/2220, time remaining: 16s
Rendered 1010/2220, time remaining: 16s
Rendered 1011/2220, time remaining: 16s
Rendered 1012/2220, time remaining: 16s
Rendered 1013/2220, time remaining: 16s
Rendered 1014/2220, time remaining: 16s
Rendered 1015/2220, time remaining: 16s
Rendered 1015/2220, time remaining: 16s
Rendered 1016/2220, time remaining: 16s
Rendered 1017/2220, time remaining: 16s
Rendered 1018/2220, time remaining: 16s
Rendered 1019/2220, time remaining: 16s
Rendered 1020/2220, time remaining: 16s
Rendered 1021/2220, time remaining: 16s
Rendered 1022/2220, time remaining: 16s
Rendered 1023/2220, time remaining: 16s
Rendered 1024/2220, time remaining: 16s
Rendered 1025/2220, time remaining: 16s
Rendered 1026/2220, time remaining: 16s
Rendered 1027/2220, time remaining: 16s
Rendered 1028/2220, time remaining: 16s
Rendered 1029/2220, time remaining: 16s
Rendered 1030/2220, time remaining: 16s
Rendered 1031/2220, time remaining: 16s
Rendered 1032/2220, time remaining: 16s
Rendered 1033/2220, time remaining: 16s
Rendered 1034/2220, time remaining: 16s
Rendered 1035/2220, time remaining: 16s
Rendered 1036/2220, time remaining: 16s
Rendered 1037/2220, time remaining: 16s
Rendered 1038/2220, time remaining: 16s
Rendered 1039/2220, time remaining: 16s
Rendered 1040/2220, time remaining: 16s
Rendered 1041/2220, time remaining: 17s
Rendered 1042/2220, time remaining: 17s
Rendered 1043/2220, time remaining: 17s
Rendered 1044/2220, time remaining: 16s
Rendered 1045/2220, time remaining: 17s
Rendered 1046/2220, time remaining: 17s
Rendered 1047/2220, time remaining: 17s
Rendered 1047/2220, time remaining: 17s
Rendered 1048/2220, time remaining: 17s
Rendered 1049/2220, time remaining: 17s
Rendered 1050/2220, time remaining: 17s
Rendered 1051/2220, time remaining: 17s
Rendered 1052/2220, time remaining: 17s
Rendered 1053/2220, time remaining: 17s
Rendered 1054/2220, time remaining: 17s
Rendered 1055/2220, time remaining: 17s
Rendered 1056/2220, time remaining: 17s
Rendered 1057/2220, time remaining: 17s
Rendered 1058/2220, time remaining: 17s
Rendered 1059/2220, time remaining: 17s
Rendered 1060/2220, time remaining: 17s
Rendered 1061/2220, time remaining: 17s
Rendered 1062/2220, time remaining: 17s
Rendered 1063/2220, time remaining: 17s
Rendered 1064/2220, time remaining: 17s
Rendered 1065/2220, time remaining: 17s
Rendered 1066/2220, time remaining: 17s
Rendered 1067/2220, time remaining: 17s
Rendered 1068/2220, time remaining: 17s
Rendered 1069/2220, time remaining: 16s
Rendered 1070/2220, time remaining: 16s
Rendered 1071/2220, time remaining: 17s
Rendered 1072/2220, time remaining: 17s
Rendered 1073/2220, time remaining: 16s
Rendered 1074/2220, time remaining: 16s
Rendered 1075/2220, time remaining: 17s
Rendered 1076/2220, time remaining: 17s
Rendered 1077/2220, time remaining: 16s
Rendered 1078/2220, time remaining: 16s
Rendered 1078/2220, time remaining: 16s
Rendered 1079/2220, time remaining: 17s
Rendered 1080/2220, time remaining: 17s
Rendered 1081/2220, time remaining: 16s
Rendered 1082/2220, time remaining: 16s
Rendered 1083/2220, time remaining: 16s
Rendered 1084/2220, time remaining: 17s
Rendered 1085/2220, time remaining: 16s
Rendered 1086/2220, time remaining: 16s
Rendered 1087/2220, time remaining: 16s
Rendered 1088/2220, time remaining: 16s
Rendered 1089/2220, time remaining: 16s
Rendered 1090/2220, time remaining: 16s
Rendered 1091/2220, time remaining: 16s
Rendered 1092/2220, time remaining: 16s
Rendered 1093/2220, time remaining: 16s
Rendered 1094/2220, time remaining: 16s
Rendered 1095/2220, time remaining: 16s
Rendered 1096/2220, time remaining: 16s
Rendered 1097/2220, time remaining: 16s
Rendered 1098/2220, time remaining: 16s
Rendered 1099/2220, time remaining: 16s
Rendered 1100/2220, time remaining: 16s
Rendered 1101/2220, time remaining: 16s
Rendered 1102/2220, time remaining: 16s
Rendered 1103/2220, time remaining: 16s
Rendered 1104/2220, time remaining: 16s
Rendered 1105/2220, time remaining: 16s
Rendered 1106/2220, time remaining: 16s
Rendered 1107/2220, time remaining: 16s
Rendered 1108/2220, time remaining: 16s
Rendered 1109/2220, time remaining: 16s
Rendered 1110/2220, time remaining: 16s
Rendered 1111/2220, time remaining: 16s
Rendered 1112/2220, time remaining: 16s
Rendered 1112/2220, time remaining: 16s
Rendered 1113/2220, time remaining: 16s
Rendered 1114/2220, time remaining: 16s
Rendered 1115/2220, time remaining: 16s
Rendered 1116/2220, time remaining: 16s
Rendered 1117/2220, time remaining: 17s
Rendered 1118/2220, time remaining: 16s
Rendered 1119/2220, time remaining: 16s
Rendered 1120/2220, time remaining: 16s
Rendered 1121/2220, time remaining: 17s
Rendered 1122/2220, time remaining: 17s
Rendered 1123/2220, time remaining: 16s
Rendered 1124/2220, time remaining: 16s
Rendered 1125/2220, time remaining: 16s
Rendered 1126/2220, time remaining: 17s
Rendered 1127/2220, time remaining: 17s
Rendered 1128/2220, time remaining: 16s
Rendered 1129/2220, time remaining: 16s
Rendered 1130/2220, time remaining: 16s
Rendered 1131/2220, time remaining: 16s
Rendered 1132/2220, time remaining: 16s
Rendered 1133/2220, time remaining: 16s
Rendered 1134/2220, time remaining: 16s
Rendered 1135/2220, time remaining: 16s
Rendered 1136/2220, time remaining: 16s
Rendered 1137/2220, time remaining: 17s
Rendered 1138/2220, time remaining: 16s
Rendered 1139/2220, time remaining: 16s
Rendered 1140/2220, time remaining: 17s
Rendered 1141/2220, time remaining: 17s
Rendered 1142/2220, time remaining: 16s
Rendered 1143/2220, time remaining: 16s
Rendered 1143/2220, time remaining: 16s
Rendered 1144/2220, time remaining: 16s
Rendered 1145/2220, time remaining: 16s
Rendered 1146/2220, time remaining: 16s
Rendered 1147/2220, time remaining: 16s
Rendered 1148/2220, time remaining: 16s
Rendered 1149/2220, time remaining: 16s
Rendered 1150/2220, time remaining: 16s
Rendered 1151/2220, time remaining: 16s
Rendered 1152/2220, time remaining: 16s
Rendered 1153/2220, time remaining: 16s
Rendered 1154/2220, time remaining: 16s
Rendered 1155/2220, time remaining: 16s
Rendered 1156/2220, time remaining: 16s
Rendered 1157/2220, time remaining: 16s
Rendered 1158/2220, time remaining: 16s
Rendered 1159/2220, time remaining: 16s
Rendered 1160/2220, time remaining: 16s
Rendered 1161/2220, time remaining: 16s
Rendered 1162/2220, time remaining: 16s
Rendered 1163/2220, time remaining: 16s
Rendered 1164/2220, time remaining: 16s
Rendered 1165/2220, time remaining: 16s
Rendered 1166/2220, time remaining: 16s
Rendered 1167/2220, time remaining: 16s
Rendered 1168/2220, time remaining: 16s
Rendered 1169/2220, time remaining: 16s
Rendered 1170/2220, time remaining: 16s
Rendered 1171/2220, time remaining: 16s
Rendered 1172/2220, time remaining: 16s
Rendered 1173/2220, time remaining: 16s
Rendered 1174/2220, time remaining: 16s
Rendered 1175/2220, time remaining: 16s
Rendered 1175/2220, time remaining: 16s
Rendered 1176/2220, time remaining: 16s
Rendered 1177/2220, time remaining: 16s
Rendered 1178/2220, time remaining: 16s
Rendered 1179/2220, time remaining: 16s
Rendered 1180/2220, time remaining: 16s
Rendered 1181/2220, time remaining: 16s
Rendered 1182/2220, time remaining: 16s
Rendered 1183/2220, time remaining: 16s
Rendered 1184/2220, time remaining: 16s
Rendered 1185/2220, time remaining: 16s
Rendered 1186/2220, time remaining: 16s
Rendered 1187/2220, time remaining: 16s
Rendered 1188/2220, time remaining: 16s
Rendered 1189/2220, time remaining: 16s
Rendered 1190/2220, time remaining: 16s
Rendered 1191/2220, time remaining: 16s
Rendered 1192/2220, time remaining: 16s
Rendered 1193/2220, time remaining: 16s
Rendered 1194/2220, time remaining: 16s
Rendered 1195/2220, time remaining: 16s
Rendered 1196/2220, time remaining: 16s
Rendered 1197/2220, time remaining: 16s
Rendered 1198/2220, time remaining: 16s
Rendered 1199/2220, time remaining: 15s
Rendered 1200/2220, time remaining: 15s
Rendered 1201/2220, time remaining: 15s
Rendered 1202/2220, time remaining: 15s
Rendered 1203/2220, time remaining: 15s
Rendered 1204/2220, time remaining: 15s
Rendered 1205/2220, time remaining: 15s
Rendered 1206/2220, time remaining: 15s
Rendered 1207/2220, time remaining: 15s
Rendered 1207/2220, time remaining: 15s
Rendered 1208/2220, time remaining: 15s
Rendered 1209/2220, time remaining: 15s
Rendered 1210/2220, time remaining: 15s
Rendered 1211/2220, time remaining: 15s
Rendered 1212/2220, time remaining: 15s
Rendered 1213/2220, time remaining: 15s
Rendered 1214/2220, time remaining: 15s
Rendered 1215/2220, time remaining: 15s
Rendered 1216/2220, time remaining: 15s
Rendered 1217/2220, time remaining: 15s
Rendered 1218/2220, time remaining: 15s
Rendered 1219/2220, time remaining: 15s
Rendered 1220/2220, time remaining: 15s
Rendered 1221/2220, time remaining: 15s
Rendered 1222/2220, time remaining: 15s
Rendered 1223/2220, time remaining: 15s
Rendered 1224/2220, time remaining: 15s
Rendered 1225/2220, time remaining: 15s
Rendered 1226/2220, time remaining: 15s
Rendered 1227/2220, time remaining: 15s
Rendered 1228/2220, time remaining: 15s
Rendered 1229/2220, time remaining: 15s
Rendered 1230/2220, time remaining: 15s
Rendered 1231/2220, time remaining: 15s
Rendered 1232/2220, time remaining: 15s
Rendered 1233/2220, time remaining: 15s
Rendered 1234/2220, time remaining: 15s
Rendered 1235/2220, time remaining: 15s
Rendered 1236/2220, time remaining: 15s
Rendered 1237/2220, time remaining: 15s
Rendered 1238/2220, time remaining: 15s
Rendered 1239/2220, time remaining: 15s
Rendered 1240/2220, time remaining: 15s
Rendered 1241/2220, time remaining: 15s
Rendered 1241/2220, time remaining: 15s
Rendered 1242/2220, time remaining: 15s
Rendered 1243/2220, time remaining: 15s
Rendered 1244/2220, time remaining: 15s
Rendered 1245/2220, time remaining: 15s
Rendered 1246/2220, time remaining: 15s
Rendered 1247/2220, time remaining: 15s
Rendered 1248/2220, time remaining: 15s
Rendered 1249/2220, time remaining: 15s
Rendered 1250/2220, time remaining: 15s
Rendered 1251/2220, time remaining: 14s
Rendered 1252/2220, time remaining: 15s
Rendered 1253/2220, time remaining: 15s
Rendered 1254/2220, time remaining: 14s
Rendered 1255/2220, time remaining: 14s
Rendered 1256/2220, time remaining: 14s
Rendered 1257/2220, time remaining: 14s
Rendered 1258/2220, time remaining: 14s
Rendered 1259/2220, time remaining: 14s
Rendered 1260/2220, time remaining: 14s
Rendered 1261/2220, time remaining: 14s
Rendered 1262/2220, time remaining: 14s
Rendered 1263/2220, time remaining: 14s
Rendered 1264/2220, time remaining: 14s
Rendered 1265/2220, time remaining: 14s
Rendered 1266/2220, time remaining: 14s
Rendered 1267/2220, time remaining: 14s
Rendered 1268/2220, time remaining: 14s
Rendered 1269/2220, time remaining: 14s
Rendered 1270/2220, time remaining: 14s
Rendered 1271/2220, time remaining: 14s
Rendered 1272/2220, time remaining: 14s
Rendered 1273/2220, time remaining: 14s
Rendered 1274/2220, time remaining: 14s
Rendered 1275/2220, time remaining: 14s
Rendered 1275/2220, time remaining: 14s
Rendered 1276/2220, time remaining: 14s
Rendered 1277/2220, time remaining: 14s
Rendered 1278/2220, time remaining: 14s
Rendered 1279/2220, time remaining: 14s
Rendered 1280/2220, time remaining: 14s
Rendered 1281/2220, time remaining: 14s
Rendered 1282/2220, time remaining: 14s
Rendered 1283/2220, time remaining: 14s
Rendered 1284/2220, time remaining: 14s
Rendered 1285/2220, time remaining: 14s
Rendered 1286/2220, time remaining: 14s
Rendered 1287/2220, time remaining: 14s
Rendered 1288/2220, time remaining: 14s
Rendered 1289/2220, time remaining: 14s
Rendered 1290/2220, time remaining: 14s
Rendered 1291/2220, time remaining: 14s
Rendered 1292/2220, time remaining: 14s
Rendered 1293/2220, time remaining: 14s
Rendered 1294/2220, time remaining: 14s
Rendered 1295/2220, time remaining: 14s
Rendered 1296/2220, time remaining: 14s
Rendered 1297/2220, time remaining: 13s
Rendered 1298/2220, time remaining: 13s
Rendered 1299/2220, time remaining: 13s
Rendered 1300/2220, time remaining: 13s
Rendered 1301/2220, time remaining: 13s
Rendered 1302/2220, time remaining: 13s
Rendered 1303/2220, time remaining: 13s
Rendered 1304/2220, time remaining: 13s
Rendered 1305/2220, time remaining: 13s
Rendered 1306/2220, time remaining: 13s
Rendered 1307/2220, time remaining: 13s
Rendered 1308/2220, time remaining: 13s
Rendered 1309/2220, time remaining: 13s
Rendered 1309/2220, time remaining: 13s
Rendered 1310/2220, time remaining: 13s
Rendered 1311/2220, time remaining: 13s
Rendered 1312/2220, time remaining: 13s
Rendered 1313/2220, time remaining: 13s
Rendered 1314/2220, time remaining: 13s
Rendered 1315/2220, time remaining: 13s
Rendered 1316/2220, time remaining: 13s
Rendered 1317/2220, time remaining: 13s
Rendered 1318/2220, time remaining: 13s
Rendered 1319/2220, time remaining: 13s
Rendered 1320/2220, time remaining: 13s
Rendered 1321/2220, time remaining: 13s
Rendered 1322/2220, time remaining: 13s
Rendered 1323/2220, time remaining: 13s
Rendered 1324/2220, time remaining: 13s
Rendered 1325/2220, time remaining: 13s
Rendered 1326/2220, time remaining: 13s
Rendered 1327/2220, time remaining: 13s
Rendered 1328/2220, time remaining: 13s
Rendered 1329/2220, time remaining: 13s
Rendered 1330/2220, time remaining: 13s
Rendered 1331/2220, time remaining: 13s
Rendered 1332/2220, time remaining: 13s
Rendered 1333/2220, time remaining: 13s
Rendered 1334/2220, time remaining: 13s
Rendered 1335/2220, time remaining: 13s
Rendered 1336/2220, time remaining: 13s
Rendered 1337/2220, time remaining: 13s
Rendered 1338/2220, time remaining: 13s
Rendered 1339/2220, time remaining: 13s
Rendered 1340/2220, time remaining: 13s
Rendered 1341/2220, time remaining: 13s
Rendered 1342/2220, time remaining: 13s
Rendered 1342/2220, time remaining: 13s
Rendered 1343/2220, time remaining: 13s
Rendered 1344/2220, time remaining: 13s
Rendered 1345/2220, time remaining: 13s
Rendered 1346/2220, time remaining: 13s
Rendered 1347/2220, time remaining: 13s
Rendered 1348/2220, time remaining: 13s
Rendered 1349/2220, time remaining: 13s
Rendered 1350/2220, time remaining: 13s
Rendered 1351/2220, time remaining: 13s
Rendered 1352/2220, time remaining: 13s
Rendered 1353/2220, time remaining: 13s
Rendered 1354/2220, time remaining: 12s
Rendered 1355/2220, time remaining: 12s
Rendered 1356/2220, time remaining: 12s
Rendered 1357/2220, time remaining: 12s
Rendered 1358/2220, time remaining: 12s
Rendered 1359/2220, time remaining: 12s
Rendered 1360/2220, time remaining: 12s
Rendered 1361/2220, time remaining: 12s
Rendered 1362/2220, time remaining: 12s
Rendered 1363/2220, time remaining: 12s
Rendered 1364/2220, time remaining: 12s
Rendered 1365/2220, time remaining: 12s
Rendered 1366/2220, time remaining: 12s
Rendered 1367/2220, time remaining: 12s
Rendered 1368/2220, time remaining: 12s
Rendered 1369/2220, time remaining: 12s
Rendered 1370/2220, time remaining: 12s
Rendered 1371/2220, time remaining: 12s
Rendered 1372/2220, time remaining: 12s
Rendered 1373/2220, time remaining: 12s
Rendered 1374/2220, time remaining: 12s
Rendered 1375/2220, time remaining: 12s
Rendered 1376/2220, time remaining: 12s
Rendered 1377/2220, time remaining: 12s
Rendered 1378/2220, time remaining: 12s
Rendered 1378/2220, time remaining: 12s
Rendered 1379/2220, time remaining: 12s
Rendered 1380/2220, time remaining: 12s
Rendered 1381/2220, time remaining: 12s
Rendered 1382/2220, time remaining: 12s
Rendered 1383/2220, time remaining: 12s
Rendered 1384/2220, time remaining: 12s
Rendered 1385/2220, time remaining: 12s
Rendered 1386/2220, time remaining: 12s
Rendered 1387/2220, time remaining: 12s
Rendered 1388/2220, time remaining: 12s
Rendered 1389/2220, time remaining: 12s
Rendered 1390/2220, time remaining: 12s
Rendered 1391/2220, time remaining: 12s
Rendered 1392/2220, time remaining: 12s
Rendered 1393/2220, time remaining: 12s
Rendered 1394/2220, time remaining: 12s
Rendered 1395/2220, time remaining: 12s
Rendered 1396/2220, time remaining: 12s
Rendered 1397/2220, time remaining: 12s
Rendered 1398/2220, time remaining: 12s
Rendered 1399/2220, time remaining: 12s
Rendered 1400/2220, time remaining: 12s
Rendered 1401/2220, time remaining: 12s
Rendered 1402/2220, time remaining: 12s
Rendered 1403/2220, time remaining: 12s
Rendered 1404/2220, time remaining: 12s
Rendered 1405/2220, time remaining: 12s
Rendered 1406/2220, time remaining: 12s
Rendered 1407/2220, time remaining: 12s
Rendered 1408/2220, time remaining: 12s
Rendered 1409/2220, time remaining: 12s
Rendered 1410/2220, time remaining: 12s
Rendered 1410/2220, time remaining: 12s
Rendered 1411/2220, time remaining: 12s
Rendered 1412/2220, time remaining: 12s
Rendered 1413/2220, time remaining: 12s
Rendered 1414/2220, time remaining: 12s
Rendered 1415/2220, time remaining: 12s
Rendered 1416/2220, time remaining: 12s
Rendered 1417/2220, time remaining: 12s
Rendered 1418/2220, time remaining: 12s
Rendered 1419/2220, time remaining: 11s
Rendered 1420/2220, time remaining: 11s
Rendered 1421/2220, time remaining: 11s
Rendered 1422/2220, time remaining: 11s
Rendered 1423/2220, time remaining: 11s
Rendered 1424/2220, time remaining: 11s
Rendered 1425/2220, time remaining: 11s
Rendered 1426/2220, time remaining: 12s
Rendered 1427/2220, time remaining: 11s
Rendered 1428/2220, time remaining: 11s
Rendered 1429/2220, time remaining: 11s
Rendered 1430/2220, time remaining: 11s
Rendered 1431/2220, time remaining: 11s
Rendered 1432/2220, time remaining: 11s
Rendered 1433/2220, time remaining: 11s
Rendered 1434/2220, time remaining: 11s
Rendered 1435/2220, time remaining: 11s
Rendered 1436/2220, time remaining: 11s
Rendered 1437/2220, time remaining: 11s
Rendered 1438/2220, time remaining: 11s
Rendered 1439/2220, time remaining: 11s
Rendered 1440/2220, time remaining: 11s
Rendered 1441/2220, time remaining: 11s
Rendered 1442/2220, time remaining: 11s
Rendered 1442/2220, time remaining: 11s
Rendered 1443/2220, time remaining: 11s
Rendered 1444/2220, time remaining: 11s
Rendered 1445/2220, time remaining: 11s
Rendered 1446/2220, time remaining: 11s
Rendered 1447/2220, time remaining: 11s
Rendered 1448/2220, time remaining: 11s
Rendered 1449/2220, time remaining: 11s
Rendered 1450/2220, time remaining: 11s
Rendered 1451/2220, time remaining: 11s
Rendered 1452/2220, time remaining: 11s
Rendered 1453/2220, time remaining: 11s
Rendered 1454/2220, time remaining: 11s
Rendered 1455/2220, time remaining: 11s
Rendered 1456/2220, time remaining: 11s
Rendered 1457/2220, time remaining: 11s
Rendered 1458/2220, time remaining: 11s
Rendered 1459/2220, time remaining: 11s
Rendered 1460/2220, time remaining: 11s
Rendered 1461/2220, time remaining: 11s
Rendered 1462/2220, time remaining: 11s
Rendered 1463/2220, time remaining: 11s
Rendered 1464/2220, time remaining: 11s
Rendered 1465/2220, time remaining: 11s
Rendered 1466/2220, time remaining: 11s
Rendered 1467/2220, time remaining: 11s
Rendered 1468/2220, time remaining: 11s
Rendered 1469/2220, time remaining: 11s
Rendered 1470/2220, time remaining: 11s
Rendered 1471/2220, time remaining: 11s
Rendered 1472/2220, time remaining: 11s
Rendered 1473/2220, time remaining: 11s
Rendered 1474/2220, time remaining: 11s
Rendered 1475/2220, time remaining: 11s
Rendered 1475/2220, time remaining: 11s
Rendered 1476/2220, time remaining: 11s
Rendered 1477/2220, time remaining: 11s
Rendered 1478/2220, time remaining: 11s
Rendered 1479/2220, time remaining: 11s
Rendered 1480/2220, time remaining: 11s
Rendered 1481/2220, time remaining: 11s
Rendered 1482/2220, time remaining: 11s
Rendered 1483/2220, time remaining: 11s
Rendered 1484/2220, time remaining: 11s
Rendered 1485/2220, time remaining: 11s
Rendered 1486/2220, time remaining: 11s
Rendered 1487/2220, time remaining: 11s
Rendered 1488/2220, time remaining: 11s
Rendered 1489/2220, time remaining: 11s
Rendered 1490/2220, time remaining: 11s
Rendered 1491/2220, time remaining: 11s
Rendered 1492/2220, time remaining: 11s
Rendered 1493/2220, time remaining: 11s
Rendered 1494/2220, time remaining: 11s
Rendered 1495/2220, time remaining: 11s
Rendered 1496/2220, time remaining: 11s
Rendered 1497/2220, time remaining: 11s
Rendered 1498/2220, time remaining: 10s
Rendered 1499/2220, time remaining: 10s
Rendered 1500/2220, time remaining: 11s
Rendered 1501/2220, time remaining: 10s
Rendered 1502/2220, time remaining: 10s
Rendered 1503/2220, time remaining: 10s
Rendered 1504/2220, time remaining: 11s
Rendered 1505/2220, time remaining: 10s
Rendered 1506/2220, time remaining: 10s
Rendered 1507/2220, time remaining: 10s
Rendered 1507/2220, time remaining: 10s
Rendered 1508/2220, time remaining: 10s
Rendered 1509/2220, time remaining: 10s
Rendered 1510/2220, time remaining: 10s
Rendered 1511/2220, time remaining: 10s
Rendered 1512/2220, time remaining: 10s
Rendered 1513/2220, time remaining: 10s
Rendered 1514/2220, time remaining: 10s
Rendered 1515/2220, time remaining: 10s
Rendered 1516/2220, time remaining: 10s
Rendered 1517/2220, time remaining: 10s
Rendered 1518/2220, time remaining: 10s
Rendered 1519/2220, time remaining: 10s
Rendered 1520/2220, time remaining: 10s
Rendered 1521/2220, time remaining: 10s
Rendered 1522/2220, time remaining: 10s
Rendered 1523/2220, time remaining: 10s
Rendered 1524/2220, time remaining: 10s
Rendered 1525/2220, time remaining: 10s
Rendered 1526/2220, time remaining: 10s
Rendered 1527/2220, time remaining: 10s
Rendered 1528/2220, time remaining: 10s
Rendered 1529/2220, time remaining: 10s
Rendered 1530/2220, time remaining: 10s
Rendered 1531/2220, time remaining: 10s
Rendered 1532/2220, time remaining: 10s
Rendered 1533/2220, time remaining: 10s
Rendered 1534/2220, time remaining: 10s
Rendered 1535/2220, time remaining: 10s
Rendered 1536/2220, time remaining: 10s
Rendered 1537/2220, time remaining: 10s
Rendered 1538/2220, time remaining: 10s
Rendered 1539/2220, time remaining: 10s
Rendered 1539/2220, time remaining: 10s
Rendered 1540/2220, time remaining: 10s
Rendered 1541/2220, time remaining: 10s
Rendered 1542/2220, time remaining: 10s
Rendered 1543/2220, time remaining: 10s
Rendered 1544/2220, time remaining: 10s
Rendered 1545/2220, time remaining: 10s
Rendered 1546/2220, time remaining: 10s
Rendered 1547/2220, time remaining: 10s
Rendered 1548/2220, time remaining: 10s
Rendered 1549/2220, time remaining: 10s
Rendered 1550/2220, time remaining: 10s
Rendered 1551/2220, time remaining: 10s
Rendered 1552/2220, time remaining: 10s
Rendered 1553/2220, time remaining: 10s
Rendered 1554/2220, time remaining: 10s
Rendered 1555/2220, time remaining: 10s
Rendered 1556/2220, time remaining: 10s
Rendered 1557/2220, time remaining: 10s
Rendered 1558/2220, time remaining: 10s
Rendered 1559/2220, time remaining: 10s
Rendered 1560/2220, time remaining: 10s
Rendered 1561/2220, time remaining: 10s
Rendered 1562/2220, time remaining: 10s
Rendered 1563/2220, time remaining: 10s
Rendered 1564/2220, time remaining: 10s
Rendered 1565/2220, time remaining: 10s
Rendered 1566/2220, time remaining: 10s
Rendered 1567/2220, time remaining: 10s
Rendered 1568/2220, time remaining: 10s
Rendered 1569/2220, time remaining: 10s
Rendered 1570/2220, time remaining: 10s
Rendered 1571/2220, time remaining: 10s
Rendered 1572/2220, time remaining: 10s
Rendered 1572/2220, time remaining: 10s
Rendered 1573/2220, time remaining: 10s
Rendered 1574/2220, time remaining: 10s
Rendered 1575/2220, time remaining: 10s
Rendered 1576/2220, time remaining: 9s
Rendered 1577/2220, time remaining: 9s
Rendered 1578/2220, time remaining: 9s
Rendered 1579/2220, time remaining: 9s
Rendered 1580/2220, time remaining: 9s
Rendered 1581/2220, time remaining: 9s
Rendered 1582/2220, time remaining: 9s
Rendered 1583/2220, time remaining: 9s
Rendered 1584/2220, time remaining: 9s
Rendered 1585/2220, time remaining: 9s
Rendered 1586/2220, time remaining: 9s
Rendered 1587/2220, time remaining: 9s
Rendered 1588/2220, time remaining: 9s
Rendered 1589/2220, time remaining: 9s
Rendered 1590/2220, time remaining: 9s
Rendered 1591/2220, time remaining: 9s
Rendered 1592/2220, time remaining: 9s
Rendered 1593/2220, time remaining: 9s
Rendered 1594/2220, time remaining: 9s
Rendered 1595/2220, time remaining: 9s
Rendered 1596/2220, time remaining: 9s
Rendered 1597/2220, time remaining: 9s
Rendered 1598/2220, time remaining: 9s
Rendered 1599/2220, time remaining: 9s
Rendered 1600/2220, time remaining: 9s
Rendered 1601/2220, time remaining: 9s
Rendered 1602/2220, time remaining: 9s
Rendered 1603/2220, time remaining: 9s
Rendered 1604/2220, time remaining: 9s
Rendered 1605/2220, time remaining: 9s
Rendered 1605/2220, time remaining: 9s
Rendered 1606/2220, time remaining: 9s
Rendered 1607/2220, time remaining: 9s
Rendered 1608/2220, time remaining: 9s
Rendered 1609/2220, time remaining: 9s
Rendered 1610/2220, time remaining: 9s
Rendered 1611/2220, time remaining: 9s
Rendered 1612/2220, time remaining: 9s
Rendered 1613/2220, time remaining: 9s
Rendered 1614/2220, time remaining: 9s
Rendered 1615/2220, time remaining: 9s
Rendered 1616/2220, time remaining: 9s
Rendered 1617/2220, time remaining: 9s
Rendered 1618/2220, time remaining: 9s
Rendered 1619/2220, time remaining: 9s
Rendered 1620/2220, time remaining: 9s
Rendered 1621/2220, time remaining: 9s
Rendered 1622/2220, time remaining: 9s
Rendered 1623/2220, time remaining: 9s
Rendered 1624/2220, time remaining: 9s
Rendered 1625/2220, time remaining: 9s
Rendered 1626/2220, time remaining: 9s
Rendered 1627/2220, time remaining: 9s
Rendered 1628/2220, time remaining: 9s
Rendered 1629/2220, time remaining: 9s
Rendered 1630/2220, time remaining: 9s
Rendered 1631/2220, time remaining: 8s
Rendered 1632/2220, time remaining: 9s
Rendered 1633/2220, time remaining: 9s
Rendered 1634/2220, time remaining: 8s
Rendered 1635/2220, time remaining: 8s
Rendered 1636/2220, time remaining: 9s
Rendered 1637/2220, time remaining: 9s
Rendered 1638/2220, time remaining: 8s
Rendered 1639/2220, time remaining: 8s
Rendered 1639/2220, time remaining: 8s
Rendered 1640/2220, time remaining: 8s
Rendered 1641/2220, time remaining: 8s
Rendered 1642/2220, time remaining: 8s
Rendered 1643/2220, time remaining: 8s
Rendered 1644/2220, time remaining: 8s
Rendered 1645/2220, time remaining: 8s
Rendered 1646/2220, time remaining: 8s
Rendered 1647/2220, time remaining: 8s
Rendered 1648/2220, time remaining: 8s
Rendered 1649/2220, time remaining: 8s
Rendered 1650/2220, time remaining: 8s
Rendered 1651/2220, time remaining: 8s
Rendered 1652/2220, time remaining: 8s
Rendered 1653/2220, time remaining: 8s
Rendered 1654/2220, time remaining: 8s
Rendered 1655/2220, time remaining: 8s
Rendered 1656/2220, time remaining: 8s
Rendered 1657/2220, time remaining: 8s
Rendered 1658/2220, time remaining: 8s
Rendered 1659/2220, time remaining: 8s
Rendered 1660/2220, time remaining: 8s
Rendered 1661/2220, time remaining: 8s
Rendered 1662/2220, time remaining: 8s
Rendered 1663/2220, time remaining: 8s
Rendered 1664/2220, time remaining: 8s
Rendered 1665/2220, time remaining: 8s
Rendered 1666/2220, time remaining: 8s
Rendered 1667/2220, time remaining: 8s
Rendered 1668/2220, time remaining: 8s
Rendered 1669/2220, time remaining: 8s
Rendered 1670/2220, time remaining: 8s
Rendered 1671/2220, time remaining: 8s
Rendered 1672/2220, time remaining: 8s
Rendered 1672/2220, time remaining: 8s
Rendered 1673/2220, time remaining: 8s
Rendered 1674/2220, time remaining: 8s
Rendered 1675/2220, time remaining: 8s
Rendered 1676/2220, time remaining: 8s
Rendered 1677/2220, time remaining: 8s
Rendered 1678/2220, time remaining: 8s
Rendered 1679/2220, time remaining: 8s
Rendered 1680/2220, time remaining: 8s
Rendered 1681/2220, time remaining: 8s
Rendered 1682/2220, time remaining: 8s
Rendered 1683/2220, time remaining: 8s
Rendered 1684/2220, time remaining: 8s
Rendered 1685/2220, time remaining: 8s
Rendered 1686/2220, time remaining: 8s
Rendered 1687/2220, time remaining: 8s
Rendered 1688/2220, time remaining: 8s
Rendered 1689/2220, time remaining: 8s
Rendered 1690/2220, time remaining: 8s
Rendered 1691/2220, time remaining: 8s
Rendered 1692/2220, time remaining: 8s
Rendered 1693/2220, time remaining: 8s
Rendered 1694/2220, time remaining: 8s
Rendered 1695/2220, time remaining: 8s
Rendered 1696/2220, time remaining: 8s
Rendered 1697/2220, time remaining: 8s
Rendered 1698/2220, time remaining: 7s
Rendered 1699/2220, time remaining: 7s
Rendered 1700/2220, time remaining: 7s
Rendered 1701/2220, time remaining: 7s
Rendered 1702/2220, time remaining: 7s
Rendered 1703/2220, time remaining: 7s
Rendered 1704/2220, time remaining: 7s
Rendered 1705/2220, time remaining: 7s
Rendered 1706/2220, time remaining: 7s
Rendered 1707/2220, time remaining: 7s
Rendered 1707/2220, time remaining: 7s
Rendered 1708/2220, time remaining: 7s
Rendered 1709/2220, time remaining: 7s
Rendered 1710/2220, time remaining: 7s
Rendered 1711/2220, time remaining: 7s
Rendered 1712/2220, time remaining: 7s
Rendered 1713/2220, time remaining: 7s
Rendered 1714/2220, time remaining: 7s
Rendered 1715/2220, time remaining: 7s
Rendered 1716/2220, time remaining: 7s
Rendered 1717/2220, time remaining: 7s
Rendered 1718/2220, time remaining: 7s
Rendered 1719/2220, time remaining: 7s
Rendered 1720/2220, time remaining: 7s
Rendered 1721/2220, time remaining: 7s
Rendered 1722/2220, time remaining: 7s
Rendered 1723/2220, time remaining: 7s
Rendered 1724/2220, time remaining: 7s
Rendered 1725/2220, time remaining: 7s
Rendered 1726/2220, time remaining: 7s
Rendered 1727/2220, time remaining: 7s
Rendered 1728/2220, time remaining: 7s
Rendered 1729/2220, time remaining: 7s
Rendered 1730/2220, time remaining: 7s
Rendered 1731/2220, time remaining: 7s
Rendered 1732/2220, time remaining: 7s
Rendered 1733/2220, time remaining: 7s
Rendered 1734/2220, time remaining: 7s
Rendered 1735/2220, time remaining: 7s
Rendered 1736/2220, time remaining: 7s
Rendered 1737/2220, time remaining: 7s
Rendered 1738/2220, time remaining: 7s
Rendered 1739/2220, time remaining: 7s
Rendered 1740/2220, time remaining: 7s
Rendered 1741/2220, time remaining: 7s
Rendered 1742/2220, time remaining: 6s
Rendered 1742/2220, time remaining: 6s
Rendered 1743/2220, time remaining: 6s
Rendered 1744/2220, time remaining: 6s
Rendered 1745/2220, time remaining: 7s
Rendered 1746/2220, time remaining: 6s
Rendered 1747/2220, time remaining: 6s
Rendered 1748/2220, time remaining: 6s
Rendered 1749/2220, time remaining: 6s
Rendered 1750/2220, time remaining: 6s
Rendered 1751/2220, time remaining: 6s
Rendered 1752/2220, time remaining: 6s
Rendered 1753/2220, time remaining: 6s
Rendered 1754/2220, time remaining: 6s
Rendered 1755/2220, time remaining: 6s
Rendered 1756/2220, time remaining: 6s
Rendered 1757/2220, time remaining: 6s
Rendered 1758/2220, time remaining: 6s
Rendered 1759/2220, time remaining: 6s
Rendered 1760/2220, time remaining: 6s
Rendered 1761/2220, time remaining: 6s
Rendered 1762/2220, time remaining: 6s
Rendered 1763/2220, time remaining: 6s
Rendered 1764/2220, time remaining: 6s
Rendered 1765/2220, time remaining: 6s
Rendered 1766/2220, time remaining: 6s
Rendered 1767/2220, time remaining: 6s
Rendered 1768/2220, time remaining: 6s
Rendered 1769/2220, time remaining: 6s
Rendered 1770/2220, time remaining: 6s
Rendered 1771/2220, time remaining: 6s
Rendered 1772/2220, time remaining: 6s
Rendered 1773/2220, time remaining: 6s
Rendered 1774/2220, time remaining: 6s
Rendered 1775/2220, time remaining: 6s
Rendered 1776/2220, time remaining: 6s
Rendered 1777/2220, time remaining: 6s
Rendered 1777/2220, time remaining: 6s
Rendered 1778/2220, time remaining: 6s
Rendered 1779/2220, time remaining: 6s
Rendered 1780/2220, time remaining: 6s
Rendered 1781/2220, time remaining: 6s
Rendered 1782/2220, time remaining: 6s
Rendered 1783/2220, time remaining: 6s
Rendered 1784/2220, time remaining: 6s
Rendered 1785/2220, time remaining: 6s
Rendered 1786/2220, time remaining: 6s
Rendered 1787/2220, time remaining: 6s
Rendered 1788/2220, time remaining: 6s
Rendered 1789/2220, time remaining: 6s
Rendered 1790/2220, time remaining: 6s
Rendered 1791/2220, time remaining: 6s
Rendered 1792/2220, time remaining: 6s
Rendered 1793/2220, time remaining: 6s
Rendered 1794/2220, time remaining: 6s
Rendered 1795/2220, time remaining: 6s
Rendered 1796/2220, time remaining: 6s
Rendered 1797/2220, time remaining: 6s
Rendered 1798/2220, time remaining: 6s
Rendered 1799/2220, time remaining: 6s
Rendered 1800/2220, time remaining: 6s
Rendered 1801/2220, time remaining: 6s
Rendered 1802/2220, time remaining: 6s
Rendered 1803/2220, time remaining: 6s
Rendered 1804/2220, time remaining: 6s
Rendered 1804/2220, time remaining: 6s
Rendered 1805/2220, time remaining: 6s
Rendered 1806/2220, time remaining: 6s
Rendered 1807/2220, time remaining: 6s
Rendered 1808/2220, time remaining: 6s
Rendered 1809/2220, time remaining: 6s
Rendered 1810/2220, time remaining: 6s
Rendered 1811/2220, time remaining: 6s
Rendered 1812/2220, time remaining: 6s
Rendered 1813/2220, time remaining: 6s
Rendered 1814/2220, time remaining: 6s
Rendered 1815/2220, time remaining: 6s
Rendered 1816/2220, time remaining: 6s
Rendered 1817/2220, time remaining: 6s
Rendered 1818/2220, time remaining: 6s
Rendered 1819/2220, time remaining: 6s
Rendered 1820/2220, time remaining: 6s
Rendered 1821/2220, time remaining: 6s
Rendered 1822/2220, time remaining: 6s
Rendered 1823/2220, time remaining: 6s
Rendered 1824/2220, time remaining: 6s
Rendered 1825/2220, time remaining: 6s
Rendered 1826/2220, time remaining: 6s
Rendered 1827/2220, time remaining: 6s
Rendered 1828/2220, time remaining: 6s
Rendered 1829/2220, time remaining: 6s
Rendered 1829/2220, time remaining: 6s
Rendered 1830/2220, time remaining: 6s
Rendered 1831/2220, time remaining: 6s
Rendered 1832/2220, time remaining: 6s
Rendered 1833/2220, time remaining: 6s
Rendered 1834/2220, time remaining: 6s
Rendered 1835/2220, time remaining: 6s
Rendered 1836/2220, time remaining: 6s
Rendered 1837/2220, time remaining: 6s
Rendered 1838/2220, time remaining: 6s
Rendered 1839/2220, time remaining: 6s
Rendered 1840/2220, time remaining: 6s
Rendered 1841/2220, time remaining: 6s
Rendered 1842/2220, time remaining: 6s
Rendered 1843/2220, time remaining: 6s
Rendered 1844/2220, time remaining: 6s
Rendered 1845/2220, time remaining: 6s
Rendered 1846/2220, time remaining: 6s
Rendered 1847/2220, time remaining: 6s
Rendered 1848/2220, time remaining: 6s
Rendered 1849/2220, time remaining: 6s
Rendered 1850/2220, time remaining: 6s
Rendered 1851/2220, time remaining: 6s
Rendered 1852/2220, time remaining: 6s
Rendered 1853/2220, time remaining: 6s
Rendered 1853/2220, time remaining: 6s
Rendered 1854/2220, time remaining: 6s
Rendered 1855/2220, time remaining: 6s
Rendered 1856/2220, time remaining: 6s
Rendered 1857/2220, time remaining: 6s
Rendered 1858/2220, time remaining: 6s
Rendered 1859/2220, time remaining: 6s
Rendered 1860/2220, time remaining: 6s
Rendered 1861/2220, time remaining: 6s
Rendered 1862/2220, time remaining: 6s
Rendered 1863/2220, time remaining: 6s
Rendered 1864/2220, time remaining: 6s
Rendered 1865/2220, time remaining: 6s
Rendered 1866/2220, time remaining: 6s
Rendered 1867/2220, time remaining: 6s
Rendered 1868/2220, time remaining: 6s
Rendered 1869/2220, time remaining: 6s
Rendered 1870/2220, time remaining: 6s
Rendered 1871/2220, time remaining: 6s
Rendered 1872/2220, time remaining: 6s
Rendered 1873/2220, time remaining: 6s
Rendered 1874/2220, time remaining: 6s
Rendered 1875/2220, time remaining: 6s
Rendered 1876/2220, time remaining: 6s
Rendered 1876/2220, time remaining: 6s
Rendered 1877/2220, time remaining: 6s
Rendered 1878/2220, time remaining: 6s
Rendered 1879/2220, time remaining: 6s
Rendered 1880/2220, time remaining: 6s
Rendered 1881/2220, time remaining: 6s
Rendered 1882/2220, time remaining: 6s
Rendered 1883/2220, time remaining: 6s
Rendered 1884/2220, time remaining: 6s
Rendered 1885/2220, time remaining: 6s
Rendered 1886/2220, time remaining: 6s
Rendered 1887/2220, time remaining: 6s
Rendered 1888/2220, time remaining: 6s
Rendered 1889/2220, time remaining: 6s
Rendered 1890/2220, time remaining: 6s
Rendered 1891/2220, time remaining: 6s
Rendered 1892/2220, time remaining: 6s
Rendered 1893/2220, time remaining: 6s
Rendered 1894/2220, time remaining: 6s
Rendered 1895/2220, time remaining: 6s
Rendered 1896/2220, time remaining: 6s
Rendered 1897/2220, time remaining: 6s
Rendered 1898/2220, time remaining: 6s
Rendered 1899/2220, time remaining: 6s
Rendered 1899/2220, time remaining: 6s
Rendered 1900/2220, time remaining: 6s
Rendered 1901/2220, time remaining: 6s
Rendered 1902/2220, time remaining: 6s
Rendered 1903/2220, time remaining: 6s
Rendered 1904/2220, time remaining: 6s
Rendered 1905/2220, time remaining: 6s
Rendered 1906/2220, time remaining: 6s
Rendered 1907/2220, time remaining: 6s
Rendered 1908/2220, time remaining: 6s
Rendered 1909/2220, time remaining: 6s
Rendered 1910/2220, time remaining: 6s
Rendered 1911/2220, time remaining: 6s
Rendered 1912/2220, time remaining: 6s
Rendered 1913/2220, time remaining: 6s
Rendered 1914/2220, time remaining: 6s
Rendered 1915/2220, time remaining: 6s
Rendered 1916/2220, time remaining: 6s
Rendered 1917/2220, time remaining: 6s
Rendered 1918/2220, time remaining: 6s
Rendered 1918/2220, time remaining: 6s
Rendered 1919/2220, time remaining: 6s
Rendered 1920/2220, time remaining: 6s
Rendered 1921/2220, time remaining: 6s
Rendered 1922/2220, time remaining: 6s
Rendered 1923/2220, time remaining: 6s
Rendered 1924/2220, time remaining: 6s
Rendered 1925/2220, time remaining: 6s
Rendered 1926/2220, time remaining: 6s
Rendered 1927/2220, time remaining: 6s
Rendered 1928/2220, time remaining: 6s
Rendered 1929/2220, time remaining: 6s
Rendered 1930/2220, time remaining: 6s
Rendered 1931/2220, time remaining: 6s
Rendered 1932/2220, time remaining: 6s
Rendered 1933/2220, time remaining: 6s
Rendered 1934/2220, time remaining: 6s
Rendered 1935/2220, time remaining: 6s
Rendered 1936/2220, time remaining: 6s
Rendered 1937/2220, time remaining: 6s
Rendered 1938/2220, time remaining: 6s
Rendered 1939/2220, time remaining: 6s
Rendered 1940/2220, time remaining: 6s
Rendered 1941/2220, time remaining: 6s
Rendered 1942/2220, time remaining: 6s
Rendered 1942/2220, time remaining: 6s
Rendered 1943/2220, time remaining: 6s
Rendered 1944/2220, time remaining: 5s
Rendered 1945/2220, time remaining: 5s
Rendered 1946/2220, time remaining: 5s
Rendered 1947/2220, time remaining: 5s
Rendered 1948/2220, time remaining: 5s
Rendered 1949/2220, time remaining: 5s
Rendered 1950/2220, time remaining: 5s
Rendered 1951/2220, time remaining: 5s
Rendered 1952/2220, time remaining: 5s
Rendered 1953/2220, time remaining: 5s
Rendered 1954/2220, time remaining: 5s
Rendered 1955/2220, time remaining: 5s
Rendered 1956/2220, time remaining: 5s
Rendered 1957/2220, time remaining: 5s
Rendered 1958/2220, time remaining: 5s
Rendered 1959/2220, time remaining: 5s
Rendered 1960/2220, time remaining: 5s
Rendered 1961/2220, time remaining: 5s
Rendered 1962/2220, time remaining: 5s
Rendered 1963/2220, time remaining: 5s
Rendered 1964/2220, time remaining: 5s
Rendered 1965/2220, time remaining: 5s
Rendered 1966/2220, time remaining: 5s
Rendered 1967/2220, time remaining: 5s
Rendered 1967/2220, time remaining: 5s
Rendered 1968/2220, time remaining: 5s
Rendered 1969/2220, time remaining: 5s
Rendered 1970/2220, time remaining: 5s
Rendered 1971/2220, time remaining: 5s
Rendered 1972/2220, time remaining: 5s
Rendered 1973/2220, time remaining: 5s
Rendered 1974/2220, time remaining: 5s
Rendered 1975/2220, time remaining: 5s
Rendered 1976/2220, time remaining: 5s
Rendered 1977/2220, time remaining: 5s
Rendered 1978/2220, time remaining: 5s
Rendered 1979/2220, time remaining: 5s
Rendered 1980/2220, time remaining: 5s
Rendered 1981/2220, time remaining: 5s
Rendered 1982/2220, time remaining: 5s
Rendered 1983/2220, time remaining: 5s
Rendered 1984/2220, time remaining: 5s
Rendered 1985/2220, time remaining: 5s
Rendered 1986/2220, time remaining: 5s
Rendered 1987/2220, time remaining: 5s
Rendered 1988/2220, time remaining: 5s
Rendered 1989/2220, time remaining: 5s
Rendered 1990/2220, time remaining: 4s
Rendered 1990/2220, time remaining: 4s
Rendered 1991/2220, time remaining: 5s
Rendered 1992/2220, time remaining: 4s
Rendered 1993/2220, time remaining: 4s
Rendered 1994/2220, time remaining: 4s
Rendered 1995/2220, time remaining: 4s
Rendered 1996/2220, time remaining: 4s
Rendered 1997/2220, time remaining: 4s
Rendered 1998/2220, time remaining: 4s
Rendered 1999/2220, time remaining: 4s
Rendered 2000/2220, time remaining: 4s
Rendered 2001/2220, time remaining: 4s
Rendered 2002/2220, time remaining: 4s
Rendered 2003/2220, time remaining: 4s
Rendered 2004/2220, time remaining: 4s
Rendered 2005/2220, time remaining: 4s
Rendered 2006/2220, time remaining: 4s
Rendered 2007/2220, time remaining: 4s
Rendered 2008/2220, time remaining: 4s
Rendered 2009/2220, time remaining: 4s
Rendered 2010/2220, time remaining: 4s
Rendered 2011/2220, time remaining: 4s
Rendered 2012/2220, time remaining: 4s
Rendered 2013/2220, time remaining: 4s
Rendered 2014/2220, time remaining: 4s
Rendered 2015/2220, time remaining: 4s
Rendered 2015/2220, time remaining: 4s
Rendered 2016/2220, time remaining: 4s
Rendered 2017/2220, time remaining: 4s
Rendered 2018/2220, time remaining: 4s
Rendered 2019/2220, time remaining: 4s
Rendered 2020/2220, time remaining: 4s
Rendered 2021/2220, time remaining: 4s
Rendered 2022/2220, time remaining: 4s
Rendered 2023/2220, time remaining: 4s
Rendered 2024/2220, time remaining: 4s
Rendered 2025/2220, time remaining: 4s
Rendered 2026/2220, time remaining: 4s
Rendered 2027/2220, time remaining: 4s
Rendered 2028/2220, time remaining: 4s
Rendered 2029/2220, time remaining: 4s
Rendered 2030/2220, time remaining: 4s
Rendered 2031/2220, time remaining: 4s
Rendered 2032/2220, time remaining: 4s
Rendered 2033/2220, time remaining: 4s
Rendered 2034/2220, time remaining: 3s
Rendered 2035/2220, time remaining: 3s
Rendered 2036/2220, time remaining: 3s
Rendered 2037/2220, time remaining: 3s
Rendered 2038/2220, time remaining: 3s
Rendered 2039/2220, time remaining: 3s
Rendered 2040/2220, time remaining: 3s
Rendered 2040/2220, time remaining: 3s
Rendered 2041/2220, time remaining: 3s
Rendered 2042/2220, time remaining: 3s
Rendered 2043/2220, time remaining: 3s
Rendered 2044/2220, time remaining: 3s
Rendered 2045/2220, time remaining: 3s
Rendered 2046/2220, time remaining: 3s
Rendered 2047/2220, time remaining: 3s
Rendered 2048/2220, time remaining: 3s
Rendered 2049/2220, time remaining: 3s
Rendered 2050/2220, time remaining: 3s
Rendered 2051/2220, time remaining: 3s
Rendered 2052/2220, time remaining: 3s
Rendered 2053/2220, time remaining: 3s
Rendered 2054/2220, time remaining: 3s
Rendered 2055/2220, time remaining: 3s
Rendered 2056/2220, time remaining: 3s
Rendered 2057/2220, time remaining: 3s
Rendered 2058/2220, time remaining: 3s
Rendered 2059/2220, time remaining: 3s
Rendered 2060/2220, time remaining: 3s
Rendered 2061/2220, time remaining: 3s
Rendered 2061/2220, time remaining: 3s
Rendered 2062/2220, time remaining: 3s
Rendered 2063/2220, time remaining: 3s
Rendered 2064/2220, time remaining: 3s
Rendered 2065/2220, time remaining: 3s
Rendered 2066/2220, time remaining: 3s
Rendered 2067/2220, time remaining: 3s
Rendered 2068/2220, time remaining: 3s
Rendered 2069/2220, time remaining: 3s
Rendered 2070/2220, time remaining: 3s
Rendered 2071/2220, time remaining: 3s
Rendered 2072/2220, time remaining: 3s
Rendered 2073/2220, time remaining: 3s
Rendered 2074/2220, time remaining: 3s
Rendered 2075/2220, time remaining: 3s
Rendered 2076/2220, time remaining: 3s
Rendered 2077/2220, time remaining: 3s
Rendered 2078/2220, time remaining: 3s
Rendered 2079/2220, time remaining: 3s
Rendered 2080/2220, time remaining: 2s
Rendered 2081/2220, time remaining: 2s
Rendered 2082/2220, time remaining: 2s
Rendered 2083/2220, time remaining: 2s
Rendered 2084/2220, time remaining: 2s
Rendered 2084/2220, time remaining: 2s
Rendered 2085/2220, time remaining: 2s
Rendered 2086/2220, time remaining: 2s
Rendered 2087/2220, time remaining: 2s
Rendered 2088/2220, time remaining: 2s
Rendered 2089/2220, time remaining: 2s
Rendered 2090/2220, time remaining: 2s
Rendered 2091/2220, time remaining: 2s
Rendered 2092/2220, time remaining: 2s
Rendered 2093/2220, time remaining: 2s
Rendered 2094/2220, time remaining: 2s
Rendered 2095/2220, time remaining: 2s
Rendered 2096/2220, time remaining: 2s
Rendered 2097/2220, time remaining: 2s
Rendered 2098/2220, time remaining: 2s
Rendered 2099/2220, time remaining: 2s
Rendered 2100/2220, time remaining: 2s
Rendered 2101/2220, time remaining: 2s
Rendered 2102/2220, time remaining: 2s
Rendered 2103/2220, time remaining: 2s
Rendered 2104/2220, time remaining: 2s
Rendered 2105/2220, time remaining: 2s
Rendered 2106/2220, time remaining: 2s
Rendered 2107/2220, time remaining: 2s
Rendered 2107/2220, time remaining: 2s
Rendered 2108/2220, time remaining: 2s
Rendered 2109/2220, time remaining: 2s
Rendered 2110/2220, time remaining: 2s
Rendered 2111/2220, time remaining: 2s
Rendered 2112/2220, time remaining: 2s
Rendered 2113/2220, time remaining: 2s
Rendered 2114/2220, time remaining: 2s
Rendered 2115/2220, time remaining: 2s
Rendered 2116/2220, time remaining: 2s
Rendered 2117/2220, time remaining: 2s
Rendered 2118/2220, time remaining: 2s
Rendered 2119/2220, time remaining: 2s
Rendered 2120/2220, time remaining: 2s
Rendered 2121/2220, time remaining: 2s
Rendered 2122/2220, time remaining: 2s
Rendered 2123/2220, time remaining: 2s
Rendered 2124/2220, time remaining: 2s
Rendered 2125/2220, time remaining: 2s
Rendered 2126/2220, time remaining: 2s
Rendered 2127/2220, time remaining: 1s
Rendered 2128/2220, time remaining: 1s
Rendered 2129/2220, time remaining: 1s
Rendered 2130/2220, time remaining: 1s
Rendered 2131/2220, time remaining: 1s
Rendered 2132/2220, time remaining: 1s
Rendered 2132/2220, time remaining: 1s
Rendered 2133/2220, time remaining: 1s
Rendered 2134/2220, time remaining: 1s
Rendered 2135/2220, time remaining: 1s
Rendered 2136/2220, time remaining: 1s
Rendered 2137/2220, time remaining: 1s
Rendered 2138/2220, time remaining: 1s
Rendered 2139/2220, time remaining: 1s
Rendered 2140/2220, time remaining: 1s
Rendered 2141/2220, time remaining: 1s
Rendered 2142/2220, time remaining: 1s
Rendered 2143/2220, time remaining: 1s
Rendered 2144/2220, time remaining: 1s
Rendered 2145/2220, time remaining: 1s
Rendered 2146/2220, time remaining: 1s
Rendered 2147/2220, time remaining: 1s
Rendered 2148/2220, time remaining: 1s
Rendered 2149/2220, time remaining: 1s
Rendered 2150/2220, time remaining: 1s
Rendered 2151/2220, time remaining: 1s
Rendered 2152/2220, time remaining: 1s
Rendered 2153/2220, time remaining: 1s
Rendered 2154/2220, time remaining: 1s
Rendered 2154/2220, time remaining: 1s
Rendered 2155/2220, time remaining: 1s
Rendered 2156/2220, time remaining: 1s
Rendered 2157/2220, time remaining: 1s
Rendered 2158/2220, time remaining: 1s
Rendered 2159/2220, time remaining: 1s
Rendered 2160/2220, time remaining: 1s
Rendered 2161/2220, time remaining: 1s
Rendered 2162/2220, time remaining: 1s
Rendered 2163/2220, time remaining: 1s
Rendered 2164/2220, time remaining: 1s
Rendered 2165/2220, time remaining: 1s
Rendered 2166/2220, time remaining: 1s
Rendered 2167/2220, time remaining: 1s
Rendered 2168/2220, time remaining: 1s
Rendered 2169/2220, time remaining: 1s
Rendered 2170/2220, time remaining: 1s
Rendered 2171/2220, time remaining: 1s
Rendered 2172/2220, time remaining: 1s
Rendered 2173/2220, time remaining: 1s
Rendered 2174/2220, time remaining: 1s
Rendered 2175/2220, time remaining: 0s
Rendered 2176/2220, time remaining: 0s
Rendered 2177/2220, time remaining: 0s
Rendered 2178/2220, time remaining: 0s
Rendered 2179/2220, time remaining: 0s
Rendered 2180/2220, time remaining: 0s
Rendered 2181/2220, time remaining: 0s
Rendered 2182/2220, time remaining: 0s
Rendered 2182/2220, time remaining: 0s
Rendered 2183/2220, time remaining: 0s
Rendered 2184/2220, time remaining: 0s
Rendered 2185/2220, time remaining: 0s
Rendered 2186/2220, time remaining: 0s
Rendered 2187/2220, time remaining: 0s
Rendered 2188/2220, time remaining: 0s
Rendered 2189/2220, time remaining: 0s
Rendered 2190/2220, time remaining: 0s
Rendered 2191/2220, time remaining: 0s
Rendered 2192/2220, time remaining: 0s
Rendered 2193/2220, time remaining: 0s
Rendered 2194/2220, time remaining: 0s
Rendered 2195/2220, time remaining: 0s
Rendered 2196/2220, time remaining: 0s
Rendered 2197/2220, time remaining: 0s
Rendered 2198/2220, time remaining: 0s
Rendered 2199/2220, time remaining: 0s
Rendered 2200/2220, time remaining: 0s
Rendered 2201/2220, time remaining: 0s
Rendered 2202/2220, time remaining: 0s
Rendered 2203/2220, time remaining: 0s
Rendered 2204/2220, time remaining: 0s
Rendered 2205/2220, time remaining: 0s
Rendered 2206/2220, time remaining: 0s
Rendered 2207/2220, time remaining: 0s
Rendered 2208/2220, time remaining: 0s
Rendered 2209/2220, time remaining: 0s
Rendered 2210/2220, time remaining: 0s
Rendered 2211/2220, time remaining: 0s
Rendered 2212/2220, time remaining: 0s
Rendered 2213/2220, time remaining: 0s
Rendered 2214/2220, time remaining: 0s
Rendered 2215/2220, time remaining: 0s
Rendered 2216/2220, time remaining: 0s
Rendered 2217/2220, time remaining: 0s
Rendered 2218/2220, time remaining: 0s
Rendered 2219/2220, time remaining: 0s
Encoded 1687/2220
Encoded 1776/2220
Encoded 2220/2220
○                    /Users/aaronguo/Work/ag/aaron-studio/src/content/videos/singing-sands-pilot-2026-09-08/pilot-picture.mp4 40.6 MB
