Bundling 6%
Bundling 19%
Bundling 65%
Bundling 71%
Bundling 76%
Bundling 81%
Bundling 87%
Bundling 92%
Bundling 98%
Bundling 100%
Copying public dir 26.5 MB
Copying public dir 45.2 MB
Copying public dir 56.1 MB
Copying public dir 57.8 MB
Copying public dir 67.8 MB
Copying public dir 69.8 MB
Copying public dir 90.6 MB
Copying public dir 99.6 MB
Copying public dir 110.7 MB
Copying public dir 121.5 MB
Copying public dir 132.3 MB
Copying public dir 136 MB
Copying public dir 142.3 MB
Copying public dir 155.7 MB
Copying public dir 166.6 MB
Copying public dir 171.6 MB
Copying public dir 196.3 MB
Copying public dir 201.4 MB
Copying public dir 204.1 MB
Copying public dir 215.8 MB
Copying public dir 216 MB
Copying public dir 227.4 MB
Copying public dir 234.6 MB
Copying public dir 246.9 MB
Copying public dir 258.2 MB
Copying public dir 261.3 MB
Copying public dir 261.7 MB
Copying public dir 262.7 MB
Copying public dir 275.7 MB
Copying public dir 278.2 MB
Copying public dir 289.2 MB
Getting composition
Composition          DhhFilm
Format               png
Output               /Users/aaronguo/Work/ag/aaron-studio/src/content/blogs/2026-09-06/video-production/v6-review-sheet.png
Rendered 0/1
Rendered 0/1
Rendered 1/1
+                    /Users/aaronguo/Work/ag/aaron-studio/src/content/blogs/2026-09-06/video-production/v6-review-sheet.png
