00:00.273  blend            | Read blend: "/Users/aaronguo/Work/ag/aaron-studio/src/content/videos/visual-sound-design-2026-09-09/blender/gripper.blend"
00:00.317  render           | Rendering single frame
00:00.317  render           | Rendering frame 300
00:00.318  render           | Start rendering: Scene, ViewLayer
00:00.318  render           | Engine: Cycles
00:00.346  render           | Fra: 300 | Mem: 0M | Synchronizing object | Plane
Blender 5.2.1 LTS (hash 9e2066aef7ef built 2026-08-25 01:35:57)
00:00.346  render           | Fra: 300 | Mem: 0M | Synchronizing object | Object
00:00.353  render           | Fra: 300 | Mem: 0M | Synchronizing object | Cutaway flexible bag
00:00.353  render           | Fra: 300 | Mem: 0M | Synchronizing object | Grain 003
00:00.353  render           | Fra: 300 | Mem: 0M | Synchronizing object | Grain 005
00:00.353  render           | Fra: 300 | Mem: 0M | Synchronizing object | Grain 006
00:00.353  render           | Fra: 300 | Mem: 0M | Synchronizing object | Grain 007
00:00.353  render           | Fra: 300 | Mem: 0M | Synchronizing object | Grain 008
00:00.353  render           | Fra: 300 | Mem: 0M | Synchronizing object | Grain 009
00:00.353  render           | Fra: 300 | Mem: 0M | Synchronizing object | Grain 012
00:00.353  render           | Fra: 300 | Mem: 0M | Synchronizing object | Grain 015
00:00.353  render           | Fra: 300 | Mem: 0M | Synchronizing object | Grain 016
00:00.353  render           | Fra: 300 | Mem: 0M | Synchronizing object | Grain 017
00:00.353  render           | Fra: 300 | Mem: 0M | Synchronizing object | Grain 018
00:00.353  render           | Fra: 300 | Mem: 0M | Synchronizing object | Grain 019
00:00.353  render           | Fra: 300 | Mem: 0M | Synchronizing object | Grain 020
00:00.353  render           | Fra: 300 | Mem: 0M | Synchronizing object | Grain 021
00:00.353  render           | Fra: 300 | Mem: 0M | Synchronizing object | Grain 022
00:00.353  render           | Fra: 300 | Mem: 0M | Synchronizing object | Grain 023
00:00.353  render           | Fra: 300 | Mem: 0M | Synchronizing object | Grain 027
00:00.353  render           | Fra: 300 | Mem: 0M | Synchronizing object | Grain 028
00:00.353  render           | Fra: 300 | Mem: 0M | Synchronizing object | Grain 030
00:00.353  render           | Fra: 300 | Mem: 0M | Synchronizing object | Grain 031
00:00.353  render           | Fra: 300 | Mem: 0M | Synchronizing object | Grain 032
00:00.353  render           | Fra: 300 | Mem: 0M | Synchronizing object | Grain 033
00:00.353  render           | Fra: 300 | Mem: 0M | Synchronizing object | Grain 034
00:00.353  render           | Fra: 300 | Mem: 0M | Synchronizing object | Grain 035
00:00.353  render           | Fra: 300 | Mem: 0M | Synchronizing object | Grain 036
00:00.353  render           | Fra: 300 | Mem: 0M | Synchronizing object | Grain 037
00:00.353  render           | Fra: 300 | Mem: 0M | Synchronizing object | Grain 038
00:00.353  render           | Fra: 300 | Mem: 0M | Synchronizing object | Grain 042
00:00.353  render           | Fra: 300 | Mem: 0M | Synchronizing object | Grain 044
00:00.353  render           | Fra: 300 | Mem: 0M | Synchronizing object | Grain 045
00:00.354  render           | Fra: 300 | Mem: 0M | Synchronizing object | Grain 046
00:00.354  render           | Fra: 300 | Mem: 0M | Synchronizing object | Grain 050
00:00.354  render           | Fra: 300 | Mem: 0M | Synchronizing object | Grain 051
00:00.354  render           | Fra: 300 | Mem: 0M | Synchronizing object | Grain 053
00:00.354  render           | Fra: 300 | Mem: 0M | Synchronizing object | Grain 054
00:00.354  render           | Fra: 300 | Mem: 0M | Synchronizing object | Grain 055
00:00.354  render           | Fra: 300 | Mem: 0M | Synchronizing object | Grain 056
00:00.354  render           | Fra: 300 | Mem: 0M | Synchronizing object | Grain 057
00:00.354  render           | Fra: 300 | Mem: 0M | Synchronizing object | Grain 060
00:00.354  render           | Fra: 300 | Mem: 0M | Synchronizing object | Grain 061
00:00.354  render           | Fra: 300 | Mem: 0M | Synchronizing object | Grain 062
00:00.354  render           | Fra: 300 | Mem: 0M | Synchronizing object | Grain 063
00:00.354  render           | Fra: 300 | Mem: 0M | Synchronizing object | Grain 064
00:00.354  render           | Fra: 300 | Mem: 0M | Synchronizing object | Grain 065
00:00.354  render           | Fra: 300 | Mem: 0M | Synchronizing object | Grain 067
00:00.354  render           | Fra: 300 | Mem: 0M | Synchronizing object | Grain 068
00:00.354  render           | Fra: 300 | Mem: 0M | Synchronizing object | Grain 070
00:00.354  render           | Fra: 300 | Mem: 0M | Synchronizing object | Grain 072
00:00.354  render           | Fra: 300 | Mem: 0M | Synchronizing object | Grain 073
00:00.354  render           | Fra: 300 | Mem: 0M | Synchronizing object | Grain 074
00:00.354  render           | Fra: 300 | Mem: 0M | Synchronizing object | Grain 076
00:00.354  render           | Fra: 300 | Mem: 0M | Synchronizing object | Grain 077
00:00.354  render           | Fra: 300 | Mem: 0M | Synchronizing object | Grain 079
00:00.354  render           | Fra: 300 | Mem: 0M | Synchronizing object | Grain 080
00:00.354  render           | Fra: 300 | Mem: 0M | Synchronizing object | Grain 081
00:00.354  render           | Fra: 300 | Mem: 0M | Synchronizing object | Grain 082
00:00.354  render           | Fra: 300 | Mem: 0M | Synchronizing object | Grain 083
00:00.354  render           | Fra: 300 | Mem: 0M | Synchronizing object | Grain 084
00:00.354  render           | Fra: 300 | Mem: 0M | Synchronizing object | Grain 086
00:00.354  render           | Fra: 300 | Mem: 0M | Synchronizing object | Grain 087
00:00.354  render           | Fra: 300 | Mem: 0M | Synchronizing object | Grain 088
00:00.354  render           | Fra: 300 | Mem: 0M | Synchronizing object | Grain 090
00:00.354  render           | Fra: 300 | Mem: 0M | Synchronizing object | Grain 092
00:00.354  render           | Fra: 300 | Mem: 0M | Synchronizing object | Grain 093
00:00.354  render           | Fra: 300 | Mem: 0M | Synchronizing object | Grain 094
00:00.354  render           | Fra: 300 | Mem: 0M | Synchronizing object | Grain 096
00:00.354  render           | Fra: 300 | Mem: 0M | Synchronizing object | Grain 097
00:00.354  render           | Fra: 300 | Mem: 0M | Synchronizing object | Grain 098
00:00.354  render           | Fra: 300 | Mem: 0M | Synchronizing object | Grain 099
00:00.354  render           | Fra: 300 | Mem: 0M | Synchronizing object | Grain 100
00:00.354  render           | Fra: 300 | Mem: 0M | Synchronizing object | Grain 102
00:00.354  render           | Fra: 300 | Mem: 0M | Synchronizing object | Grain 103
00:00.354  render           | Fra: 300 | Mem: 0M | Synchronizing object | Grain 105
00:00.354  render           | Fra: 300 | Mem: 0M | Synchronizing object | Grain 106
00:00.354  render           | Fra: 300 | Mem: 0M | Synchronizing object | Grain 107
00:00.354  render           | Fra: 300 | Mem: 0M | Synchronizing object | Grain 108
00:00.354  render           | Fra: 300 | Mem: 0M | Synchronizing object | Grain 110
00:00.354  render           | Fra: 300 | Mem: 0M | Synchronizing object | Grain 112
00:00.354  render           | Fra: 300 | Mem: 0M | Synchronizing object | Grain 114
00:00.354  render           | Fra: 300 | Mem: 0M | Synchronizing object | Grain 115
00:00.354  render           | Fra: 300 | Mem: 0M | Synchronizing object | Grain 116
00:00.354  render           | Fra: 300 | Mem: 0M | Synchronizing object | Grain 117
00:00.354  render           | Fra: 300 | Mem: 0M | Synchronizing object | Grain 119
00:00.354  render           | Fra: 300 | Mem: 0M | Synchronizing object | Grain 120
00:00.354  render           | Fra: 300 | Mem: 0M | Synchronizing object | Grain 121
00:00.354  render           | Fra: 300 | Mem: 0M | Synchronizing object | Grain 123
00:00.354  render           | Fra: 300 | Mem: 0M | Synchronizing object | Grain 124
00:00.354  render           | Fra: 300 | Mem: 0M | Synchronizing object | Grain 125
00:00.354  render           | Fra: 300 | Mem: 0M | Synchronizing object | Grain 127
00:00.355  render           | Fra: 300 | Mem: 0M | Synchronizing object | Grain 128
00:00.355  render           | Fra: 300 | Mem: 0M | Synchronizing object | Grain 129
00:00.355  render           | Fra: 300 | Mem: 0M | Synchronizing object | Grain 130
00:00.355  render           | Fra: 300 | Mem: 0M | Synchronizing object | Grain 131
00:00.355  render           | Fra: 300 | Mem: 0M | Synchronizing object | Grain 132
00:00.355  render           | Fra: 300 | Mem: 0M | Synchronizing object | Grain 133
00:00.355  render           | Fra: 300 | Mem: 0M | Synchronizing object | Grain 134
00:00.355  render           | Fra: 300 | Mem: 0M | Synchronizing object | Grain 135
00:00.355  render           | Fra: 300 | Mem: 0M | Synchronizing object | Grain 136
00:00.355  render           | Fra: 300 | Mem: 0M | Synchronizing object | Grain 137
00:00.355  render           | Fra: 300 | Mem: 0M | Synchronizing object | Grain 138
00:00.355  render           | Fra: 300 | Mem: 0M | Synchronizing object | Grain 139
00:00.355  render           | Fra: 300 | Mem: 0M | Synchronizing object | Grain 140
00:00.355  render           | Fra: 300 | Mem: 0M | Synchronizing object | Grain 142
00:00.355  render           | Fra: 300 | Mem: 0M | Synchronizing object | Grain 143
00:00.355  render           | Fra: 300 | Mem: 0M | Synchronizing object | Grain 144
00:00.355  render           | Fra: 300 | Mem: 0M | Synchronizing object | Grain 145
00:00.355  render           | Fra: 300 | Mem: 0M | Synchronizing object | Grain 146
00:00.355  render           | Fra: 300 | Mem: 0M | Synchronizing object | Grain 147
00:00.355  render           | Fra: 300 | Mem: 0M | Synchronizing object | Grain 149
00:00.355  render           | Fra: 300 | Mem: 0M | Synchronizing object | Grain 150
00:00.355  render           | Fra: 300 | Mem: 0M | Synchronizing object | Grain 152
00:00.355  render           | Fra: 300 | Mem: 0M | Synchronizing object | Grain 153
00:00.355  render           | Fra: 300 | Mem: 0M | Synchronizing object | Grain 154
00:00.355  render           | Fra: 300 | Mem: 0M | Synchronizing object | Grain 156
00:00.355  render           | Fra: 300 | Mem: 0M | Synchronizing object | Grain 158
00:00.355  render           | Fra: 300 | Mem: 0M | Synchronizing object | Grain 159
00:00.355  render           | Fra: 300 | Mem: 0M | Synchronizing object | Grain 160
00:00.355  render           | Fra: 300 | Mem: 0M | Synchronizing object | Grain 161
00:00.355  render           | Fra: 300 | Mem: 0M | Synchronizing object | Grain 162
00:00.355  render           | Fra: 300 | Mem: 0M | Synchronizing object | Grain 164
00:00.355  render           | Fra: 300 | Mem: 0M | Synchronizing object | Grain 165
00:00.355  render           | Fra: 300 | Mem: 0M | Synchronizing object | Grain 166
00:00.355  render           | Fra: 300 | Mem: 0M | Synchronizing object | Grain 167
00:00.355  render           | Fra: 300 | Mem: 0M | Synchronizing object | Grain 168
00:00.355  render           | Fra: 300 | Mem: 0M | Synchronizing object | Grain 169
00:00.355  render           | Fra: 300 | Mem: 0M | Synchronizing object | Grain 170
00:00.355  render           | Fra: 300 | Mem: 0M | Synchronizing object | Grain 171
00:00.355  render           | Fra: 300 | Mem: 0M | Synchronizing object | Grain 173
00:00.355  render           | Fra: 300 | Mem: 0M | Synchronizing object | Grain 174
00:00.355  render           | Fra: 300 | Mem: 0M | Synchronizing object | Grain 175
00:00.355  render           | Fra: 300 | Mem: 0M | Synchronizing object | Grain 176
00:00.355  render           | Fra: 300 | Mem: 0M | Synchronizing object | Grain 177
00:00.355  render           | Fra: 300 | Mem: 0M | Synchronizing object | Warm edge
00:00.355  render           | Fra: 300 | Mem: 0M | Synchronizing object | Grain 179
00:00.355  render           | Fra: 300 | Mem: 0M | Synchronizing object | Grain 180
00:00.355  render           | Fra: 300 | Mem: 0M | Synchronizing object | Grain 181
00:00.355  render           | Fra: 300 | Mem: 0M | Synchronizing object | Grain 183
00:00.355  render           | Fra: 300 | Mem: 0M | Synchronizing object | Grain 184
00:00.355  render           | Fra: 300 | Mem: 0M | Synchronizing object | Grain 185
00:00.355  render           | Fra: 300 | Mem: 0M | Synchronizing object | Grain 187
00:00.355  render           | Fra: 300 | Mem: 0M | Synchronizing object | Grain 188
00:00.355  render           | Fra: 300 | Mem: 0M | Synchronizing object | Grain 189
00:00.355  render           | Fra: 300 | Mem: 0M | Synchronizing object | Grain 190
00:00.355  render           | Fra: 300 | Mem: 0M | Synchronizing object | Grain 191
00:00.355  render           | Fra: 300 | Mem: 0M | Synchronizing object | Grain 192
00:00.355  render           | Fra: 300 | Mem: 0M | Synchronizing object | Grain 193
00:00.355  render           | Fra: 300 | Mem: 0M | Synchronizing object | Grain 196
00:00.355  render           | Fra: 300 | Mem: 0M | Synchronizing object | Grain 197
00:00.355  render           | Fra: 300 | Mem: 0M | Synchronizing object | Soft key
00:00.355  render           | Fra: 300 | Mem: 0M | Synchronizing object | Grain 198
00:00.355  render           | Fra: 300 | Mem: 0M | Synchronizing object | Grain 199
00:00.355  render           | Fra: 300 | Mem: 0M | Synchronizing object | Grain 200
00:00.355  render           | Fra: 300 | Mem: 0M | Synchronizing object | Grain 201
00:00.355  render           | Fra: 300 | Mem: 0M | Synchronizing object | Grain 203
00:00.355  render           | Fra: 300 | Mem: 0M | Synchronizing object | Grain 205
00:00.355  render           | Fra: 300 | Mem: 0M | Synchronizing object | Grain 206
00:00.355  render           | Fra: 300 | Mem: 0M | Synchronizing object | Grain 207
00:00.355  render           | Fra: 300 | Mem: 0M | Synchronizing object | Grain 209
00:00.355  render           | Fra: 300 | Mem: 0M | Synchronizing object | Grain 210
00:00.355  render           | Fra: 300 | Mem: 0M | Synchronizing object | Grain 211
00:00.355  render           | Fra: 300 | Mem: 0M | Synchronizing object | Grain 212
00:00.355  render           | Fra: 300 | Mem: 0M | Synchronizing object | Grain 213
00:00.355  render           | Fra: 300 | Mem: 0M | Synchronizing object | Grain 214
00:00.355  render           | Fra: 300 | Mem: 0M | Synchronizing object | Grain 215
00:00.355  render           | Fra: 300 | Mem: 0M | Synchronizing object | Grain 216
00:00.355  render           | Fra: 300 | Mem: 0M | Synchronizing object | Grain 218
00:00.355  render           | Fra: 300 | Mem: 0M | Synchronizing object | Grain 220
00:00.355  render           | Fra: 300 | Mem: 0M | Synchronizing object | Grain 221
00:00.355  render           | Fra: 300 | Mem: 0M | Synchronizing object | Grain 222
00:00.355  render           | Fra: 300 | Mem: 0M | Synchronizing object | Grain 224
00:00.355  render           | Fra: 300 | Mem: 0M | Synchronizing object | Grain 226
00:00.355  render           | Fra: 300 | Mem: 0M | Synchronizing object | Grain 228
00:00.355  render           | Fra: 300 | Mem: 0M | Synchronizing object | Grain 229
00:00.355  render           | Fra: 300 | Mem: 0M | Synchronizing object | Grain 230
00:00.355  render           | Fra: 300 | Mem: 0M | Synchronizing object | Grain 231
00:00.355  render           | Fra: 300 | Mem: 0M | Synchronizing object | Grain 232
00:00.355  render           | Fra: 300 | Mem: 0M | Synchronizing object | Grain 233
00:00.355  render           | Fra: 300 | Mem: 0M | Synchronizing object | Grain 234
00:00.355  render           | Fra: 300 | Mem: 0M | Synchronizing object | Grain 235
00:00.355  render           | Fra: 300 | Mem: 0M | Synchronizing object | Grain 866
00:00.355  render           | Fra: 300 | Mem: 0M | Synchronizing object | Grain 236
00:00.355  render           | Fra: 300 | Mem: 0M | Synchronizing object | Grain 237
00:00.355  render           | Fra: 300 | Mem: 0M | Synchronizing object | Grain 238
00:00.355  render           | Fra: 300 | Mem: 0M | Synchronizing object | Grain 239
00:00.355  render           | Fra: 300 | Mem: 0M | Synchronizing object | Grain 240
00:00.355  render           | Fra: 300 | Mem: 0M | Synchronizing object | Grain 241
00:00.355  render           | Fra: 300 | Mem: 0M | Synchronizing object | Grain 865
00:00.355  render           | Fra: 300 | Mem: 0M | Synchronizing object | Grain 864
00:00.355  render           | Fra: 300 | Mem: 0M | Synchronizing object | Grain 863
00:00.355  render           | Fra: 300 | Mem: 0M | Synchronizing object | Grain 243
00:00.355  render           | Fra: 300 | Mem: 0M | Synchronizing object | Grain 862
00:00.355  render           | Fra: 300 | Mem: 0M | Synchronizing object | Grain 244
00:00.355  render           | Fra: 300 | Mem: 0M | Synchronizing object | Grain 246
00:00.355  render           | Fra: 300 | Mem: 0M | Synchronizing object | Grain 247
00:00.355  render           | Fra: 300 | Mem: 0M | Synchronizing object | Grain 248
00:00.355  render           | Fra: 300 | Mem: 0M | Synchronizing object | Grain 861
00:00.355  render           | Fra: 300 | Mem: 0M | Synchronizing object | Grain 250
00:00.355  render           | Fra: 300 | Mem: 0M | Synchronizing object | Grain 860
00:00.355  render           | Fra: 300 | Mem: 0M | Synchronizing object | Grain 252
00:00.355  render           | Fra: 300 | Mem: 0M | Synchronizing object | Grain 859
00:00.355  render           | Fra: 300 | Mem: 0M | Synchronizing object | Grain 253
00:00.355  render           | Fra: 300 | Mem: 0M | Synchronizing object | Grain 254
00:00.355  render           | Fra: 300 | Mem: 0M | Synchronizing object | Grain 256
00:00.355  render           | Fra: 300 | Mem: 0M | Synchronizing object | Grain 258
00:00.355  render           | Fra: 300 | Mem: 0M | Synchronizing object | Grain 259
00:00.355  render           | Fra: 300 | Mem: 0M | Synchronizing object | Grain 858
00:00.356  render           | Fra: 300 | Mem: 0M | Synchronizing object | Grain 261
00:00.356  render           | Fra: 300 | Mem: 0M | Synchronizing object | Grain 857
00:00.356  render           | Fra: 300 | Mem: 0M | Synchronizing object | Grain 856
00:00.356  render           | Fra: 300 | Mem: 0M | Synchronizing object | Grain 263
00:00.356  render           | Fra: 300 | Mem: 0M | Synchronizing object | Grain 265
00:00.356  render           | Fra: 300 | Mem: 0M | Synchronizing object | Grain 266
00:00.356  render           | Fra: 300 | Mem: 0M | Synchronizing object | Grain 267
00:00.356  render           | Fra: 300 | Mem: 0M | Synchronizing object | Grain 268
00:00.356  render           | Fra: 300 | Mem: 0M | Synchronizing object | Grain 270
00:00.356  render           | Fra: 300 | Mem: 0M | Synchronizing object | Grain 272
00:00.356  render           | Fra: 300 | Mem: 0M | Synchronizing object | Grain 273
00:00.356  render           | Fra: 300 | Mem: 0M | Synchronizing object | Grain 275
00:00.356  render           | Fra: 300 | Mem: 0M | Synchronizing object | Grain 276
00:00.356  render           | Fra: 300 | Mem: 0M | Synchronizing object | Grain 277
00:00.356  render           | Fra: 300 | Mem: 0M | Synchronizing object | Grain 278
00:00.356  render           | Fra: 300 | Mem: 0M | Synchronizing object | Grain 279
00:00.356  render           | Fra: 300 | Mem: 0M | Synchronizing object | Grain 855
00:00.356  render           | Fra: 300 | Mem: 0M | Synchronizing object | Grain 280
00:00.356  render           | Fra: 300 | Mem: 0M | Synchronizing object | Grain 281
00:00.356  render           | Fra: 300 | Mem: 0M | Synchronizing object | Grain 282
00:00.356  render           | Fra: 300 | Mem: 0M | Synchronizing object | Grain 283
00:00.356  render           | Fra: 300 | Mem: 0M | Synchronizing object | Grain 285
00:00.356  render           | Fra: 300 | Mem: 0M | Synchronizing object | Grain 287
00:00.356  render           | Fra: 300 | Mem: 0M | Synchronizing object | Grain 853
00:00.356  render           | Fra: 300 | Mem: 0M | Synchronizing object | Grain 288
00:00.356  render           | Fra: 300 | Mem: 0M | Synchronizing object | Grain 289
00:00.356  render           | Fra: 300 | Mem: 0M | Synchronizing object | Grain 291
00:00.356  render           | Fra: 300 | Mem: 0M | Synchronizing object | Grain 292
00:00.356  render           | Fra: 300 | Mem: 0M | Synchronizing object | Grain 293
00:00.356  render           | Fra: 300 | Mem: 0M | Synchronizing object | Grain 294
00:00.356  render           | Fra: 300 | Mem: 0M | Synchronizing object | Grain 295
00:00.356  render           | Fra: 300 | Mem: 0M | Synchronizing object | Grain 297
00:00.356  render           | Fra: 300 | Mem: 0M | Synchronizing object | Grain 298
00:00.356  render           | Fra: 300 | Mem: 0M | Synchronizing object | Grain 300
00:00.356  render           | Fra: 300 | Mem: 0M | Synchronizing object | Grain 852
00:00.356  render           | Fra: 300 | Mem: 0M | Synchronizing object | Grain 851
00:00.356  render           | Fra: 300 | Mem: 0M | Synchronizing object | Grain 301
00:00.356  render           | Fra: 300 | Mem: 0M | Synchronizing object | Grain 850
00:00.356  render           | Fra: 300 | Mem: 0M | Synchronizing object | Grain 302
00:00.356  render           | Fra: 300 | Mem: 0M | Synchronizing object | Grain 303
00:00.356  render           | Fra: 300 | Mem: 0M | Synchronizing object | Grain 304
00:00.356  render           | Fra: 300 | Mem: 0M | Synchronizing object | Grain 305
00:00.356  render           | Fra: 300 | Mem: 0M | Synchronizing object | Grain 306
00:00.356  render           | Fra: 300 | Mem: 0M | Synchronizing object | Grain 307
00:00.356  render           | Fra: 300 | Mem: 0M | Synchronizing object | Grain 309
00:00.356  render           | Fra: 300 | Mem: 0M | Synchronizing object | Grain 310
00:00.356  render           | Fra: 300 | Mem: 0M | Synchronizing object | Grain 311
00:00.356  render           | Fra: 300 | Mem: 0M | Synchronizing object | Grain 849
00:00.356  render           | Fra: 300 | Mem: 0M | Synchronizing object | Grain 312
00:00.356  render           | Fra: 300 | Mem: 0M | Synchronizing object | Grain 848
00:00.356  render           | Fra: 300 | Mem: 0M | Synchronizing object | Grain 313
00:00.356  render           | Fra: 300 | Mem: 0M | Synchronizing object | Grain 314
00:00.356  render           | Fra: 300 | Mem: 0M | Synchronizing object | Grain 315
00:00.356  render           | Fra: 300 | Mem: 0M | Synchronizing object | Grain 316
00:00.356  render           | Fra: 300 | Mem: 0M | Synchronizing object | Grain 317
00:00.356  render           | Fra: 300 | Mem: 0M | Synchronizing object | Grain 319
00:00.356  render           | Fra: 300 | Mem: 0M | Synchronizing object | Grain 320
00:00.356  render           | Fra: 300 | Mem: 0M | Synchronizing object | Grain 321
00:00.356  render           | Fra: 300 | Mem: 0M | Synchronizing object | Grain 322
00:00.356  render           | Fra: 300 | Mem: 0M | Synchronizing object | Grain 323
00:00.356  render           | Fra: 300 | Mem: 0M | Synchronizing object | Grain 325
00:00.356  render           | Fra: 300 | Mem: 0M | Synchronizing object | Grain 327
00:00.356  render           | Fra: 300 | Mem: 0M | Synchronizing object | Grain 328
00:00.356  render           | Fra: 300 | Mem: 0M | Synchronizing object | Grain 330
00:00.356  render           | Fra: 300 | Mem: 0M | Synchronizing object | Grain 331
00:00.356  render           | Fra: 300 | Mem: 0M | Synchronizing object | Grain 333
00:00.356  render           | Fra: 300 | Mem: 0M | Synchronizing object | Grain 334
00:00.356  render           | Fra: 300 | Mem: 0M | Synchronizing object | Grain 335
00:00.356  render           | Fra: 300 | Mem: 0M | Synchronizing object | Grain 336
00:00.356  render           | Fra: 300 | Mem: 0M | Synchronizing object | Grain 338
00:00.356  render           | Fra: 300 | Mem: 0M | Synchronizing object | Grain 340
00:00.356  render           | Fra: 300 | Mem: 0M | Synchronizing object | Grain 342
00:00.356  render           | Fra: 300 | Mem: 0M | Synchronizing object | Grain 343
00:00.356  render           | Fra: 300 | Mem: 0M | Synchronizing object | Grain 844
00:00.356  render           | Fra: 300 | Mem: 0M | Synchronizing object | Grain 345
00:00.356  render           | Fra: 300 | Mem: 0M | Synchronizing object | Grain 843
00:00.356  render           | Fra: 300 | Mem: 0M | Synchronizing object | Grain 347
00:00.356  render           | Fra: 300 | Mem: 0M | Synchronizing object | Grain 348
00:00.356  render           | Fra: 300 | Mem: 0M | Synchronizing object | Grain 349
00:00.356  render           | Fra: 300 | Mem: 0M | Synchronizing object | Grain 350
00:00.356  render           | Fra: 300 | Mem: 0M | Synchronizing object | Grain 351
00:00.356  render           | Fra: 300 | Mem: 0M | Synchronizing object | Grain 352
00:00.356  render           | Fra: 300 | Mem: 0M | Synchronizing object | Grain 353
00:00.356  render           | Fra: 300 | Mem: 0M | Synchronizing object | Grain 354
00:00.356  render           | Fra: 300 | Mem: 0M | Synchronizing object | Grain 355
00:00.356  render           | Fra: 300 | Mem: 0M | Synchronizing object | Grain 356
00:00.356  render           | Fra: 300 | Mem: 0M | Synchronizing object | Grain 358
00:00.356  render           | Fra: 300 | Mem: 0M | Synchronizing object | Grain 359
00:00.356  render           | Fra: 300 | Mem: 0M | Synchronizing object | Grain 360
00:00.356  render           | Fra: 300 | Mem: 0M | Synchronizing object | Grain 362
00:00.356  render           | Fra: 300 | Mem: 0M | Synchronizing object | Grain 363
00:00.356  render           | Fra: 300 | Mem: 0M | Synchronizing object | Grain 364
00:00.356  render           | Fra: 300 | Mem: 0M | Synchronizing object | Grain 365
00:00.356  render           | Fra: 300 | Mem: 0M | Synchronizing object | Grain 366
00:00.356  render           | Fra: 300 | Mem: 0M | Synchronizing object | Grain 367
00:00.356  render           | Fra: 300 | Mem: 0M | Synchronizing object | Grain 369
00:00.356  render           | Fra: 300 | Mem: 0M | Synchronizing object | Grain 370
00:00.356  render           | Fra: 300 | Mem: 0M | Synchronizing object | Grain 373
00:00.356  render           | Fra: 300 | Mem: 0M | Synchronizing object | Grain 374
00:00.356  render           | Fra: 300 | Mem: 0M | Synchronizing object | Grain 375
00:00.356  render           | Fra: 300 | Mem: 0M | Synchronizing object | Grain 376
00:00.356  render           | Fra: 300 | Mem: 0M | Synchronizing object | Grain 377
00:00.356  render           | Fra: 300 | Mem: 0M | Synchronizing object | Grain 379
00:00.356  render           | Fra: 300 | Mem: 0M | Synchronizing object | Grain 380
00:00.356  render           | Fra: 300 | Mem: 0M | Synchronizing object | Grain 381
00:00.356  render           | Fra: 300 | Mem: 0M | Synchronizing object | Grain 383
00:00.356  render           | Fra: 300 | Mem: 0M | Synchronizing object | Grain 384
00:00.356  render           | Fra: 300 | Mem: 0M | Synchronizing object | Grain 385
00:00.356  render           | Fra: 300 | Mem: 0M | Synchronizing object | Grain 387
00:00.356  render           | Fra: 300 | Mem: 0M | Synchronizing object | Grain 388
00:00.356  render           | Fra: 300 | Mem: 0M | Synchronizing object | Grain 389
00:00.356  render           | Fra: 300 | Mem: 0M | Synchronizing object | Grain 390
00:00.356  render           | Fra: 300 | Mem: 0M | Synchronizing object | Grain 392
00:00.356  render           | Fra: 300 | Mem: 0M | Synchronizing object | Grain 393
00:00.356  render           | Fra: 300 | Mem: 0M | Synchronizing object | Grain 395
00:00.356  render           | Fra: 300 | Mem: 0M | Synchronizing object | Grain 396
00:00.356  render           | Fra: 300 | Mem: 0M | Synchronizing object | Grain 397
00:00.356  render           | Fra: 300 | Mem: 0M | Synchronizing object | Grain 398
00:00.356  render           | Fra: 300 | Mem: 0M | Synchronizing object | Grain 399
00:00.356  render           | Fra: 300 | Mem: 0M | Synchronizing object | Grain 400
00:00.356  render           | Fra: 300 | Mem: 0M | Synchronizing object | Grain 402
00:00.356  render           | Fra: 300 | Mem: 0M | Synchronizing object | Grain 403
00:00.356  render           | Fra: 300 | Mem: 0M | Synchronizing object | Grain 404
00:00.356  render           | Fra: 300 | Mem: 0M | Synchronizing object | Grain 406
00:00.357  render           | Fra: 300 | Mem: 0M | Synchronizing object | Grain 407
00:00.357  render           | Fra: 300 | Mem: 0M | Synchronizing object | Grain 409
00:00.357  render           | Fra: 300 | Mem: 0M | Synchronizing object | Grain 410
00:00.357  render           | Fra: 300 | Mem: 0M | Synchronizing object | Grain 411
00:00.357  render           | Fra: 300 | Mem: 0M | Synchronizing object | Grain 412
00:00.357  render           | Fra: 300 | Mem: 0M | Synchronizing object | Grain 413
00:00.357  render           | Fra: 300 | Mem: 0M | Synchronizing object | Grain 414
00:00.357  render           | Fra: 300 | Mem: 0M | Synchronizing object | Grain 415
00:00.357  render           | Fra: 300 | Mem: 0M | Synchronizing object | Grain 841
00:00.357  render           | Fra: 300 | Mem: 0M | Synchronizing object | Grain 417
00:00.357  render           | Fra: 300 | Mem: 0M | Synchronizing object | Grain 418
00:00.357  render           | Fra: 300 | Mem: 0M | Synchronizing object | Grain 419
00:00.357  render           | Fra: 300 | Mem: 0M | Synchronizing object | Grain 421
00:00.357  render           | Fra: 300 | Mem: 0M | Synchronizing object | Grain 422
00:00.357  render           | Fra: 300 | Mem: 0M | Synchronizing object | Grain 839
00:00.357  render           | Fra: 300 | Mem: 0M | Synchronizing object | Grain 423
00:00.357  render           | Fra: 300 | Mem: 0M | Synchronizing object | Grain 838
00:00.357  render           | Fra: 300 | Mem: 0M | Synchronizing object | Grain 425
00:00.357  render           | Fra: 300 | Mem: 0M | Synchronizing object | Grain 426
00:00.357  render           | Fra: 300 | Mem: 0M | Synchronizing object | Grain 427
00:00.357  render           | Fra: 300 | Mem: 0M | Synchronizing object | Grain 429
00:00.357  render           | Fra: 300 | Mem: 0M | Synchronizing object | Grain 430
00:00.357  render           | Fra: 300 | Mem: 0M | Synchronizing object | Grain 432
00:00.357  render           | Fra: 300 | Mem: 0M | Synchronizing object | Grain 433
00:00.357  render           | Fra: 300 | Mem: 0M | Synchronizing object | Grain 434
00:00.357  render           | Fra: 300 | Mem: 0M | Synchronizing object | Grain 435
00:00.357  render           | Fra: 300 | Mem: 0M | Synchronizing object | Grain 436
00:00.357  render           | Fra: 300 | Mem: 0M | Synchronizing object | Grain 437
00:00.357  render           | Fra: 300 | Mem: 0M | Synchronizing object | Grain 438
00:00.357  render           | Fra: 300 | Mem: 0M | Synchronizing object | Grain 439
00:00.357  render           | Fra: 300 | Mem: 0M | Synchronizing object | Grain 440
00:00.357  render           | Fra: 300 | Mem: 0M | Synchronizing object | Grain 441
00:00.357  render           | Fra: 300 | Mem: 0M | Synchronizing object | Grain 442
00:00.357  render           | Fra: 300 | Mem: 0M | Synchronizing object | Grain 443
00:00.357  render           | Fra: 300 | Mem: 0M | Synchronizing object | Grain 445
00:00.357  render           | Fra: 300 | Mem: 0M | Synchronizing object | Grain 446
00:00.357  render           | Fra: 300 | Mem: 0M | Synchronizing object | Grain 447
00:00.357  render           | Fra: 300 | Mem: 0M | Synchronizing object | Grain 449
00:00.357  render           | Fra: 300 | Mem: 0M | Synchronizing object | Grain 450
00:00.357  render           | Fra: 300 | Mem: 0M | Synchronizing object | Grain 451
00:00.357  render           | Fra: 300 | Mem: 0M | Synchronizing object | Grain 452
00:00.357  render           | Fra: 300 | Mem: 0M | Synchronizing object | Grain 453
00:00.357  render           | Fra: 300 | Mem: 0M | Synchronizing object | Grain 454
00:00.357  render           | Fra: 300 | Mem: 0M | Synchronizing object | Grain 455
00:00.357  render           | Fra: 300 | Mem: 0M | Synchronizing object | Grain 456
00:00.357  render           | Fra: 300 | Mem: 0M | Synchronizing object | Grain 457
00:00.357  render           | Fra: 300 | Mem: 0M | Synchronizing object | Grain 459
00:00.357  render           | Fra: 300 | Mem: 0M | Synchronizing object | Grain 460
00:00.357  render           | Fra: 300 | Mem: 0M | Synchronizing object | Grain 462
00:00.357  render           | Fra: 300 | Mem: 0M | Synchronizing object | Grain 463
00:00.357  render           | Fra: 300 | Mem: 0M | Synchronizing object | Grain 464
00:00.357  render           | Fra: 300 | Mem: 0M | Synchronizing object | Grain 465
00:00.357  render           | Fra: 300 | Mem: 0M | Synchronizing object | Grain 467
00:00.357  render           | Fra: 300 | Mem: 0M | Synchronizing object | Grain 468
00:00.357  render           | Fra: 300 | Mem: 0M | Synchronizing object | Grain 469
00:00.357  render           | Fra: 300 | Mem: 0M | Synchronizing object | Grain 470
00:00.357  render           | Fra: 300 | Mem: 0M | Synchronizing object | Grain 471
00:00.357  render           | Fra: 300 | Mem: 0M | Synchronizing object | Grain 472
00:00.357  render           | Fra: 300 | Mem: 0M | Synchronizing object | Grain 834
00:00.357  render           | Fra: 300 | Mem: 0M | Synchronizing object | Grain 473
00:00.357  render           | Fra: 300 | Mem: 0M | Synchronizing object | Grain 474
00:00.357  render           | Fra: 300 | Mem: 0M | Synchronizing object | Grain 475
00:00.357  render           | Fra: 300 | Mem: 0M | Synchronizing object | Grain 476
00:00.357  render           | Fra: 300 | Mem: 0M | Synchronizing object | Grain 478
00:00.357  render           | Fra: 300 | Mem: 0M | Synchronizing object | Grain 480
00:00.357  render           | Fra: 300 | Mem: 0M | Synchronizing object | Grain 481
00:00.357  render           | Fra: 300 | Mem: 0M | Synchronizing object | Grain 833
00:00.357  render           | Fra: 300 | Mem: 0M | Synchronizing object | Grain 482
00:00.357  render           | Fra: 300 | Mem: 0M | Synchronizing object | Grain 483
00:00.357  render           | Fra: 300 | Mem: 0M | Synchronizing object | Grain 484
00:00.357  render           | Fra: 300 | Mem: 0M | Synchronizing object | Grain 486
00:00.357  render           | Fra: 300 | Mem: 0M | Synchronizing object | Grain 487
00:00.357  render           | Fra: 300 | Mem: 0M | Synchronizing object | Grain 832
00:00.357  render           | Fra: 300 | Mem: 0M | Synchronizing object | Grain 831
00:00.357  render           | Fra: 300 | Mem: 0M | Synchronizing object | Grain 830
00:00.357  render           | Fra: 300 | Mem: 0M | Synchronizing object | Grain 489
00:00.357  render           | Fra: 300 | Mem: 0M | Synchronizing object | Grain 829
00:00.357  render           | Fra: 300 | Mem: 0M | Synchronizing object | Grain 491
00:00.357  render           | Fra: 300 | Mem: 0M | Synchronizing object | Grain 492
00:00.357  render           | Fra: 300 | Mem: 0M | Synchronizing object | Grain 494
00:00.357  render           | Fra: 300 | Mem: 0M | Synchronizing object | Grain 495
00:00.357  render           | Fra: 300 | Mem: 0M | Synchronizing object | Grain 496
00:00.357  render           | Fra: 300 | Mem: 0M | Synchronizing object | Grain 497
00:00.357  render           | Fra: 300 | Mem: 0M | Synchronizing object | Grain 498
00:00.357  render           | Fra: 300 | Mem: 0M | Synchronizing object | Grain 499
00:00.357  render           | Fra: 300 | Mem: 0M | Synchronizing object | Grain 500
00:00.357  render           | Fra: 300 | Mem: 0M | Synchronizing object | Grain 502
00:00.357  render           | Fra: 300 | Mem: 0M | Synchronizing object | Grain 503
00:00.357  render           | Fra: 300 | Mem: 0M | Synchronizing object | Grain 506
00:00.357  render           | Fra: 300 | Mem: 0M | Synchronizing object | Grain 508
00:00.357  render           | Fra: 300 | Mem: 0M | Synchronizing object | Grain 509
00:00.357  render           | Fra: 300 | Mem: 0M | Synchronizing object | Grain 510
00:00.357  render           | Fra: 300 | Mem: 0M | Synchronizing object | Grain 511
00:00.357  render           | Fra: 300 | Mem: 0M | Synchronizing object | Grain 513
00:00.357  render           | Fra: 300 | Mem: 0M | Synchronizing object | Grain 514
00:00.357  render           | Fra: 300 | Mem: 0M | Synchronizing object | Grain 515
00:00.357  render           | Fra: 300 | Mem: 0M | Synchronizing object | Grain 516
00:00.357  render           | Fra: 300 | Mem: 0M | Synchronizing object | Grain 517
00:00.357  render           | Fra: 300 | Mem: 0M | Synchronizing object | Grain 518
00:00.357  render           | Fra: 300 | Mem: 0M | Synchronizing object | Grain 519
00:00.357  render           | Fra: 300 | Mem: 0M | Synchronizing object | Grain 520
00:00.357  render           | Fra: 300 | Mem: 0M | Synchronizing object | Grain 521
00:00.357  render           | Fra: 300 | Mem: 0M | Synchronizing object | Grain 522
00:00.357  render           | Fra: 300 | Mem: 0M | Synchronizing object | Grain 523
00:00.357  render           | Fra: 300 | Mem: 0M | Synchronizing object | Grain 524
00:00.357  render           | Fra: 300 | Mem: 0M | Synchronizing object | Grain 525
00:00.357  render           | Fra: 300 | Mem: 0M | Synchronizing object | Grain 526
00:00.357  render           | Fra: 300 | Mem: 0M | Synchronizing object | Grain 827
00:00.357  render           | Fra: 300 | Mem: 0M | Synchronizing object | Grain 527
00:00.357  render           | Fra: 300 | Mem: 0M | Synchronizing object | Grain 528
00:00.357  render           | Fra: 300 | Mem: 0M | Synchronizing object | Grain 529
00:00.357  render           | Fra: 300 | Mem: 0M | Synchronizing object | Grain 530
00:00.357  render           | Fra: 300 | Mem: 0M | Synchronizing object | Grain 531
00:00.357  render           | Fra: 300 | Mem: 0M | Synchronizing object | Grain 532
00:00.357  render           | Fra: 300 | Mem: 0M | Synchronizing object | Grain 533
00:00.357  render           | Fra: 300 | Mem: 0M | Synchronizing object | Grain 534
00:00.357  render           | Fra: 300 | Mem: 0M | Synchronizing object | Grain 535
00:00.357  render           | Fra: 300 | Mem: 0M | Synchronizing object | Grain 537
00:00.357  render           | Fra: 300 | Mem: 0M | Synchronizing object | Grain 538
00:00.358  render           | Fra: 300 | Mem: 0M | Synchronizing object | Grain 539
00:00.358  render           | Fra: 300 | Mem: 0M | Synchronizing object | Grain 540
00:00.358  render           | Fra: 300 | Mem: 0M | Synchronizing object | Grain 542
00:00.358  render           | Fra: 300 | Mem: 0M | Synchronizing object | Grain 543
00:00.358  render           | Fra: 300 | Mem: 0M | Synchronizing object | Grain 544
00:00.358  render           | Fra: 300 | Mem: 0M | Synchronizing object | Grain 826
00:00.358  render           | Fra: 300 | Mem: 0M | Synchronizing object | Grain 545
00:00.358  render           | Fra: 300 | Mem: 0M | Synchronizing object | Grain 546
00:00.358  render           | Fra: 300 | Mem: 0M | Synchronizing object | Grain 547
00:00.358  render           | Fra: 300 | Mem: 0M | Synchronizing object | Grain 549
00:00.358  render           | Fra: 300 | Mem: 0M | Synchronizing object | Grain 551
00:00.358  render           | Fra: 300 | Mem: 0M | Synchronizing object | Grain 552
00:00.358  render           | Fra: 300 | Mem: 0M | Synchronizing object | Grain 553
00:00.358  render           | Fra: 300 | Mem: 0M | Synchronizing object | Grain 555
00:00.358  render           | Fra: 300 | Mem: 0M | Synchronizing object | Grain 558
00:00.358  render           | Fra: 300 | Mem: 0M | Synchronizing object | Grain 559
00:00.358  render           | Fra: 300 | Mem: 0M | Synchronizing object | Grain 560
00:00.358  render           | Fra: 300 | Mem: 0M | Synchronizing object | Grain 561
00:00.358  render           | Fra: 300 | Mem: 0M | Synchronizing object | Grain 562
00:00.358  render           | Fra: 300 | Mem: 0M | Synchronizing object | Grain 564
00:00.358  render           | Fra: 300 | Mem: 0M | Synchronizing object | Grain 565
00:00.358  render           | Fra: 300 | Mem: 0M | Synchronizing object | Grain 566
00:00.358  render           | Fra: 300 | Mem: 0M | Synchronizing object | Grain 567
00:00.358  render           | Fra: 300 | Mem: 0M | Synchronizing object | Grain 568
00:00.358  render           | Fra: 300 | Mem: 0M | Synchronizing object | Grain 569
00:00.358  render           | Fra: 300 | Mem: 0M | Synchronizing object | Grain 570
00:00.358  render           | Fra: 300 | Mem: 0M | Synchronizing object | Grain 572
00:00.358  render           | Fra: 300 | Mem: 0M | Synchronizing object | Grain 573
00:00.358  render           | Fra: 300 | Mem: 0M | Synchronizing object | Grain 575
00:00.358  render           | Fra: 300 | Mem: 0M | Synchronizing object | Grain 576
00:00.358  render           | Fra: 300 | Mem: 0M | Synchronizing object | Grain 577
00:00.358  render           | Fra: 300 | Mem: 0M | Synchronizing object | Grain 579
00:00.358  render           | Fra: 300 | Mem: 0M | Synchronizing object | Grain 580
00:00.358  render           | Fra: 300 | Mem: 0M | Synchronizing object | Grain 825
00:00.358  render           | Fra: 300 | Mem: 0M | Synchronizing object | Grain 581
00:00.358  render           | Fra: 300 | Mem: 0M | Synchronizing object | Grain 824
00:00.358  render           | Fra: 300 | Mem: 0M | Synchronizing object | Grain 823
00:00.358  render           | Fra: 300 | Mem: 0M | Synchronizing object | Grain 585
00:00.358  render           | Fra: 300 | Mem: 0M | Synchronizing object | Grain 822
00:00.358  render           | Fra: 300 | Mem: 0M | Synchronizing object | Grain 586
00:00.358  render           | Fra: 300 | Mem: 0M | Synchronizing object | Grain 587
00:00.358  render           | Fra: 300 | Mem: 0M | Synchronizing object | Grain 589
00:00.358  render           | Fra: 300 | Mem: 0M | Synchronizing object | Grain 590
00:00.358  render           | Fra: 300 | Mem: 0M | Synchronizing object | Grain 591
00:00.358  render           | Fra: 300 | Mem: 0M | Synchronizing object | Grain 592
00:00.358  render           | Fra: 300 | Mem: 0M | Synchronizing object | Grain 821
00:00.358  render           | Fra: 300 | Mem: 0M | Synchronizing object | Grain 593
00:00.358  render           | Fra: 300 | Mem: 0M | Synchronizing object | Grain 820
00:00.358  render           | Fra: 300 | Mem: 0M | Synchronizing object | Grain 594
00:00.358  render           | Fra: 300 | Mem: 0M | Synchronizing object | Grain 596
00:00.358  render           | Fra: 300 | Mem: 0M | Synchronizing object | Grain 597
00:00.358  render           | Fra: 300 | Mem: 0M | Synchronizing object | Grain 599
00:00.358  render           | Fra: 300 | Mem: 0M | Synchronizing object | Grain 600
00:00.358  render           | Fra: 300 | Mem: 0M | Synchronizing object | Grain 601
00:00.358  render           | Fra: 300 | Mem: 0M | Synchronizing object | Grain 602
00:00.358  render           | Fra: 300 | Mem: 0M | Synchronizing object | Grain 819
00:00.358  render           | Fra: 300 | Mem: 0M | Synchronizing object | Grain 604
00:00.358  render           | Fra: 300 | Mem: 0M | Synchronizing object | Grain 818
00:00.358  render           | Fra: 300 | Mem: 0M | Synchronizing object | Grain 605
00:00.358  render           | Fra: 300 | Mem: 0M | Synchronizing object | Grain 817
00:00.358  render           | Fra: 300 | Mem: 0M | Synchronizing object | Grain 816
00:00.358  render           | Fra: 300 | Mem: 0M | Synchronizing object | Grain 607
00:00.358  render           | Fra: 300 | Mem: 0M | Synchronizing object | Grain 815
00:00.358  render           | Fra: 300 | Mem: 0M | Synchronizing object | Grain 609
00:00.358  render           | Fra: 300 | Mem: 0M | Synchronizing object | Grain 610
00:00.358  render           | Fra: 300 | Mem: 0M | Synchronizing object | Grain 611
00:00.358  render           | Fra: 300 | Mem: 0M | Synchronizing object | Grain 613
00:00.358  render           | Fra: 300 | Mem: 0M | Synchronizing object | Grain 814
00:00.358  render           | Fra: 300 | Mem: 0M | Synchronizing object | Grain 616
00:00.358  render           | Fra: 300 | Mem: 0M | Synchronizing object | Grain 813
00:00.358  render           | Fra: 300 | Mem: 0M | Synchronizing object | Grain 617
00:00.358  render           | Fra: 300 | Mem: 0M | Synchronizing object | Grain 618
00:00.358  render           | Fra: 300 | Mem: 0M | Synchronizing object | Grain 619
00:00.358  render           | Fra: 300 | Mem: 0M | Synchronizing object | Grain 621
00:00.358  render           | Fra: 300 | Mem: 0M | Synchronizing object | Grain 622
00:00.358  render           | Fra: 300 | Mem: 0M | Synchronizing object | Grain 623
00:00.358  render           | Fra: 300 | Mem: 0M | Synchronizing object | Grain 624
00:00.358  render           | Fra: 300 | Mem: 0M | Synchronizing object | Grain 625
00:00.358  render           | Fra: 300 | Mem: 0M | Synchronizing object | Grain 626
00:00.358  render           | Fra: 300 | Mem: 0M | Synchronizing object | Grain 627
00:00.358  render           | Fra: 300 | Mem: 0M | Synchronizing object | Grain 629
00:00.358  render           | Fra: 300 | Mem: 0M | Synchronizing object | Grain 812
00:00.358  render           | Fra: 300 | Mem: 0M | Synchronizing object | Grain 630
00:00.358  render           | Fra: 300 | Mem: 0M | Synchronizing object | Grain 631
00:00.358  render           | Fra: 300 | Mem: 0M | Synchronizing object | Grain 632
00:00.358  render           | Fra: 300 | Mem: 0M | Synchronizing object | Grain 633
00:00.358  render           | Fra: 300 | Mem: 0M | Synchronizing object | Grain 635
00:00.358  render           | Fra: 300 | Mem: 0M | Synchronizing object | Grain 636
00:00.358  render           | Fra: 300 | Mem: 0M | Synchronizing object | Grain 637
00:00.358  render           | Fra: 300 | Mem: 0M | Synchronizing object | Grain 639
00:00.358  render           | Fra: 300 | Mem: 0M | Synchronizing object | Grain 640
00:00.358  render           | Fra: 300 | Mem: 0M | Synchronizing object | Grain 641
00:00.358  render           | Fra: 300 | Mem: 0M | Synchronizing object | Grain 643
00:00.358  render           | Fra: 300 | Mem: 0M | Synchronizing object | Grain 644
00:00.358  render           | Fra: 300 | Mem: 0M | Synchronizing object | Grain 645
00:00.358  render           | Fra: 300 | Mem: 0M | Synchronizing object | Grain 810
00:00.358  render           | Fra: 300 | Mem: 0M | Synchronizing object | Grain 809
00:00.358  render           | Fra: 300 | Mem: 0M | Synchronizing object | Grain 647
00:00.358  render           | Fra: 300 | Mem: 0M | Synchronizing object | Grain 648
00:00.358  render           | Fra: 300 | Mem: 0M | Synchronizing object | Grain 649
00:00.358  render           | Fra: 300 | Mem: 0M | Synchronizing object | Grain 651
00:00.358  render           | Fra: 300 | Mem: 0M | Synchronizing object | Grain 652
00:00.358  render           | Fra: 300 | Mem: 0M | Synchronizing object | Grain 654
00:00.358  render           | Fra: 300 | Mem: 0M | Synchronizing object | Grain 807
00:00.358  render           | Fra: 300 | Mem: 0M | Synchronizing object | Grain 656
00:00.358  render           | Fra: 300 | Mem: 0M | Synchronizing object | Grain 657
00:00.358  render           | Fra: 300 | Mem: 0M | Synchronizing object | Grain 658
00:00.358  render           | Fra: 300 | Mem: 0M | Synchronizing object | Grain 659
00:00.358  render           | Fra: 300 | Mem: 0M | Synchronizing object | Grain 661
00:00.358  render           | Fra: 300 | Mem: 0M | Synchronizing object | Grain 663
00:00.358  render           | Fra: 300 | Mem: 0M | Synchronizing object | Grain 664
00:00.358  render           | Fra: 300 | Mem: 0M | Synchronizing object | Grain 665
00:00.358  render           | Fra: 300 | Mem: 0M | Synchronizing object | Grain 666
00:00.358  render           | Fra: 300 | Mem: 0M | Synchronizing object | Grain 667
00:00.358  render           | Fra: 300 | Mem: 0M | Synchronizing object | Grain 668
00:00.358  render           | Fra: 300 | Mem: 0M | Synchronizing object | Grain 669
00:00.358  render           | Fra: 300 | Mem: 0M | Synchronizing object | Grain 670
00:00.358  render           | Fra: 300 | Mem: 0M | Synchronizing object | Grain 671
00:00.358  render           | Fra: 300 | Mem: 0M | Synchronizing object | Grain 672
00:00.358  render           | Fra: 300 | Mem: 0M | Synchronizing object | Grain 674
00:00.358  render           | Fra: 300 | Mem: 0M | Synchronizing object | Grain 675
00:00.358  render           | Fra: 300 | Mem: 0M | Synchronizing object | Grain 676
00:00.358  render           | Fra: 300 | Mem: 0M | Synchronizing object | Grain 678
00:00.358  render           | Fra: 300 | Mem: 0M | Synchronizing object | Grain 679
00:00.358  render           | Fra: 300 | Mem: 0M | Synchronizing object | Grain 805
00:00.359  render           | Fra: 300 | Mem: 0M | Synchronizing object | Grain 682
00:00.359  render           | Fra: 300 | Mem: 0M | Synchronizing object | Grain 804
00:00.359  render           | Fra: 300 | Mem: 0M | Synchronizing object | Grain 803
00:00.359  render           | Fra: 300 | Mem: 0M | Synchronizing object | Grain 802
00:00.359  render           | Fra: 300 | Mem: 0M | Synchronizing object | Grain 801
00:00.359  render           | Fra: 300 | Mem: 0M | Synchronizing object | Grain 800
00:00.359  render           | Fra: 300 | Mem: 0M | Synchronizing object | Grain 799
00:00.359  render           | Fra: 300 | Mem: 0M | Synchronizing object | Grain 798
00:00.359  render           | Fra: 300 | Mem: 0M | Synchronizing object | Grain 797
00:00.359  render           | Fra: 300 | Mem: 0M | Synchronizing object | Grain 684
00:00.359  render           | Fra: 300 | Mem: 0M | Synchronizing object | Grain 685
00:00.359  render           | Fra: 300 | Mem: 0M | Synchronizing object | Grain 687
00:00.359  render           | Fra: 300 | Mem: 0M | Synchronizing object | Grain 688
00:00.359  render           | Fra: 300 | Mem: 0M | Synchronizing object | Grain 689
00:00.359  render           | Fra: 300 | Mem: 0M | Synchronizing object | Grain 691
00:00.359  render           | Fra: 300 | Mem: 0M | Synchronizing object | Grain 795
00:00.359  render           | Fra: 300 | Mem: 0M | Synchronizing object | Grain 692
00:00.359  render           | Fra: 300 | Mem: 0M | Synchronizing object | Grain 693
00:00.359  render           | Fra: 300 | Mem: 0M | Synchronizing object | Grain 694
00:00.359  render           | Fra: 300 | Mem: 0M | Synchronizing object | Grain 695
00:00.359  render           | Fra: 300 | Mem: 0M | Synchronizing object | Grain 696
00:00.359  render           | Fra: 300 | Mem: 0M | Synchronizing object | Grain 697
00:00.359  render           | Fra: 300 | Mem: 0M | Synchronizing object | Grain 794
00:00.359  render           | Fra: 300 | Mem: 0M | Synchronizing object | Grain 699
00:00.359  render           | Fra: 300 | Mem: 0M | Synchronizing object | Grain 702
00:00.359  render           | Fra: 300 | Mem: 0M | Synchronizing object | Grain 703
00:00.359  render           | Fra: 300 | Mem: 0M | Synchronizing object | Grain 704
00:00.359  render           | Fra: 300 | Mem: 0M | Synchronizing object | Grain 706
00:00.359  render           | Fra: 300 | Mem: 0M | Synchronizing object | Grain 793
00:00.359  render           | Fra: 300 | Mem: 0M | Synchronizing object | Grain 708
00:00.359  render           | Fra: 300 | Mem: 0M | Synchronizing object | Grain 709
00:00.359  render           | Fra: 300 | Mem: 0M | Synchronizing object | Grain 710
00:00.359  render           | Fra: 300 | Mem: 0M | Synchronizing object | Grain 712
00:00.359  render           | Fra: 300 | Mem: 0M | Synchronizing object | Grain 713
00:00.359  render           | Fra: 300 | Mem: 0M | Synchronizing object | Grain 714
00:00.359  render           | Fra: 300 | Mem: 0M | Synchronizing object | Grain 715
00:00.359  render           | Fra: 300 | Mem: 0M | Synchronizing object | Grain 717
00:00.359  render           | Fra: 300 | Mem: 0M | Synchronizing object | Grain 718
00:00.359  render           | Fra: 300 | Mem: 0M | Synchronizing object | Grain 719
00:00.359  render           | Fra: 300 | Mem: 0M | Synchronizing object | Grain 720
00:00.359  render           | Fra: 300 | Mem: 0M | Synchronizing object | Grain 723
00:00.359  render           | Fra: 300 | Mem: 0M | Synchronizing object | Grain 791
00:00.359  render           | Fra: 300 | Mem: 0M | Synchronizing object | Grain 724
00:00.359  render           | Fra: 300 | Mem: 0M | Synchronizing object | Grain 790
00:00.359  render           | Fra: 300 | Mem: 0M | Synchronizing object | Grain 725
00:00.359  render           | Fra: 300 | Mem: 0M | Synchronizing object | Grain 726
00:00.359  render           | Fra: 300 | Mem: 0M | Synchronizing object | Grain 727
00:00.359  render           | Fra: 300 | Mem: 0M | Synchronizing object | Grain 729
00:00.359  render           | Fra: 300 | Mem: 0M | Synchronizing object | Grain 730
00:00.359  render           | Fra: 300 | Mem: 0M | Synchronizing object | Grain 731
00:00.359  render           | Fra: 300 | Mem: 0M | Synchronizing object | Grain 732
00:00.359  render           | Fra: 300 | Mem: 0M | Synchronizing object | Grain 733
00:00.359  render           | Fra: 300 | Mem: 0M | Synchronizing object | Grain 735
00:00.359  render           | Fra: 300 | Mem: 0M | Synchronizing object | Grain 736
00:00.359  render           | Fra: 300 | Mem: 0M | Synchronizing object | Grain 737
00:00.359  render           | Fra: 300 | Mem: 0M | Synchronizing object | Grain 738
00:00.359  render           | Fra: 300 | Mem: 0M | Synchronizing object | Grain 739
00:00.359  render           | Fra: 300 | Mem: 0M | Synchronizing object | Grain 740
00:00.359  render           | Fra: 300 | Mem: 0M | Synchronizing object | Grain 741
00:00.359  render           | Fra: 300 | Mem: 0M | Synchronizing object | Grain 742
00:00.359  render           | Fra: 300 | Mem: 0M | Synchronizing object | Grain 743
00:00.359  render           | Fra: 300 | Mem: 0M | Synchronizing object | Grain 746
00:00.359  render           | Fra: 300 | Mem: 0M | Synchronizing object | Grain 747
00:00.359  render           | Fra: 300 | Mem: 0M | Synchronizing object | Grain 748
00:00.359  render           | Fra: 300 | Mem: 0M | Synchronizing object | Grain 749
00:00.359  render           | Fra: 300 | Mem: 0M | Synchronizing object | Grain 750
00:00.359  render           | Fra: 300 | Mem: 0M | Synchronizing object | Grain 788
00:00.359  render           | Fra: 300 | Mem: 0M | Synchronizing object | Grain 752
00:00.359  render           | Fra: 300 | Mem: 0M | Synchronizing object | Grain 753
00:00.359  render           | Fra: 300 | Mem: 0M | Synchronizing object | Grain 755
00:00.359  render           | Fra: 300 | Mem: 0M | Synchronizing object | Grain 757
00:00.359  render           | Fra: 300 | Mem: 0M | Synchronizing object | Grain 758
00:00.359  render           | Fra: 300 | Mem: 0M | Synchronizing object | Grain 760
00:00.359  render           | Fra: 300 | Mem: 0M | Synchronizing object | Grain 761
00:00.359  render           | Fra: 300 | Mem: 0M | Synchronizing object | Grain 762
00:00.359  render           | Fra: 300 | Mem: 0M | Synchronizing object | Grain 763
00:00.359  render           | Fra: 300 | Mem: 0M | Synchronizing object | Grain 764
00:00.359  render           | Fra: 300 | Mem: 0M | Synchronizing object | Grain 765
00:00.359  render           | Fra: 300 | Mem: 0M | Synchronizing object | Grain 766
00:00.359  render           | Fra: 300 | Mem: 0M | Synchronizing object | Grain 767
00:00.359  render           | Fra: 300 | Mem: 0M | Synchronizing object | Grain 787
00:00.359  render           | Fra: 300 | Mem: 0M | Synchronizing object | Grain 770
00:00.359  render           | Fra: 300 | Mem: 0M | Synchronizing object | Grain 786
00:00.359  render           | Fra: 300 | Mem: 0M | Synchronizing object | Grain 785
00:00.359  render           | Fra: 300 | Mem: 0M | Synchronizing object | Grain 784
00:00.359  render           | Fra: 300 | Mem: 0M | Synchronizing object | Grain 772
00:00.359  render           | Fra: 300 | Mem: 0M | Synchronizing object | Grain 774
00:00.359  render           | Fra: 300 | Mem: 0M | Synchronizing object | Grain 775
00:00.359  render           | Fra: 300 | Mem: 0M | Synchronizing object | Grain 783
00:00.359  render           | Fra: 300 | Mem: 0M | Synchronizing object | Grain 777
00:00.359  render           | Fra: 300 | Mem: 0M | Synchronizing object | Grain 778
00:00.359  render           | Fra: 300 | Mem: 0M | Synchronizing object | Grain 779
00:00.359  render           | Fra: 300 | Mem: 0M | Synchronizing object | Grain 780
00:00.359  render           | Fra: 300 | Mem: 0M | Synchronizing object | Grain 782
00:00.359  render           | Fra: 300 | Mem: 0M | Initializing
00:00.368  render           | Fra: 300 | Mem: 0M | Waiting for render to start
00:00.368  render           | Fra: 300 | Mem: 0M | Updating Scene
00:00.368  render           | Fra: 300 | Mem: 0M | Updating Shaders
00:00.368  render           | Fra: 300 | Mem: 0M | Loading render kernels (may take a few minutes the first time)
00:00.368  render           | Fra: 300 | Mem: 1M | Updating Procedurals
00:00.368  render           | Fra: 300 | Mem: 1M | Updating Background
00:00.368  render           | Fra: 300 | Mem: 1M | Updating Scene Attribute
00:00.368  render           | Fra: 300 | Mem: 1M | Updating Camera
00:00.368  render           | Fra: 300 | Mem: 1M | Updating Meshes Flags
00:00.368  render           | Fra: 300 | Mem: 1M | Updating Objects
00:00.368  render           | Fra: 300 | Mem: 1M | Updating Objects | Copying Transformations to device
00:00.368  render           | Fra: 300 | Mem: 1M | Updating Particle Systems
00:00.368  render           | Fra: 300 | Mem: 1M | Updating Particle Systems | Copying Particles to device
00:00.368  render           | Fra: 300 | Mem: 1M | Updating Meshes
00:00.368  render           | Fra: 300 | Mem: 1M | Updating Objects | Applying Static Transformations
00:00.369  render           | Fra: 300 | Mem: 1M | Updating Scene BVH | Building
00:00.369  render           | Fra: 300 | Mem: 1M | Updating Scene BVH | Building BVH
00:00.369  render           | Fra: 300 | Mem: 7M | Updating Scene BVH | Building BVH 0%
00:00.375  render           | Fra: 300 | Mem: 13M | Updating Scene BVH | Copying BVH to device
00:00.375  render           | Fra: 300 | Mem: 13M | Updating Mesh | Computing attributes
00:00.376  render           | Fra: 300 | Mem: 13M | Updating Mesh | Copying Attributes to device
00:00.376  render           | Fra: 300 | Mem: 16M | Updating Mesh | Computing normals
00:00.376  render           | Fra: 300 | Mem: 16M | Updating Mesh | Copying Mesh to device
00:00.376  render           | Fra: 300 | Mem: 18M | Updating Objects Flags
00:00.376  render           | Fra: 300 | Mem: 18M | Updating Primitive Offsets
00:00.376  render           | Fra: 300 | Mem: 18M | Updating Images
00:00.376  render           | Fra: 300 | Mem: 18M | Updating Volume
00:00.376  render           | Fra: 300 | Mem: 18M | Updating Camera Volume
00:00.376  render           | Fra: 300 | Mem: 18M | Updating Lookup Tables
00:00.376  render           | Fra: 300 | Mem: 19M | Updating Lights
00:00.376  render           | Fra: 300 | Mem: 19M | Updating Lights | Computing tree
00:00.376  render           | Fra: 300 | Mem: 19M | Updating Integrator
00:00.376  render           | Fra: 300 | Mem: 19M | Updating Film
00:00.376  render           | Fra: 300 | Mem: 18M | Updating Lookup Tables
00:00.376  render           | Fra: 300 | Mem: 19M | Updating Baking
00:00.376  render           | Fra: 300 | Mem: 19M | Updating Device | Writing constant memory
00:00.376  render           | Fra: 300 | Mem: 19M | Loading denoising kernels (may take a few minutes the first time)
00:00.376  render           | Fra: 300 | Mem: 19M | Sample 0/12
00:00.496  render           | Fra: 300 | Remaining: 00:01.32 | Mem: 85M | Sample 1/12
00:03.527  render           | Fra: 300 | Mem: 85M | Sample 12/12
00:03.527  render           | Fra: 300 | Mem: 85M | Finished
00:03.604  render           | Saved: '/tmp/vs-gripper-cpu-0300.png'
00:03.604  render           | Time: 00:03.28 (Saving: 00:00.07)

Blender quit
