Bundling 6%
Bundling 18%
Bundling 64%
Bundling 69%
Bundling 74%
Bundling 80%
Bundling 85%
Bundling 90%
Bundling 95%
Bundling 100%
Copying public dir 11.5 MB
Copying public dir 22.4 MB
Copying public dir 46.9 MB
Copying public dir 65.6 MB
Copying public dir 76.5 MB
Copying public dir 78.1 MB
Copying public dir 84.6 MB
Copying public dir 97.2 MB
Copying public dir 99.1 MB
Copying public dir 119.9 MB
Copying public dir 128.9 MB
Copying public dir 140 MB
Copying public dir 150.8 MB
Copying public dir 161.6 MB
Copying public dir 165.3 MB
Copying public dir 171.6 MB
Copying public dir 185 MB
Copying public dir 195.9 MB
Copying public dir 200.9 MB
Copying public dir 225.6 MB
Copying public dir 230.7 MB
Copying public dir 233.4 MB
Copying public dir 245.1 MB
Copying public dir 245.3 MB
Copying public dir 256.7 MB
Copying public dir 263.9 MB
Copying public dir 276.3 MB
Copying public dir 287.5 MB
Copying public dir 290.6 MB
Copying public dir 291 MB
Copying public dir 292.4 MB
Copying public dir 335.4 MB
Copying public dir 336.7 MB
Copying public dir 349 MB
Copying public dir 351.4 MB
Copying public dir 362.1 MB
Copying public dir 363.1 MB
Copying public dir 376.1 MB
Copying public dir 378.6 MB
Copying public dir 389.6 MB
Getting composition
Composition          LabRevision
Codec                h264
Output               /Users/aaronguo/Work/ag/aaron-studio/src/content/videos/visual-sound-design-2026-09-09/lab-revision.mp4
Concurrency          3x
Rendered 0/540
Rendered 1/540, time remaining: 53s
Rendered 2/540, time remaining: 28s
Rendered 3/540, time remaining: 19s
Rendered 4/540, time remaining: 17s
Rendered 5/540, time remaining: 14s
Rendered 6/540, time remaining: 12s
Rendered 7/540, time remaining: 12s
Rendered 8/540, time remaining: 11s
Rendered 9/540, time remaining: 10s
Rendered 10/540, time remaining: 10s
Rendered 11/540, time remaining: 9s
Rendered 12/540, time remaining: 9s
Rendered 13/540, time remaining: 9s
Rendered 14/540, time remaining: 8s
Rendered 15/540, time remaining: 8s
Rendered 16/540, time remaining: 8s
Rendered 17/540, time remaining: 8s
Rendered 18/540, time remaining: 8s
Rendered 19/540, time remaining: 8s
Rendered 20/540, time remaining: 7s
Rendered 21/540, time remaining: 7s
Rendered 22/540, time remaining: 7s
Rendered 23/540, time remaining: 7s
Rendered 24/540, time remaining: 7s
Rendered 25/540, time remaining: 7s
Rendered 26/540, time remaining: 7s
Rendered 27/540, time remaining: 7s
Rendered 28/540, time remaining: 7s
Rendered 29/540, time remaining: 7s
Rendered 30/540, time remaining: 6s
Rendered 31/540, time remaining: 7s
Rendered 32/540, time remaining: 6s
Rendered 33/540, time remaining: 6s
Rendered 34/540, time remaining: 6s
Rendered 35/540, time remaining: 6s
Rendered 36/540, time remaining: 6s
Rendered 37/540, time remaining: 6s
Rendered 38/540, time remaining: 6s
Rendered 39/540, time remaining: 6s
Rendered 40/540, time remaining: 6s
Rendered 41/540, time remaining: 6s
Rendered 42/540, time remaining: 6s
Rendered 43/540, time remaining: 6s
Rendered 44/540, time remaining: 6s
Rendered 45/540, time remaining: 6s
Rendered 46/540, time remaining: 6s
Rendered 47/540, time remaining: 6s
Rendered 48/540, time remaining: 6s
Rendered 49/540, time remaining: 6s
Rendered 50/540, time remaining: 6s
Rendered 51/540, time remaining: 6s
Rendered 52/540, time remaining: 6s
Rendered 53/540, time remaining: 6s
Rendered 54/540, time remaining: 6s
Rendered 55/540, time remaining: 6s
Rendered 56/540, time remaining: 6s
Rendered 57/540, time remaining: 6s
Rendered 58/540, time remaining: 6s
Rendered 59/540, time remaining: 6s
Rendered 60/540, time remaining: 5s
Rendered 61/540, time remaining: 6s
Rendered 62/540, time remaining: 5s
Rendered 63/540, time remaining: 5s
Rendered 64/540, time remaining: 5s
Rendered 65/540, time remaining: 5s
Rendered 66/540, time remaining: 5s
Rendered 67/540, time remaining: 5s
Rendered 68/540, time remaining: 5s
Rendered 69/540, time remaining: 5s
Rendered 70/540, time remaining: 5s
Rendered 71/540, time remaining: 5s
Rendered 72/540, time remaining: 5s
Rendered 73/540, time remaining: 5s
Rendered 74/540, time remaining: 5s
Rendered 75/540, time remaining: 5s
Rendered 76/540, time remaining: 5s
Rendered 77/540, time remaining: 5s
Rendered 78/540, time remaining: 5s
Rendered 79/540, time remaining: 5s
Rendered 80/540, time remaining: 5s
Rendered 81/540, time remaining: 5s
Rendered 82/540, time remaining: 5s
Rendered 83/540, time remaining: 5s
Rendered 84/540, time remaining: 5s
Rendered 85/540, time remaining: 5s
Rendered 86/540, time remaining: 5s
Rendered 87/540, time remaining: 5s
Rendered 88/540, time remaining: 5s
Rendered 89/540, time remaining: 5s
Rendered 90/540, time remaining: 5s
Rendered 91/540, time remaining: 5s
Rendered 92/540, time remaining: 5s
Rendered 93/540, time remaining: 5s
Rendered 94/540, time remaining: 5s
Rendered 95/540, time remaining: 5s
Rendered 96/540, time remaining: 5s
Rendered 97/540, time remaining: 5s
Rendered 98/540, time remaining: 5s
Rendered 99/540, time remaining: 5s
Rendered 100/540, time remaining: 5s
Rendered 101/540, time remaining: 5s
Rendered 102/540, time remaining: 5s
Rendered 102/540, time remaining: 5s
Rendered 103/540, time remaining: 5s
Rendered 104/540, time remaining: 5s
Rendered 105/540, time remaining: 5s
Rendered 106/540, time remaining: 5s
Rendered 107/540, time remaining: 5s
Rendered 108/540, time remaining: 5s
Rendered 109/540, time remaining: 5s
Rendered 110/540, time remaining: 5s
Rendered 111/540, time remaining: 5s
Rendered 112/540, time remaining: 5s
Rendered 113/540, time remaining: 5s
Rendered 114/540, time remaining: 5s
Rendered 115/540, time remaining: 5s
Rendered 116/540, time remaining: 5s
Rendered 117/540, time remaining: 4s
Rendered 118/540, time remaining: 5s
Rendered 119/540, time remaining: 4s
Rendered 120/540, time remaining: 4s
Rendered 121/540, time remaining: 4s
Rendered 122/540, time remaining: 4s
Rendered 123/540, time remaining: 4s
Rendered 124/540, time remaining: 4s
Rendered 125/540, time remaining: 4s
Rendered 126/540, time remaining: 4s
Rendered 127/540, time remaining: 4s
Rendered 128/540, time remaining: 4s
Rendered 129/540, time remaining: 4s
Rendered 130/540, time remaining: 4s
Rendered 131/540, time remaining: 4s
Rendered 132/540, time remaining: 4s
Rendered 133/540, time remaining: 4s
Rendered 134/540, time remaining: 4s
Rendered 135/540, time remaining: 4s
Rendered 136/540, time remaining: 4s
Rendered 137/540, time remaining: 4s
Rendered 138/540, time remaining: 4s
Rendered 139/540, time remaining: 4s
Rendered 140/540, time remaining: 4s
Rendered 141/540, time remaining: 4s
Rendered 142/540, time remaining: 4s
Rendered 143/540, time remaining: 4s
Rendered 144/540, time remaining: 4s
Rendered 145/540, time remaining: 4s
Rendered 146/540, time remaining: 4s
Rendered 147/540, time remaining: 4s
Rendered 147/540, time remaining: 4s
Rendered 148/540, time remaining: 4s
Rendered 149/540, time remaining: 4s
Rendered 150/540, time remaining: 4s
Rendered 151/540, time remaining: 4s
Rendered 152/540, time remaining: 4s
Rendered 153/540, time remaining: 4s
Rendered 154/540, time remaining: 4s
Rendered 155/540, time remaining: 4s
Rendered 156/540, time remaining: 4s
Rendered 157/540, time remaining: 4s
Rendered 158/540, time remaining: 4s
Rendered 159/540, time remaining: 4s
Rendered 160/540, time remaining: 4s
Rendered 161/540, time remaining: 4s
Rendered 162/540, time remaining: 4s
Rendered 163/540, time remaining: 4s
Rendered 164/540, time remaining: 4s
Rendered 165/540, time remaining: 4s
Rendered 166/540, time remaining: 4s
Rendered 167/540, time remaining: 4s
Rendered 168/540, time remaining: 4s
Rendered 169/540, time remaining: 4s
Rendered 170/540, time remaining: 4s
Rendered 171/540, time remaining: 4s
Rendered 172/540, time remaining: 4s
Rendered 173/540, time remaining: 4s
Rendered 174/540, time remaining: 4s
Rendered 175/540, time remaining: 4s
Rendered 176/540, time remaining: 4s
Rendered 177/540, time remaining: 4s
Rendered 178/540, time remaining: 4s
Rendered 179/540, time remaining: 4s
Rendered 180/540, time remaining: 4s
Rendered 181/540, time remaining: 3s
Rendered 182/540, time remaining: 3s
Rendered 183/540, time remaining: 3s
Rendered 184/540, time remaining: 3s
Rendered 185/540, time remaining: 3s
Rendered 186/540, time remaining: 3s
Rendered 187/540, time remaining: 3s
Rendered 188/540, time remaining: 3s
Rendered 189/540, time remaining: 3s
Rendered 190/540, time remaining: 3s
Rendered 191/540, time remaining: 3s
Rendered 192/540, time remaining: 3s
Rendered 192/540, time remaining: 3s
Rendered 193/540, time remaining: 3s
Rendered 194/540, time remaining: 3s
Rendered 195/540, time remaining: 3s
Rendered 196/540, time remaining: 3s
Rendered 197/540, time remaining: 3s
Rendered 198/540, time remaining: 3s
Rendered 199/540, time remaining: 3s
Rendered 200/540, time remaining: 3s
Rendered 201/540, time remaining: 3s
Rendered 202/540, time remaining: 3s
Rendered 203/540, time remaining: 3s
Rendered 204/540, time remaining: 3s
Rendered 205/540, time remaining: 3s
Rendered 206/540, time remaining: 3s
Rendered 207/540, time remaining: 3s
Rendered 208/540, time remaining: 3s
Rendered 209/540, time remaining: 3s
Rendered 210/540, time remaining: 3s
Rendered 211/540, time remaining: 3s
Rendered 212/540, time remaining: 3s
Rendered 213/540, time remaining: 3s
Rendered 214/540, time remaining: 3s
Rendered 215/540, time remaining: 3s
Rendered 216/540, time remaining: 3s
Rendered 217/540, time remaining: 3s
Rendered 218/540, time remaining: 3s
Rendered 219/540, time remaining: 3s
Rendered 220/540, time remaining: 3s
Rendered 221/540, time remaining: 3s
Rendered 222/540, time remaining: 3s
Rendered 223/540, time remaining: 3s
Rendered 224/540, time remaining: 3s
Rendered 225/540, time remaining: 3s
Rendered 226/540, time remaining: 3s
Rendered 227/540, time remaining: 3s
Rendered 228/540, time remaining: 3s
Rendered 229/540, time remaining: 3s
Rendered 230/540, time remaining: 3s
Rendered 231/540, time remaining: 3s
Rendered 232/540, time remaining: 3s
Rendered 233/540, time remaining: 3s
Rendered 234/540, time remaining: 3s
Rendered 235/540, time remaining: 3s
Rendered 236/540, time remaining: 3s
Rendered 237/540, time remaining: 3s
Rendered 237/540, time remaining: 3s
Rendered 238/540, time remaining: 3s
Rendered 239/540, time remaining: 3s
Rendered 240/540, time remaining: 3s
Rendered 241/540, time remaining: 3s
Rendered 242/540, time remaining: 3s
Rendered 243/540, time remaining: 3s
Rendered 244/540, time remaining: 3s
Rendered 245/540, time remaining: 3s
Rendered 246/540, time remaining: 3s
Rendered 247/540, time remaining: 3s
Rendered 248/540, time remaining: 3s
Rendered 249/540, time remaining: 3s
Rendered 250/540, time remaining: 3s
Rendered 251/540, time remaining: 3s
Rendered 252/540, time remaining: 3s
Rendered 253/540, time remaining: 3s
Rendered 254/540, time remaining: 3s
Rendered 255/540, time remaining: 3s
Rendered 256/540, time remaining: 3s
Rendered 257/540, time remaining: 3s
Rendered 258/540, time remaining: 3s
Rendered 259/540, time remaining: 3s
Rendered 260/540, time remaining: 3s
Rendered 261/540, time remaining: 3s
Rendered 262/540, time remaining: 3s
Rendered 263/540, time remaining: 3s
Rendered 264/540, time remaining: 3s
Rendered 265/540, time remaining: 3s
Rendered 266/540, time remaining: 3s
Rendered 267/540, time remaining: 3s
Rendered 268/540, time remaining: 3s
Rendered 269/540, time remaining: 3s
Rendered 270/540, time remaining: 3s
Rendered 271/540, time remaining: 2s
Rendered 272/540, time remaining: 2s
Rendered 273/540, time remaining: 2s
Rendered 274/540, time remaining: 2s
Rendered 275/540, time remaining: 2s
Rendered 276/540, time remaining: 2s
Rendered 277/540, time remaining: 2s
Rendered 278/540, time remaining: 2s
Rendered 279/540, time remaining: 2s
Rendered 280/540, time remaining: 2s
Rendered 281/540, time remaining: 2s
Rendered 282/540, time remaining: 2s
Rendered 283/540, time remaining: 2s
Rendered 284/540, time remaining: 2s
Rendered 284/540, time remaining: 2s
Rendered 285/540, time remaining: 2s
Rendered 286/540, time remaining: 2s
Rendered 287/540, time remaining: 2s
Rendered 288/540, time remaining: 2s
Rendered 289/540, time remaining: 2s
Rendered 290/540, time remaining: 2s
Rendered 291/540, time remaining: 2s
Rendered 292/540, time remaining: 2s
Rendered 293/540, time remaining: 2s
Rendered 294/540, time remaining: 2s
Rendered 295/540, time remaining: 2s
Rendered 296/540, time remaining: 2s
Rendered 297/540, time remaining: 2s
Rendered 298/540, time remaining: 2s
Rendered 299/540, time remaining: 2s
Rendered 300/540, time remaining: 2s
Rendered 301/540, time remaining: 2s
Rendered 302/540, time remaining: 2s
Rendered 303/540, time remaining: 2s
Rendered 304/540, time remaining: 2s
Rendered 305/540, time remaining: 2s
Rendered 306/540, time remaining: 2s
Rendered 307/540, time remaining: 2s
Rendered 308/540, time remaining: 2s
Rendered 309/540, time remaining: 2s
Rendered 310/540, time remaining: 2s
Rendered 311/540, time remaining: 2s
Rendered 312/540, time remaining: 2s
Rendered 313/540, time remaining: 2s
Rendered 314/540, time remaining: 2s
Rendered 315/540, time remaining: 2s
Rendered 316/540, time remaining: 2s
Rendered 317/540, time remaining: 2s
Rendered 318/540, time remaining: 2s
Rendered 319/540, time remaining: 2s
Rendered 320/540, time remaining: 2s
Rendered 321/540, time remaining: 2s
Rendered 322/540, time remaining: 2s
Rendered 323/540, time remaining: 2s
Rendered 324/540, time remaining: 2s
Rendered 325/540, time remaining: 2s
Rendered 326/540, time remaining: 2s
Rendered 327/540, time remaining: 2s
Rendered 328/540, time remaining: 2s
Rendered 329/540, time remaining: 2s
Rendered 330/540, time remaining: 2s
Rendered 330/540, time remaining: 2s
Rendered 331/540, time remaining: 2s
Rendered 332/540, time remaining: 2s
Rendered 333/540, time remaining: 2s
Rendered 334/540, time remaining: 2s
Rendered 335/540, time remaining: 2s
Rendered 336/540, time remaining: 2s
Rendered 337/540, time remaining: 2s
Rendered 338/540, time remaining: 2s
Rendered 339/540, time remaining: 2s
Rendered 340/540, time remaining: 2s
Rendered 341/540, time remaining: 2s
Rendered 342/540, time remaining: 2s
Rendered 343/540, time remaining: 2s
Rendered 344/540, time remaining: 2s
Rendered 345/540, time remaining: 2s
Rendered 346/540, time remaining: 2s
Rendered 347/540, time remaining: 2s
Rendered 348/540, time remaining: 2s
Rendered 349/540, time remaining: 2s
Rendered 350/540, time remaining: 2s
Rendered 351/540, time remaining: 2s
Rendered 352/540, time remaining: 2s
Rendered 353/540, time remaining: 2s
Rendered 354/540, time remaining: 2s
Rendered 355/540, time remaining: 2s
Rendered 356/540, time remaining: 2s
Rendered 357/540, time remaining: 2s
Rendered 358/540, time remaining: 1s
Rendered 359/540, time remaining: 1s
Rendered 360/540, time remaining: 1s
Rendered 361/540, time remaining: 1s
Rendered 362/540, time remaining: 1s
Rendered 363/540, time remaining: 1s
Rendered 364/540, time remaining: 1s
Rendered 365/540, time remaining: 1s
Rendered 366/540, time remaining: 1s
Rendered 367/540, time remaining: 1s
Rendered 368/540, time remaining: 1s
Rendered 369/540, time remaining: 1s
Rendered 370/540, time remaining: 1s
Rendered 371/540, time remaining: 1s
Rendered 372/540, time remaining: 1s
Rendered 373/540, time remaining: 1s
Rendered 374/540, time remaining: 1s
Rendered 375/540, time remaining: 1s
Rendered 375/540, time remaining: 1s
Rendered 376/540, time remaining: 1s
Rendered 377/540, time remaining: 1s
Rendered 378/540, time remaining: 1s
Rendered 379/540, time remaining: 1s
Rendered 380/540, time remaining: 1s
Rendered 381/540, time remaining: 1s
Rendered 382/540, time remaining: 1s
Rendered 383/540, time remaining: 1s
Rendered 384/540, time remaining: 1s
Rendered 385/540, time remaining: 1s
Rendered 386/540, time remaining: 1s
Rendered 387/540, time remaining: 1s
Rendered 388/540, time remaining: 1s
Rendered 389/540, time remaining: 1s
Rendered 390/540, time remaining: 1s
Rendered 391/540, time remaining: 1s
Rendered 392/540, time remaining: 1s
Rendered 393/540, time remaining: 1s
Rendered 394/540, time remaining: 1s
Rendered 395/540, time remaining: 1s
Rendered 396/540, time remaining: 1s
Rendered 397/540, time remaining: 1s
Rendered 398/540, time remaining: 1s
Rendered 399/540, time remaining: 1s
Rendered 400/540, time remaining: 1s
Rendered 401/540, time remaining: 1s
Rendered 402/540, time remaining: 1s
Rendered 403/540, time remaining: 1s
Rendered 404/540, time remaining: 1s
Rendered 405/540, time remaining: 1s
Rendered 406/540, time remaining: 1s
Rendered 407/540, time remaining: 1s
Rendered 408/540, time remaining: 1s
Rendered 409/540, time remaining: 1s
Rendered 410/540, time remaining: 1s
Rendered 411/540, time remaining: 1s
Rendered 412/540, time remaining: 1s
Rendered 413/540, time remaining: 1s
Rendered 414/540, time remaining: 1s
Rendered 415/540, time remaining: 1s
Rendered 416/540, time remaining: 1s
Rendered 417/540, time remaining: 1s
Rendered 418/540, time remaining: 1s
Rendered 419/540, time remaining: 1s
Rendered 419/540, time remaining: 1s
Rendered 420/540, time remaining: 1s
Rendered 421/540, time remaining: 1s
Rendered 422/540, time remaining: 1s
Rendered 423/540, time remaining: 1s
Rendered 424/540, time remaining: 1s
Rendered 425/540, time remaining: 1s
Rendered 426/540, time remaining: 1s
Rendered 427/540, time remaining: 1s
Rendered 428/540, time remaining: 1s
Rendered 429/540, time remaining: 1s
Rendered 430/540, time remaining: 1s
Rendered 431/540, time remaining: 1s
Rendered 432/540, time remaining: 1s
Rendered 433/540, time remaining: 1s
Rendered 434/540, time remaining: 1s
Rendered 435/540, time remaining: 1s
Rendered 436/540, time remaining: 1s
Rendered 437/540, time remaining: 1s
Rendered 438/540, time remaining: 1s
Rendered 439/540, time remaining: 1s
Rendered 440/540, time remaining: 1s
Rendered 441/540, time remaining: 1s
Rendered 442/540, time remaining: 1s
Rendered 443/540, time remaining: 1s
Rendered 444/540, time remaining: 1s
Rendered 445/540, time remaining: 1s
Rendered 446/540, time remaining: 1s
Rendered 447/540, time remaining: 1s
Rendered 448/540, time remaining: 1s
Rendered 449/540, time remaining: 1s
Rendered 450/540, time remaining: 1s
Rendered 451/540, time remaining: 0s
Rendered 452/540, time remaining: 0s
Rendered 453/540, time remaining: 0s
Rendered 454/540, time remaining: 0s
Rendered 455/540, time remaining: 0s
Rendered 456/540, time remaining: 0s
Rendered 457/540, time remaining: 0s
Rendered 458/540, time remaining: 0s
Rendered 459/540, time remaining: 0s
Rendered 460/540, time remaining: 0s
Rendered 461/540, time remaining: 0s
Rendered 462/540, time remaining: 0s
Rendered 463/540, time remaining: 0s
Rendered 464/540, time remaining: 0s
Rendered 464/540, time remaining: 0s
Rendered 465/540, time remaining: 0s
Rendered 466/540, time remaining: 0s
Rendered 467/540, time remaining: 0s
Rendered 468/540, time remaining: 0s
Rendered 469/540, time remaining: 0s
Rendered 470/540, time remaining: 0s
Rendered 471/540, time remaining: 0s
Rendered 472/540, time remaining: 0s
Rendered 473/540, time remaining: 0s
Rendered 474/540, time remaining: 0s
Rendered 475/540, time remaining: 0s
Rendered 476/540, time remaining: 0s
Rendered 477/540, time remaining: 0s
Rendered 478/540, time remaining: 0s
Rendered 479/540, time remaining: 0s
Rendered 480/540, time remaining: 0s
Rendered 481/540, time remaining: 0s
Rendered 482/540, time remaining: 0s
Rendered 483/540, time remaining: 0s
Rendered 484/540, time remaining: 0s
Rendered 485/540, time remaining: 0s
Rendered 486/540, time remaining: 0s
Rendered 487/540, time remaining: 0s
Rendered 488/540, time remaining: 0s
Rendered 489/540, time remaining: 0s
Rendered 490/540, time remaining: 0s
Rendered 491/540, time remaining: 0s
Rendered 492/540, time remaining: 0s
Rendered 493/540, time remaining: 0s
Rendered 494/540, time remaining: 0s
Rendered 495/540, time remaining: 0s
Rendered 496/540, time remaining: 0s
Rendered 497/540, time remaining: 0s
Rendered 498/540, time remaining: 0s
Rendered 499/540, time remaining: 0s
Rendered 500/540, time remaining: 0s
Rendered 501/540, time remaining: 0s
Rendered 502/540, time remaining: 0s
Rendered 503/540, time remaining: 0s
Rendered 504/540, time remaining: 0s
Rendered 505/540, time remaining: 0s
Rendered 506/540, time remaining: 0s
Rendered 507/540, time remaining: 0s
Rendered 508/540, time remaining: 0s
Rendered 509/540, time remaining: 0s
Rendered 509/540, time remaining: 0s
Rendered 510/540, time remaining: 0s
Rendered 511/540, time remaining: 0s
Rendered 512/540, time remaining: 0s
Rendered 513/540, time remaining: 0s
Rendered 514/540, time remaining: 0s
Rendered 515/540, time remaining: 0s
Rendered 516/540, time remaining: 0s
Rendered 517/540, time remaining: 0s
Rendered 518/540, time remaining: 0s
Rendered 519/540, time remaining: 0s
Rendered 520/540, time remaining: 0s
Rendered 521/540, time remaining: 0s
Rendered 522/540, time remaining: 0s
Rendered 523/540, time remaining: 0s
Rendered 524/540, time remaining: 0s
Rendered 525/540, time remaining: 0s
Rendered 526/540, time remaining: 0s
Rendered 527/540, time remaining: 0s
Rendered 528/540, time remaining: 0s
Rendered 529/540, time remaining: 0s
Rendered 530/540, time remaining: 0s
Rendered 531/540, time remaining: 0s
Rendered 532/540, time remaining: 0s
Rendered 533/540, time remaining: 0s
Rendered 534/540, time remaining: 0s
Rendered 535/540, time remaining: 0s
Rendered 536/540, time remaining: 0s
Rendered 537/540, time remaining: 0s
Rendered 538/540, time remaining: 0s
Rendered 539/540, time remaining: 0s
Encoded 348/540
Encoded 432/540
Encoded 540/540
○                    /Users/aaronguo/Work/ag/aaron-studio/src/content/videos/visual-sound-design-2026-09-09/lab-revision.mp4 4.8 MB
