[
  {
    "id": "CwhRBWXzGAHq8TQ4Fs17",
    "name": "Roger - Laid-Back, Casual, Resonant",
    "labels": {
      "accent": "american",
      "descriptive": "classy",
      "use_case": "conversational",
      "age": "middle_aged",
      "language": "en",
      "gender": "male"
    }
  },
  {
    "id": "EXAVITQu4vr4xnSDxMaL",
    "name": "Sarah - Mature, Reassuring, Confident",
    "labels": {
      "accent": "american",
      "descriptive": "professional",
      "use_case": "entertainment_tv",
      "age": "young",
      "language": "en",
      "gender": "female"
    }
  },
  {
    "id": "FGY2WhTYpPnrIDTdsKH5",
    "name": "Laura - Enthusiast, Quirky Attitude",
    "labels": {
      "accent": "american",
      "descriptive": "sassy",
      "use_case": "social_media",
      "age": "young",
      "language": "en",
      "gender": "female"
    }
  },
  {
    "id": "IKne3meq5aSn9XLyUdCD",
    "name": "Charlie - Deep, Confident, Energetic",
    "labels": {
      "accent": "australian",
      "descriptive": "hyped",
      "use_case": "conversational",
      "age": "young",
      "language": "en",
      "gender": "male"
    }
  },
  {
    "id": "JBFqnCBsd6RMkjVDRZzb",
    "name": "George - Warm, Captivating Storyteller",
    "labels": {
      "accent": "british",
      "descriptive": "mature",
      "use_case": "narrative_story",
      "age": "middle_aged",
      "language": "en",
      "gender": "male"
    }
  },
  {
    "id": "N2lVS1w4EtoT3dr4eOWO",
    "name": "Callum - Husky Trickster",
    "labels": {
      "accent": "american",
      "use_case": "characters_animation",
      "age": "middle_aged",
      "language": "en",
      "gender": "male"
    }
  },
  {
    "id": "SAz9YHcvj6GT2YYXdXww",
    "name": "River - Relaxed, Neutral, Informative",
    "labels": {
      "accent": "american",
      "descriptive": "calm",
      "use_case": "conversational",
      "age": "middle_aged",
      "language": "en",
      "gender": "neutral"
    }
  },
  {
    "id": "SOYHLrjzK2X1ezoPC6cr",
    "name": "Harry - Fierce Warrior",
    "labels": {
      "accent": "american",
      "descriptive": "rough",
      "use_case": "characters_animation",
      "age": "young",
      "language": "en",
      "gender": "male"
    }
  },
  {
    "id": "TX3LPaxmHKxFdv7VOQHJ",
    "name": "Liam - Energetic, Social Media Creator",
    "labels": {
      "accent": "american",
      "descriptive": "confident",
      "use_case": "social_media",
      "age": "young",
      "language": "en",
      "gender": "male"
    }
  },
  {
    "id": "Xb7hH8MSUJpSbSDYk0k2",
    "name": "Alice - Clear, Engaging Educator",
    "labels": {
      "accent": "british",
      "descriptive": "professional",
      "use_case": "informative_educational",
      "age": "middle_aged",
      "language": "en",
      "gender": "female"
    }
  },
  {
    "id": "XrExE9yKIg1WjnnlVkGX",
    "name": "Matilda - Knowledgable, Professional",
    "labels": {
      "accent": "american",
      "descriptive": "upbeat",
      "use_case": "informative_educational",
      "age": "middle_aged",
      "language": "en",
      "gender": "female"
    }
  },
  {
    "id": "bIHbv24MWmeRgasZH58o",
    "name": "Will - Relaxed Optimist",
    "labels": {
      "accent": "american",
      "descriptive": "chill",
      "use_case": "conversational",
      "age": "young",
      "language": "en",
      "gender": "male"
    }
  },
  {
    "id": "cgSgspJ2msm6clMCkdW9",
    "name": "Jessica - Playful, Bright, Warm",
    "labels": {
      "accent": "american",
      "descriptive": "cute",
      "use_case": "conversational",
      "age": "young",
      "language": "en",
      "gender": "female"
    }
  },
  {
    "id": "cjVigY5qzO86Huf0OWal",
    "name": "Eric - Smooth, Trustworthy",
    "labels": {
      "accent": "american",
      "descriptive": "classy",
      "use_case": "conversational",
      "age": "middle_aged",
      "language": "en",
      "gender": "male"
    }
  },
  {
    "id": "hpp4J3VqNfWAUOO0d1Us",
    "name": "Bella - Professional, Bright, Warm",
    "labels": {
      "accent": "american",
      "descriptive": "professional",
      "use_case": "informative_educational",
      "age": "middle_aged",
      "language": "en",
      "gender": "female"
    }
  },
  {
    "id": "iP95p4xoKVk53GoZ742B",
    "name": "Chris - Charming, Down-to-Earth",
    "labels": {
      "accent": "american",
      "descriptive": "casual",
      "use_case": "conversational",
      "age": "middle_aged",
      "language": "en",
      "gender": "male"
    }
  },
  {
    "id": "nPczCjzI2devNBz1zQrb",
    "name": "Brian - Deep, Resonant and Comforting",
    "labels": {
      "accent": "american",
      "descriptive": "classy",
      "use_case": "social_media",
      "age": "middle_aged",
      "language": "en",
      "gender": "male"
    }
  },
  {
    "id": "onwK4e9ZLuTAKqWW03F9",
    "name": "Daniel - Steady Broadcaster",
    "labels": {
      "accent": "british",
      "descriptive": "formal",
      "use_case": "informative_educational",
      "age": "middle_aged",
      "language": "en",
      "gender": "male"
    }
  },
  {
    "id": "pFZP5JQG7iQjIQuC4Bku",
    "name": "Lily - Velvety Actress",
    "labels": {
      "accent": "british",
      "descriptive": "confident",
      "use_case": "informative_educational",
      "age": "middle_aged",
      "language": "en",
      "gender": "female"
    }
  },
  {
    "id": "pNInz6obpgDQGcFmaJgB",
    "name": "Adam - Dominant, Firm",
    "labels": {
      "accent": "american",
      "use_case": "social_media",
      "age": "middle_aged",
      "language": "en",
      "gender": "male"
    }
  },
  {
    "id": "pqHfZKP75CvOlQylNhV4",
    "name": "Bill - Wise, Mature, Balanced",
    "labels": {
      "accent": "american",
      "descriptive": "crisp",
      "use_case": "advertisement",
      "age": "old",
      "language": "en",
      "gender": "male"
    }
  }
]
Generated candidate A
Generated candidate B
Generated candidate C
