{
  "duration": 480.8333333333333,
  "holds": [
    {
      "chapter": "industry",
      "at": 147.7,
      "transition_at": 146.3,
      "duration": 1.3,
      "existing_gap": 1.8230000000000075,
      "target_gap": 3.1,
      "cut_rms_dbfs": -69.44621496870577,
      "after": "valuable.",
      "before": "The"
    },
    {
      "chapter": "customers",
      "at": 180.83333333333334,
      "transition_at": 180.93333333333334,
      "duration": 1.9666666666666666,
      "existing_gap": 0.8366041666666604,
      "target_gap": 2.8,
      "cut_rms_dbfs": -65.1442917525706,
      "after": "document.",
      "before": "Then"
    },
    {
      "chapter": "product",
      "at": 239.66666666666666,
      "transition_at": 239.7,
      "duration": 1.8,
      "existing_gap": 1.0000000000000284,
      "target_gap": 2.8,
      "cut_rms_dbfs": -240.0,
      "after": "changed.",
      "before": "The"
    },
    {
      "chapter": "commercial",
      "at": 297.8333333333333,
      "transition_at": 297.3333333333333,
      "duration": 2.033333333333333,
      "existing_gap": 0.7777708333333067,
      "target_gap": 2.8,
      "cut_rms_dbfs": -67.33305344500657,
      "after": "them.",
      "before": "The"
    },
    {
      "chapter": "delivery",
      "at": 354.06666666666666,
      "transition_at": 354.1,
      "duration": 1.7,
      "existing_gap": 1.1000000000000227,
      "target_gap": 2.8,
      "cut_rms_dbfs": -240.0,
      "after": "continue.",
      "before": "Finally,"
    },
    {
      "chapter": "closing",
      "at": 411.73333333333335,
      "transition_at": 411.1666666666667,
      "duration": 2.3,
      "existing_gap": 0.8105833333333408,
      "target_gap": 3.1,
      "cut_rms_dbfs": -69.65135538406108,
      "after": "trust.",
      "before": "The"
    }
  ],
  "chapters": [
    [
      "opening",
      3.0
    ],
    [
      "industry",
      146.3
    ],
    [
      "customers",
      182.23333333333332
    ],
    [
      "product",
      242.96666666666667
    ],
    [
      "commercial",
      302.4
    ],
    [
      "delivery",
      361.2
    ],
    [
      "closing",
      419.96666666666664
    ]
  ],
  "sample_start": 176.23333333333332,
  "sample_end": 261.5333333333333
}
