Input #0, mov,mp4,m4a,3gp,3g2,mj2, from '/Users/aaronguo/Work/ag/aaron-studio/src/content/videos/visual-sound-full-2026-09-10/shorts/SandLabShort.mp4':
  Metadata:
    major_brand     : isom
    minor_version   : 512
    compatible_brands: isomiso2avc1mp41
    encoder         : Lavf62.12.101
    comment         : Made with Remotion 4.0.427
  Duration: 00:00:38.73, start: 0.000000, bitrate: 2506 kb/s
  Stream #0:0[0x1](und): Video: h264 (High) (avc1 / 0x31637661), yuvj420p(pc, bt470bg/unknown/unknown, progressive), 1080x1920 [SAR 1:1 DAR 9:16], 2312 kb/s, 30 fps, 30 tbr, 90k tbn (default)
    Metadata:
      handler_name    : VideoHandler
    Side data:
      ICC Profile: (456 bytes)
  Stream #0:1[0x2](und): Audio: aac (LC) (mp4a / 0x6134706D), 48000 Hz, stereo, fltp, 185 kb/s (default)
    Metadata:
      handler_name    : SoundHandler
Stream mapping:
  Stream #0:1 -> #0:0 (aac (native) -> pcm_s16le (native))
Press [q] to stop, [?] for help
Output #0, null, to 'pipe:':
  Metadata:
    major_brand     : isom
    minor_version   : 512
    compatible_brands: isomiso2avc1mp41
    comment         : Made with Remotion 4.0.427
    encoder         : Lavf62.12.101
  Stream #0:0(und): Audio: pcm_s16le, 192000 Hz, stereo, s16, 6144 kb/s (default)
    Metadata:
      encoder         : Lavc62.28.101 pcm_s16le
      handler_name    : SoundHandler
size=N/A time=00:00:23.80 bitrate=N/A speed=47.1x elapsed=0:00:00.50    [Parsed_loudnorm_0 @ 0x902c05080] 
{
	"input_i" : "-16.08",
	"input_tp" : "-2.26",
	"input_lra" : "5.00",
	"input_thresh" : "-26.14",
	"output_i" : "-24.05",
	"output_tp" : "-10.27",
	"output_lra" : "2.30",
	"output_thresh" : "-34.09",
	"normalization_type" : "dynamic",
	"target_offset" : "0.05"
}
[out#0/null @ 0x902c04900] video:0KiB audio:29056KiB subtitle:0KiB other streams:0KiB global headers:0KiB muxing overhead: unknown
size=N/A time=00:00:38.80 bitrate=N/A speed=49.7x elapsed=0:00:00.78    
