Bundling 6%
Bundling 24%
Bundling 38%
Bundling 51%
Bundling 65%
Bundling 70%
Bundling 75%
Bundling 80%
Bundling 85%
Bundling 91%
Bundling 98%
Bundling 100%
Copying public dir 11.5 MB
Copying public dir 22.4 MB
Copying public dir 46.9 MB
Copying public dir 65.6 MB
Copying public dir 76.5 MB
Copying public dir 78.1 MB
Copying public dir 84.6 MB
Copying public dir 97.2 MB
Copying public dir 99.1 MB
Copying public dir 119.9 MB
Copying public dir 128.9 MB
Copying public dir 140 MB
Copying public dir 150.8 MB
Copying public dir 161.6 MB
Copying public dir 165.3 MB
Copying public dir 171.6 MB
Copying public dir 185 MB
Copying public dir 195.9 MB
Copying public dir 200.9 MB
Copying public dir 225.6 MB
Copying public dir 230.7 MB
Copying public dir 233.4 MB
Copying public dir 245.1 MB
Copying public dir 245.3 MB
Copying public dir 256.7 MB
Copying public dir 263.9 MB
Copying public dir 276.3 MB
Copying public dir 287.5 MB
Copying public dir 290.6 MB
Copying public dir 291 MB
Copying public dir 292.4 MB
Copying public dir 335.4 MB
Copying public dir 336.7 MB
Copying public dir 349 MB
Copying public dir 351.4 MB
Copying public dir 362.1 MB
Copying public dir 363.1 MB
Copying public dir 376.1 MB
Copying public dir 378.6 MB
Copying public dir 389.6 MB
Copying public dir 395.5 MB
Copying public dir 407.8 MB
Copying public dir 420.4 MB
Copying public dir 432.6 MB
Getting composition
Rendered 0/1237
Rendered 1/1237, time remaining: 4m 49s
Rendered 2/1237, time remaining: 2m 28s
Rendered 3/1237, time remaining: 1m 42s
Rendered 4/1237, time remaining: 1m 19s
Rendered 5/1237, time remaining: 1m 26s
Rendered 6/1237, time remaining: 1m 13s
Rendered 7/1237, time remaining: 1m 6s
Rendered 8/1237, time remaining: 59s
Rendered 9/1237, time remaining: 1m 1s
Rendered 10/1237, time remaining: 56s
Rendered 11/1237, time remaining: 54s
Rendered 12/1237, time remaining: 51s
Rendered 13/1237, time remaining: 50s
Rendered 14/1237, time remaining: 47s
Rendered 15/1237, time remaining: 48s
Rendered 16/1237, time remaining: 46s
Rendered 17/1237, time remaining: 44s
Rendered 18/1237, time remaining: 42s
Rendered 19/1237, time remaining: 44s
Rendered 20/1237, time remaining: 42s
Rendered 21/1237, time remaining: 42s
Rendered 22/1237, time remaining: 41s
Rendered 23/1237, time remaining: 42s
Rendered 24/1237, time remaining: 41s
Rendered 25/1237, time remaining: 40s
Rendered 26/1237, time remaining: 38s
Rendered 27/1237, time remaining: 41s
Rendered 28/1237, time remaining: 40s
Rendered 29/1237, time remaining: 39s
Rendered 30/1237, time remaining: 38s
Rendered 31/1237, time remaining: 39s
Rendered 32/1237, time remaining: 39s
Rendered 33/1237, time remaining: 38s
Rendered 34/1237, time remaining: 37s
Rendered 35/1237, time remaining: 38s
Rendered 36/1237, time remaining: 38s
Rendered 37/1237, time remaining: 37s
Rendered 38/1237, time remaining: 36s
Rendered 39/1237, time remaining: 38s
Rendered 40/1237, time remaining: 38s
Rendered 41/1237, time remaining: 37s
Rendered 42/1237, time remaining: 37s
Rendered 43/1237, time remaining: 38s
Rendered 44/1237, time remaining: 38s
Rendered 45/1237, time remaining: 37s
Rendered 46/1237, time remaining: 36s
Rendered 47/1237, time remaining: 38s
Rendered 48/1237, time remaining: 38s
Rendered 49/1237, time remaining: 37s
Rendered 50/1237, time remaining: 38s
Rendered 51/1237, time remaining: 38s
Rendered 52/1237, time remaining: 38s
Rendered 53/1237, time remaining: 38s
Rendered 54/1237, time remaining: 38s
Rendered 55/1237, time remaining: 38s
Rendered 56/1237, time remaining: 38s
Rendered 56/1237, time remaining: 38s
Rendered 57/1237, time remaining: 37s
Rendered 58/1237, time remaining: 37s
Rendered 59/1237, time remaining: 38s
Rendered 60/1237, time remaining: 37s
Rendered 61/1237, time remaining: 37s
Rendered 62/1237, time remaining: 37s
Rendered 63/1237, time remaining: 38s
Rendered 64/1237, time remaining: 38s
Rendered 65/1237, time remaining: 37s
Rendered 66/1237, time remaining: 37s
Rendered 67/1237, time remaining: 38s
Rendered 68/1237, time remaining: 38s
Rendered 69/1237, time remaining: 37s
Rendered 70/1237, time remaining: 37s
Rendered 70/1237, time remaining: 37s
Rendered 71/1237, time remaining: 38s
Rendered 72/1237, time remaining: 38s
Rendered 73/1237, time remaining: 38s
Rendered 74/1237, time remaining: 38s
Rendered 75/1237, time remaining: 38s
Rendered 76/1237, time remaining: 38s
Rendered 77/1237, time remaining: 38s
Rendered 78/1237, time remaining: 37s
Rendered 79/1237, time remaining: 38s
Rendered 80/1237, time remaining: 38s
Rendered 81/1237, time remaining: 38s
Rendered 82/1237, time remaining: 38s
Rendered 83/1237, time remaining: 38s
Rendered 84/1237, time remaining: 38s
Rendered 85/1237, time remaining: 38s
Rendered 85/1237, time remaining: 38s
Rendered 86/1237, time remaining: 38s
Rendered 87/1237, time remaining: 38s
Rendered 88/1237, time remaining: 38s
Rendered 89/1237, time remaining: 38s
Rendered 90/1237, time remaining: 38s
Rendered 91/1237, time remaining: 38s
Rendered 92/1237, time remaining: 38s
Rendered 93/1237, time remaining: 37s
Rendered 94/1237, time remaining: 38s
Rendered 95/1237, time remaining: 38s
Rendered 96/1237, time remaining: 38s
Rendered 97/1237, time remaining: 38s
Rendered 98/1237, time remaining: 37s
Rendered 98/1237, time remaining: 37s
Rendered 99/1237, time remaining: 38s
Rendered 100/1237, time remaining: 38s
Rendered 101/1237, time remaining: 38s
Rendered 102/1237, time remaining: 37s
Rendered 103/1237, time remaining: 38s
Rendered 104/1237, time remaining: 38s
Rendered 105/1237, time remaining: 38s
Rendered 106/1237, time remaining: 37s
Rendered 107/1237, time remaining: 38s
Rendered 108/1237, time remaining: 38s
Rendered 109/1237, time remaining: 38s
Rendered 110/1237, time remaining: 38s
Rendered 111/1237, time remaining: 38s
Rendered 112/1237, time remaining: 38s
Rendered 113/1237, time remaining: 38s
Rendered 113/1237, time remaining: 38s
Rendered 114/1237, time remaining: 37s
Rendered 115/1237, time remaining: 37s
Rendered 116/1237, time remaining: 38s
Rendered 117/1237, time remaining: 38s
Rendered 118/1237, time remaining: 37s
Rendered 119/1237, time remaining: 37s
Rendered 120/1237, time remaining: 38s
Rendered 121/1237, time remaining: 38s
Rendered 122/1237, time remaining: 38s
Rendered 123/1237, time remaining: 37s
Rendered 124/1237, time remaining: 38s
Rendered 125/1237, time remaining: 38s
Rendered 126/1237, time remaining: 37s
Rendered 127/1237, time remaining: 37s
Rendered 127/1237, time remaining: 37s
Rendered 128/1237, time remaining: 38s
Rendered 129/1237, time remaining: 38s
Rendered 130/1237, time remaining: 37s
Rendered 131/1237, time remaining: 37s
Rendered 132/1237, time remaining: 38s
Rendered 133/1237, time remaining: 38s
Rendered 134/1237, time remaining: 37s
Rendered 135/1237, time remaining: 37s
Rendered 136/1237, time remaining: 38s
Rendered 137/1237, time remaining: 37s
Rendered 138/1237, time remaining: 37s
Rendered 139/1237, time remaining: 37s
Rendered 139/1237, time remaining: 37s
Rendered 140/1237, time remaining: 38s
Rendered 141/1237, time remaining: 38s
Rendered 142/1237, time remaining: 37s
Rendered 143/1237, time remaining: 37s
Rendered 144/1237, time remaining: 38s
Rendered 145/1237, time remaining: 38s
Rendered 146/1237, time remaining: 37s
Rendered 147/1237, time remaining: 37s
Rendered 148/1237, time remaining: 38s
Rendered 149/1237, time remaining: 38s
Rendered 150/1237, time remaining: 37s
Rendered 151/1237, time remaining: 36s
Rendered 152/1237, time remaining: 36s
Rendered 153/1237, time remaining: 36s
Rendered 154/1237, time remaining: 36s
Rendered 154/1237, time remaining: 36s
Rendered 155/1237, time remaining: 36s
Rendered 156/1237, time remaining: 36s
Rendered 157/1237, time remaining: 36s
Rendered 158/1237, time remaining: 36s
Rendered 159/1237, time remaining: 36s
Rendered 160/1237, time remaining: 37s
Rendered 161/1237, time remaining: 36s
Rendered 162/1237, time remaining: 36s
Rendered 163/1237, time remaining: 36s
Rendered 164/1237, time remaining: 37s
Rendered 165/1237, time remaining: 36s
Rendered 166/1237, time remaining: 37s
Rendered 167/1237, time remaining: 36s
Rendered 167/1237, time remaining: 36s
Rendered 168/1237, time remaining: 37s
Rendered 169/1237, time remaining: 37s
Rendered 170/1237, time remaining: 37s
Rendered 171/1237, time remaining: 37s
Rendered 172/1237, time remaining: 37s
Rendered 173/1237, time remaining: 37s
Rendered 174/1237, time remaining: 37s
Rendered 175/1237, time remaining: 37s
Rendered 176/1237, time remaining: 37s
Rendered 177/1237, time remaining: 37s
Rendered 178/1237, time remaining: 37s
Rendered 179/1237, time remaining: 37s
Rendered 180/1237, time remaining: 37s
Rendered 181/1237, time remaining: 37s
Rendered 181/1237, time remaining: 37s
Rendered 182/1237, time remaining: 37s
Rendered 183/1237, time remaining: 37s
Rendered 184/1237, time remaining: 38s
Rendered 185/1237, time remaining: 37s
Rendered 186/1237, time remaining: 37s
Rendered 187/1237, time remaining: 37s
Rendered 188/1237, time remaining: 38s
Rendered 189/1237, time remaining: 37s
Rendered 190/1237, time remaining: 37s
Rendered 191/1237, time remaining: 37s
Rendered 192/1237, time remaining: 38s
Rendered 193/1237, time remaining: 37s
Rendered 194/1237, time remaining: 37s
Rendered 195/1237, time remaining: 37s
Rendered 195/1237, time remaining: 37s
Rendered 196/1237, time remaining: 38s
Rendered 197/1237, time remaining: 37s
Rendered 198/1237, time remaining: 37s
Rendered 199/1237, time remaining: 37s
Rendered 200/1237, time remaining: 37s
Rendered 201/1237, time remaining: 37s
Rendered 202/1237, time remaining: 37s
Rendered 203/1237, time remaining: 37s
Rendered 204/1237, time remaining: 37s
Rendered 205/1237, time remaining: 37s
Rendered 206/1237, time remaining: 37s
Rendered 207/1237, time remaining: 37s
Rendered 208/1237, time remaining: 37s
Rendered 209/1237, time remaining: 37s
Rendered 210/1237, time remaining: 37s
Rendered 210/1237, time remaining: 37s
Rendered 211/1237, time remaining: 37s
Rendered 212/1237, time remaining: 37s
Rendered 213/1237, time remaining: 36s
Rendered 214/1237, time remaining: 36s
Rendered 215/1237, time remaining: 37s
Rendered 216/1237, time remaining: 37s
Rendered 217/1237, time remaining: 36s
Rendered 218/1237, time remaining: 37s
Rendered 219/1237, time remaining: 37s
Rendered 220/1237, time remaining: 37s
Rendered 221/1237, time remaining: 36s
Rendered 222/1237, time remaining: 36s
Rendered 223/1237, time remaining: 37s
Rendered 223/1237, time remaining: 37s
Rendered 224/1237, time remaining: 37s
Rendered 225/1237, time remaining: 36s
Rendered 226/1237, time remaining: 36s
Rendered 227/1237, time remaining: 37s
Rendered 228/1237, time remaining: 37s
Rendered 229/1237, time remaining: 36s
Rendered 230/1237, time remaining: 36s
Rendered 231/1237, time remaining: 37s
Rendered 232/1237, time remaining: 36s
Rendered 233/1237, time remaining: 36s
Rendered 234/1237, time remaining: 36s
Rendered 235/1237, time remaining: 36s
Rendered 236/1237, time remaining: 36s
Rendered 237/1237, time remaining: 36s
Rendered 238/1237, time remaining: 36s
Rendered 238/1237, time remaining: 36s
Rendered 239/1237, time remaining: 36s
Rendered 240/1237, time remaining: 36s
Rendered 241/1237, time remaining: 36s
Rendered 242/1237, time remaining: 36s
Rendered 243/1237, time remaining: 36s
Rendered 244/1237, time remaining: 36s
Rendered 245/1237, time remaining: 36s
Rendered 246/1237, time remaining: 36s
Rendered 247/1237, time remaining: 36s
Rendered 248/1237, time remaining: 36s
Rendered 249/1237, time remaining: 35s
Rendered 250/1237, time remaining: 35s
Rendered 251/1237, time remaining: 36s
Rendered 251/1237, time remaining: 36s
Rendered 252/1237, time remaining: 36s
Rendered 253/1237, time remaining: 35s
Rendered 254/1237, time remaining: 35s
Rendered 255/1237, time remaining: 36s
Rendered 256/1237, time remaining: 36s
Rendered 257/1237, time remaining: 35s
Rendered 258/1237, time remaining: 35s
Rendered 259/1237, time remaining: 36s
Rendered 260/1237, time remaining: 35s
Rendered 261/1237, time remaining: 35s
Rendered 262/1237, time remaining: 35s
Rendered 263/1237, time remaining: 35s
Rendered 264/1237, time remaining: 35s
Rendered 265/1237, time remaining: 35s
Rendered 266/1237, time remaining: 35s
Rendered 266/1237, time remaining: 35s
Rendered 267/1237, time remaining: 35s
Rendered 268/1237, time remaining: 35s
Rendered 269/1237, time remaining: 35s
Rendered 270/1237, time remaining: 35s
Rendered 271/1237, time remaining: 35s
Rendered 272/1237, time remaining: 35s
Rendered 273/1237, time remaining: 35s
Rendered 274/1237, time remaining: 35s
Rendered 275/1237, time remaining: 34s
Rendered 276/1237, time remaining: 35s
Rendered 277/1237, time remaining: 35s
Rendered 278/1237, time remaining: 34s
Rendered 279/1237, time remaining: 34s
Rendered 280/1237, time remaining: 34s
Rendered 281/1237, time remaining: 34s
Rendered 282/1237, time remaining: 34s
Rendered 283/1237, time remaining: 33s
Rendered 283/1237, time remaining: 33s
Rendered 284/1237, time remaining: 34s
Rendered 285/1237, time remaining: 34s
Rendered 286/1237, time remaining: 33s
Rendered 287/1237, time remaining: 33s
Rendered 288/1237, time remaining: 33s
Rendered 289/1237, time remaining: 33s
Rendered 290/1237, time remaining: 33s
Rendered 291/1237, time remaining: 33s
Rendered 292/1237, time remaining: 33s
Rendered 293/1237, time remaining: 33s
Rendered 294/1237, time remaining: 32s
Rendered 295/1237, time remaining: 32s
Rendered 296/1237, time remaining: 33s
Rendered 297/1237, time remaining: 33s
Rendered 298/1237, time remaining: 32s
Rendered 299/1237, time remaining: 32s
Rendered 299/1237, time remaining: 32s
Rendered 300/1237, time remaining: 32s
Rendered 301/1237, time remaining: 33s
Rendered 302/1237, time remaining: 32s
Rendered 303/1237, time remaining: 32s
Rendered 304/1237, time remaining: 32s
Rendered 305/1237, time remaining: 32s
Rendered 306/1237, time remaining: 32s
Rendered 307/1237, time remaining: 32s
Rendered 308/1237, time remaining: 32s
Rendered 309/1237, time remaining: 32s
Rendered 310/1237, time remaining: 32s
Rendered 311/1237, time remaining: 31s
Rendered 312/1237, time remaining: 32s
Rendered 313/1237, time remaining: 32s
Rendered 314/1237, time remaining: 31s
Rendered 314/1237, time remaining: 31s
Rendered 315/1237, time remaining: 31s
Rendered 316/1237, time remaining: 31s
Rendered 317/1237, time remaining: 31s
Rendered 318/1237, time remaining: 31s
Rendered 319/1237, time remaining: 31s
Rendered 320/1237, time remaining: 31s
Rendered 321/1237, time remaining: 31s
Rendered 322/1237, time remaining: 31s
Rendered 323/1237, time remaining: 31s
Rendered 324/1237, time remaining: 31s
Rendered 325/1237, time remaining: 31s
Rendered 326/1237, time remaining: 30s
Rendered 327/1237, time remaining: 30s
Rendered 328/1237, time remaining: 30s
Rendered 329/1237, time remaining: 30s
Rendered 330/1237, time remaining: 30s
Rendered 331/1237, time remaining: 30s
Rendered 332/1237, time remaining: 30s
Rendered 332/1237, time remaining: 30s
Rendered 333/1237, time remaining: 30s
Rendered 334/1237, time remaining: 30s
Rendered 335/1237, time remaining: 30s
Rendered 336/1237, time remaining: 30s
Rendered 337/1237, time remaining: 30s
Rendered 338/1237, time remaining: 29s
Rendered 339/1237, time remaining: 29s
Rendered 340/1237, time remaining: 29s
Rendered 341/1237, time remaining: 30s
Rendered 342/1237, time remaining: 29s
Rendered 343/1237, time remaining: 29s
Rendered 344/1237, time remaining: 29s
Rendered 345/1237, time remaining: 29s
Rendered 346/1237, time remaining: 29s
Rendered 347/1237, time remaining: 29s
Rendered 348/1237, time remaining: 29s
Rendered 349/1237, time remaining: 29s
Rendered 349/1237, time remaining: 29s
Rendered 350/1237, time remaining: 29s
Rendered 351/1237, time remaining: 29s
Rendered 352/1237, time remaining: 29s
Rendered 353/1237, time remaining: 29s
Rendered 354/1237, time remaining: 28s
Rendered 355/1237, time remaining: 28s
Rendered 356/1237, time remaining: 28s
Rendered 357/1237, time remaining: 29s
Rendered 358/1237, time remaining: 28s
Rendered 359/1237, time remaining: 28s
Rendered 360/1237, time remaining: 28s
Rendered 361/1237, time remaining: 28s
Rendered 362/1237, time remaining: 28s
Rendered 363/1237, time remaining: 28s
Rendered 364/1237, time remaining: 28s
Rendered 365/1237, time remaining: 28s
Rendered 365/1237, time remaining: 28s
Rendered 366/1237, time remaining: 28s
Rendered 367/1237, time remaining: 28s
Rendered 368/1237, time remaining: 28s
Rendered 369/1237, time remaining: 27s
Rendered 370/1237, time remaining: 27s
Rendered 371/1237, time remaining: 27s
Rendered 372/1237, time remaining: 28s
Rendered 373/1237, time remaining: 27s
Rendered 374/1237, time remaining: 27s
Rendered 375/1237, time remaining: 27s
Rendered 376/1237, time remaining: 27s
Rendered 377/1237, time remaining: 27s
Rendered 378/1237, time remaining: 27s
Rendered 379/1237, time remaining: 27s
Rendered 380/1237, time remaining: 27s
Rendered 381/1237, time remaining: 26s
Rendered 382/1237, time remaining: 27s
Rendered 382/1237, time remaining: 27s
Rendered 383/1237, time remaining: 27s
Rendered 384/1237, time remaining: 27s
Rendered 385/1237, time remaining: 26s
Rendered 386/1237, time remaining: 26s
Rendered 387/1237, time remaining: 26s
Rendered 388/1237, time remaining: 26s
Rendered 389/1237, time remaining: 26s
Rendered 390/1237, time remaining: 26s
Rendered 391/1237, time remaining: 26s
Rendered 392/1237, time remaining: 26s
Rendered 393/1237, time remaining: 26s
Rendered 394/1237, time remaining: 26s
Rendered 395/1237, time remaining: 26s
Rendered 396/1237, time remaining: 26s
Rendered 397/1237, time remaining: 26s
Rendered 398/1237, time remaining: 26s
Rendered 398/1237, time remaining: 26s
Rendered 399/1237, time remaining: 26s
Rendered 400/1237, time remaining: 26s
Rendered 401/1237, time remaining: 26s
Rendered 402/1237, time remaining: 26s
Rendered 403/1237, time remaining: 25s
Rendered 404/1237, time remaining: 26s
Rendered 405/1237, time remaining: 25s
Rendered 406/1237, time remaining: 25s
Rendered 407/1237, time remaining: 25s
Rendered 408/1237, time remaining: 25s
Rendered 409/1237, time remaining: 25s
Rendered 410/1237, time remaining: 25s
Rendered 411/1237, time remaining: 25s
Rendered 412/1237, time remaining: 25s
Rendered 413/1237, time remaining: 24s
Rendered 414/1237, time remaining: 24s
Rendered 415/1237, time remaining: 25s
Rendered 416/1237, time remaining: 24s
Rendered 416/1237, time remaining: 24s
Rendered 417/1237, time remaining: 24s
Rendered 418/1237, time remaining: 24s
Rendered 419/1237, time remaining: 24s
Rendered 420/1237, time remaining: 24s
Rendered 421/1237, time remaining: 24s
Rendered 422/1237, time remaining: 24s
Rendered 423/1237, time remaining: 24s
Rendered 424/1237, time remaining: 24s
Rendered 425/1237, time remaining: 24s
Rendered 426/1237, time remaining: 24s
Rendered 427/1237, time remaining: 24s
Rendered 428/1237, time remaining: 24s
Rendered 429/1237, time remaining: 24s
Rendered 430/1237, time remaining: 24s
Rendered 431/1237, time remaining: 24s
Rendered 432/1237, time remaining: 24s
Rendered 432/1237, time remaining: 24s
Rendered 433/1237, time remaining: 24s
Rendered 434/1237, time remaining: 24s
Rendered 435/1237, time remaining: 24s
Rendered 436/1237, time remaining: 24s
Rendered 437/1237, time remaining: 24s
Rendered 438/1237, time remaining: 24s
Rendered 439/1237, time remaining: 24s
Rendered 440/1237, time remaining: 24s
Rendered 441/1237, time remaining: 24s
Rendered 442/1237, time remaining: 24s
Rendered 443/1237, time remaining: 24s
Rendered 444/1237, time remaining: 24s
Rendered 445/1237, time remaining: 24s
Rendered 446/1237, time remaining: 23s
Rendered 447/1237, time remaining: 23s
Rendered 448/1237, time remaining: 23s
Rendered 449/1237, time remaining: 23s
Rendered 449/1237, time remaining: 23s
Rendered 450/1237, time remaining: 23s
Rendered 451/1237, time remaining: 23s
Rendered 452/1237, time remaining: 23s
Rendered 453/1237, time remaining: 23s
Rendered 454/1237, time remaining: 23s
Rendered 455/1237, time remaining: 23s
Rendered 456/1237, time remaining: 23s
Rendered 457/1237, time remaining: 23s
Rendered 458/1237, time remaining: 23s
Rendered 459/1237, time remaining: 23s
Rendered 460/1237, time remaining: 23s
Rendered 461/1237, time remaining: 23s
Rendered 462/1237, time remaining: 23s
Rendered 463/1237, time remaining: 23s
Rendered 464/1237, time remaining: 23s
Rendered 465/1237, time remaining: 23s
Rendered 466/1237, time remaining: 23s
Rendered 467/1237, time remaining: 23s
Rendered 467/1237, time remaining: 23s
Rendered 468/1237, time remaining: 23s
Rendered 469/1237, time remaining: 23s
Rendered 470/1237, time remaining: 22s
Rendered 471/1237, time remaining: 22s
Rendered 472/1237, time remaining: 22s
Rendered 473/1237, time remaining: 22s
Rendered 474/1237, time remaining: 23s
Rendered 475/1237, time remaining: 22s
Rendered 476/1237, time remaining: 23s
Rendered 477/1237, time remaining: 23s
Rendered 478/1237, time remaining: 23s
Rendered 479/1237, time remaining: 22s
Rendered 480/1237, time remaining: 23s
Rendered 481/1237, time remaining: 23s
Rendered 482/1237, time remaining: 22s
Rendered 483/1237, time remaining: 22s
Rendered 483/1237, time remaining: 22s
Rendered 484/1237, time remaining: 23s
Rendered 485/1237, time remaining: 22s
Rendered 486/1237, time remaining: 22s
Rendered 487/1237, time remaining: 22s
Rendered 488/1237, time remaining: 22s
Rendered 489/1237, time remaining: 22s
Rendered 490/1237, time remaining: 22s
Rendered 491/1237, time remaining: 22s
Rendered 492/1237, time remaining: 22s
Rendered 493/1237, time remaining: 22s
Rendered 494/1237, time remaining: 22s
Rendered 495/1237, time remaining: 22s
Rendered 496/1237, time remaining: 22s
Rendered 497/1237, time remaining: 22s
Rendered 498/1237, time remaining: 22s
Rendered 499/1237, time remaining: 22s
Rendered 499/1237, time remaining: 22s
Rendered 500/1237, time remaining: 22s
Rendered 501/1237, time remaining: 22s
Rendered 502/1237, time remaining: 22s
Rendered 503/1237, time remaining: 22s
Rendered 504/1237, time remaining: 22s
Rendered 505/1237, time remaining: 22s
Rendered 506/1237, time remaining: 22s
Rendered 507/1237, time remaining: 22s
Rendered 508/1237, time remaining: 22s
Rendered 509/1237, time remaining: 22s
Rendered 510/1237, time remaining: 22s
Rendered 511/1237, time remaining: 22s
Rendered 512/1237, time remaining: 21s
Rendered 513/1237, time remaining: 21s
Rendered 514/1237, time remaining: 21s
Rendered 515/1237, time remaining: 21s
Rendered 516/1237, time remaining: 21s
Rendered 516/1237, time remaining: 21s
Rendered 517/1237, time remaining: 21s
Rendered 518/1237, time remaining: 21s
Rendered 519/1237, time remaining: 21s
Rendered 520/1237, time remaining: 21s
Rendered 521/1237, time remaining: 21s
Rendered 522/1237, time remaining: 21s
Rendered 523/1237, time remaining: 21s
Rendered 524/1237, time remaining: 21s
Rendered 525/1237, time remaining: 21s
Rendered 526/1237, time remaining: 21s
Rendered 527/1237, time remaining: 21s
Rendered 528/1237, time remaining: 21s
Rendered 529/1237, time remaining: 21s
Rendered 530/1237, time remaining: 21s
Rendered 531/1237, time remaining: 21s
Rendered 532/1237, time remaining: 21s
Rendered 532/1237, time remaining: 21s
Rendered 533/1237, time remaining: 21s
Rendered 534/1237, time remaining: 21s
Rendered 535/1237, time remaining: 21s
Rendered 536/1237, time remaining: 21s
Rendered 537/1237, time remaining: 21s
Rendered 538/1237, time remaining: 21s
Rendered 539/1237, time remaining: 21s
Rendered 540/1237, time remaining: 21s
Rendered 541/1237, time remaining: 20s
Rendered 542/1237, time remaining: 20s
Rendered 543/1237, time remaining: 20s
Rendered 544/1237, time remaining: 20s
Rendered 545/1237, time remaining: 20s
Rendered 546/1237, time remaining: 20s
Rendered 547/1237, time remaining: 20s
Rendered 548/1237, time remaining: 20s
Rendered 549/1237, time remaining: 20s
Rendered 549/1237, time remaining: 20s
Rendered 550/1237, time remaining: 20s
Rendered 551/1237, time remaining: 20s
Rendered 552/1237, time remaining: 20s
Rendered 553/1237, time remaining: 20s
Rendered 554/1237, time remaining: 20s
Rendered 555/1237, time remaining: 20s
Rendered 556/1237, time remaining: 20s
Rendered 557/1237, time remaining: 20s
Rendered 558/1237, time remaining: 20s
Rendered 559/1237, time remaining: 20s
Rendered 560/1237, time remaining: 19s
Rendered 561/1237, time remaining: 20s
Rendered 562/1237, time remaining: 20s
Rendered 563/1237, time remaining: 20s
Rendered 564/1237, time remaining: 19s
Rendered 565/1237, time remaining: 19s
Rendered 566/1237, time remaining: 19s
Rendered 567/1237, time remaining: 19s
Rendered 568/1237, time remaining: 19s
Rendered 569/1237, time remaining: 19s
Rendered 570/1237, time remaining: 19s
Rendered 571/1237, time remaining: 19s
Rendered 572/1237, time remaining: 19s
Rendered 572/1237, time remaining: 19s
Rendered 573/1237, time remaining: 19s
Rendered 574/1237, time remaining: 19s
Rendered 575/1237, time remaining: 19s
Rendered 576/1237, time remaining: 19s
Rendered 577/1237, time remaining: 19s
Rendered 578/1237, time remaining: 18s
Rendered 579/1237, time remaining: 18s
Rendered 580/1237, time remaining: 18s
Rendered 581/1237, time remaining: 18s
Rendered 582/1237, time remaining: 18s
Rendered 583/1237, time remaining: 18s
Rendered 584/1237, time remaining: 18s
Rendered 585/1237, time remaining: 18s
Rendered 586/1237, time remaining: 18s
Rendered 587/1237, time remaining: 18s
Rendered 588/1237, time remaining: 18s
Rendered 589/1237, time remaining: 18s
Rendered 590/1237, time remaining: 18s
Rendered 591/1237, time remaining: 18s
Rendered 592/1237, time remaining: 17s
Rendered 593/1237, time remaining: 17s
Rendered 594/1237, time remaining: 17s
Rendered 595/1237, time remaining: 17s
Rendered 596/1237, time remaining: 17s
Rendered 597/1237, time remaining: 17s
Rendered 598/1237, time remaining: 17s
Rendered 599/1237, time remaining: 17s
Rendered 600/1237, time remaining: 17s
Rendered 600/1237, time remaining: 17s
Rendered 601/1237, time remaining: 17s
Rendered 602/1237, time remaining: 17s
Rendered 603/1237, time remaining: 17s
Rendered 604/1237, time remaining: 17s
Rendered 605/1237, time remaining: 16s
Rendered 606/1237, time remaining: 16s
Rendered 607/1237, time remaining: 16s
Rendered 608/1237, time remaining: 16s
Rendered 609/1237, time remaining: 16s
Rendered 610/1237, time remaining: 16s
Rendered 611/1237, time remaining: 16s
Rendered 612/1237, time remaining: 16s
Rendered 613/1237, time remaining: 16s
Rendered 614/1237, time remaining: 16s
Rendered 615/1237, time remaining: 16s
Rendered 616/1237, time remaining: 16s
Rendered 617/1237, time remaining: 16s
Rendered 618/1237, time remaining: 16s
Rendered 619/1237, time remaining: 16s
Rendered 620/1237, time remaining: 16s
Rendered 621/1237, time remaining: 15s
Rendered 622/1237, time remaining: 15s
Rendered 623/1237, time remaining: 15s
Rendered 624/1237, time remaining: 15s
Rendered 624/1237, time remaining: 15s
Rendered 625/1237, time remaining: 15s
Rendered 626/1237, time remaining: 15s
Rendered 627/1237, time remaining: 15s
Rendered 628/1237, time remaining: 15s
Rendered 629/1237, time remaining: 15s
Rendered 630/1237, time remaining: 15s
Rendered 631/1237, time remaining: 14s
Rendered 632/1237, time remaining: 14s
Rendered 633/1237, time remaining: 14s
Rendered 634/1237, time remaining: 14s
Rendered 635/1237, time remaining: 14s
Rendered 636/1237, time remaining: 14s
Rendered 637/1237, time remaining: 14s
Rendered 638/1237, time remaining: 14s
Rendered 639/1237, time remaining: 14s
Rendered 640/1237, time remaining: 14s
Rendered 641/1237, time remaining: 14s
Rendered 642/1237, time remaining: 14s
Rendered 643/1237, time remaining: 14s
Rendered 644/1237, time remaining: 13s
Rendered 645/1237, time remaining: 13s
Rendered 646/1237, time remaining: 13s
Rendered 647/1237, time remaining: 13s
Rendered 648/1237, time remaining: 13s
Rendered 649/1237, time remaining: 13s
Rendered 650/1237, time remaining: 13s
Rendered 651/1237, time remaining: 13s
Rendered 652/1237, time remaining: 13s
Rendered 653/1237, time remaining: 13s
Rendered 653/1237, time remaining: 13s
Rendered 654/1237, time remaining: 13s
Rendered 655/1237, time remaining: 13s
Rendered 656/1237, time remaining: 13s
Rendered 657/1237, time remaining: 13s
Rendered 658/1237, time remaining: 13s
Rendered 659/1237, time remaining: 13s
Rendered 660/1237, time remaining: 12s
Rendered 661/1237, time remaining: 12s
Rendered 662/1237, time remaining: 12s
Rendered 663/1237, time remaining: 12s
Rendered 664/1237, time remaining: 12s
Rendered 665/1237, time remaining: 12s
Rendered 666/1237, time remaining: 12s
Rendered 667/1237, time remaining: 12s
Rendered 668/1237, time remaining: 12s
Rendered 669/1237, time remaining: 12s
Rendered 670/1237, time remaining: 12s
Rendered 671/1237, time remaining: 11s
Rendered 672/1237, time remaining: 11s
Rendered 673/1237, time remaining: 11s
Rendered 674/1237, time remaining: 11s
Rendered 675/1237, time remaining: 11s
Rendered 676/1237, time remaining: 11s
Rendered 677/1237, time remaining: 11s
Rendered 678/1237, time remaining: 11s
Rendered 679/1237, time remaining: 11s
Rendered 680/1237, time remaining: 11s
Rendered 681/1237, time remaining: 11s
Rendered 682/1237, time remaining: 11s
Rendered 683/1237, time remaining: 11s
Rendered 683/1237, time remaining: 11s
Rendered 684/1237, time remaining: 11s
Rendered 685/1237, time remaining: 11s
Rendered 686/1237, time remaining: 10s
Rendered 687/1237, time remaining: 10s
Rendered 688/1237, time remaining: 10s
Rendered 689/1237, time remaining: 10s
Rendered 690/1237, time remaining: 10s
Rendered 691/1237, time remaining: 10s
Rendered 692/1237, time remaining: 10s
Rendered 693/1237, time remaining: 10s
Rendered 694/1237, time remaining: 10s
Rendered 695/1237, time remaining: 10s
Rendered 696/1237, time remaining: 10s
Rendered 697/1237, time remaining: 10s
Rendered 698/1237, time remaining: 10s
Rendered 699/1237, time remaining: 10s
Rendered 700/1237, time remaining: 10s
Rendered 701/1237, time remaining: 10s
Rendered 702/1237, time remaining: 9s
Rendered 703/1237, time remaining: 9s
Rendered 704/1237, time remaining: 9s
Rendered 705/1237, time remaining: 9s
Rendered 706/1237, time remaining: 9s
Rendered 707/1237, time remaining: 9s
Rendered 708/1237, time remaining: 9s
Rendered 709/1237, time remaining: 9s
Rendered 710/1237, time remaining: 9s
Rendered 711/1237, time remaining: 9s
Rendered 712/1237, time remaining: 9s
Rendered 712/1237, time remaining: 9s
Rendered 713/1237, time remaining: 9s
Rendered 714/1237, time remaining: 9s
Rendered 715/1237, time remaining: 9s
Rendered 716/1237, time remaining: 9s
Rendered 717/1237, time remaining: 9s
Rendered 718/1237, time remaining: 9s
Rendered 719/1237, time remaining: 9s
Rendered 720/1237, time remaining: 9s
Rendered 721/1237, time remaining: 9s
Rendered 722/1237, time remaining: 9s
Rendered 723/1237, time remaining: 9s
Rendered 724/1237, time remaining: 9s
Rendered 725/1237, time remaining: 9s
Rendered 726/1237, time remaining: 9s
Rendered 727/1237, time remaining: 9s
Rendered 728/1237, time remaining: 9s
Rendered 729/1237, time remaining: 9s
Rendered 730/1237, time remaining: 9s
Rendered 731/1237, time remaining: 9s
Rendered 732/1237, time remaining: 9s
Rendered 733/1237, time remaining: 9s
Rendered 734/1237, time remaining: 9s
Rendered 735/1237, time remaining: 8s
Rendered 736/1237, time remaining: 8s
Rendered 737/1237, time remaining: 8s
Rendered 738/1237, time remaining: 8s
Rendered 739/1237, time remaining: 8s
Rendered 740/1237, time remaining: 8s
Rendered 741/1237, time remaining: 8s
Rendered 741/1237, time remaining: 8s
Rendered 742/1237, time remaining: 8s
Rendered 743/1237, time remaining: 8s
Rendered 744/1237, time remaining: 8s
Rendered 745/1237, time remaining: 8s
Rendered 746/1237, time remaining: 8s
Rendered 747/1237, time remaining: 8s
Rendered 748/1237, time remaining: 8s
Rendered 749/1237, time remaining: 8s
Rendered 750/1237, time remaining: 8s
Rendered 751/1237, time remaining: 8s
Rendered 752/1237, time remaining: 8s
Rendered 753/1237, time remaining: 8s
Rendered 754/1237, time remaining: 8s
Rendered 755/1237, time remaining: 8s
Rendered 756/1237, time remaining: 8s
Rendered 757/1237, time remaining: 8s
Rendered 758/1237, time remaining: 8s
Rendered 759/1237, time remaining: 8s
Rendered 760/1237, time remaining: 8s
Rendered 761/1237, time remaining: 8s
Rendered 762/1237, time remaining: 8s
Rendered 763/1237, time remaining: 8s
Rendered 764/1237, time remaining: 8s
Rendered 765/1237, time remaining: 8s
Rendered 766/1237, time remaining: 8s
Rendered 767/1237, time remaining: 8s
Rendered 768/1237, time remaining: 8s
Rendered 769/1237, time remaining: 8s
Rendered 769/1237, time remaining: 8s
Rendered 770/1237, time remaining: 8s
Rendered 771/1237, time remaining: 8s
Rendered 772/1237, time remaining: 8s
Rendered 773/1237, time remaining: 8s
Rendered 774/1237, time remaining: 8s
Rendered 775/1237, time remaining: 8s
Rendered 776/1237, time remaining: 8s
Rendered 777/1237, time remaining: 8s
Rendered 778/1237, time remaining: 8s
Rendered 779/1237, time remaining: 8s
Rendered 780/1237, time remaining: 7s
Rendered 781/1237, time remaining: 7s
Rendered 782/1237, time remaining: 8s
Rendered 783/1237, time remaining: 7s
Rendered 784/1237, time remaining: 7s
Rendered 785/1237, time remaining: 7s
Rendered 786/1237, time remaining: 7s
Rendered 787/1237, time remaining: 7s
Rendered 788/1237, time remaining: 7s
Rendered 789/1237, time remaining: 7s
Rendered 790/1237, time remaining: 7s
Rendered 791/1237, time remaining: 7s
Rendered 792/1237, time remaining: 7s
Rendered 793/1237, time remaining: 7s
Rendered 794/1237, time remaining: 7s
Rendered 795/1237, time remaining: 7s
Rendered 796/1237, time remaining: 7s
Rendered 797/1237, time remaining: 7s
Rendered 798/1237, time remaining: 7s
Rendered 799/1237, time remaining: 7s
Rendered 800/1237, time remaining: 7s
Rendered 800/1237, time remaining: 7s
Rendered 801/1237, time remaining: 7s
Rendered 802/1237, time remaining: 7s
Rendered 803/1237, time remaining: 7s
Rendered 804/1237, time remaining: 7s
Rendered 805/1237, time remaining: 7s
Rendered 806/1237, time remaining: 7s
Rendered 807/1237, time remaining: 7s
Rendered 808/1237, time remaining: 7s
Rendered 809/1237, time remaining: 7s
Rendered 810/1237, time remaining: 7s
Rendered 811/1237, time remaining: 7s
Rendered 812/1237, time remaining: 7s
Rendered 813/1237, time remaining: 7s
Rendered 814/1237, time remaining: 7s
Rendered 815/1237, time remaining: 7s
Rendered 816/1237, time remaining: 7s
Rendered 817/1237, time remaining: 7s
Rendered 818/1237, time remaining: 7s
Rendered 819/1237, time remaining: 7s
Rendered 820/1237, time remaining: 7s
Rendered 821/1237, time remaining: 7s
Rendered 822/1237, time remaining: 7s
Rendered 823/1237, time remaining: 7s
Rendered 824/1237, time remaining: 7s
Rendered 825/1237, time remaining: 7s
Rendered 826/1237, time remaining: 7s
Rendered 827/1237, time remaining: 7s
Rendered 828/1237, time remaining: 7s
Rendered 829/1237, time remaining: 7s
Rendered 829/1237, time remaining: 7s
Rendered 830/1237, time remaining: 7s
Rendered 831/1237, time remaining: 6s
Rendered 832/1237, time remaining: 7s
Rendered 833/1237, time remaining: 7s
Rendered 834/1237, time remaining: 6s
Rendered 835/1237, time remaining: 6s
Rendered 836/1237, time remaining: 6s
Rendered 837/1237, time remaining: 6s
Rendered 838/1237, time remaining: 6s
Rendered 839/1237, time remaining: 6s
Rendered 840/1237, time remaining: 6s
Rendered 841/1237, time remaining: 6s
Rendered 842/1237, time remaining: 6s
Rendered 843/1237, time remaining: 6s
Rendered 844/1237, time remaining: 6s
Rendered 845/1237, time remaining: 6s
Rendered 846/1237, time remaining: 6s
Rendered 847/1237, time remaining: 6s
Rendered 848/1237, time remaining: 6s
Rendered 849/1237, time remaining: 6s
Rendered 850/1237, time remaining: 6s
Rendered 851/1237, time remaining: 6s
Rendered 852/1237, time remaining: 6s
Rendered 853/1237, time remaining: 6s
Rendered 854/1237, time remaining: 6s
Rendered 855/1237, time remaining: 6s
Rendered 856/1237, time remaining: 6s
Rendered 857/1237, time remaining: 6s
Rendered 858/1237, time remaining: 6s
Rendered 859/1237, time remaining: 6s
Rendered 860/1237, time remaining: 6s
Rendered 860/1237, time remaining: 6s
Rendered 861/1237, time remaining: 6s
Rendered 862/1237, time remaining: 6s
Rendered 863/1237, time remaining: 6s
Rendered 864/1237, time remaining: 6s
Rendered 865/1237, time remaining: 6s
Rendered 866/1237, time remaining: 6s
Rendered 867/1237, time remaining: 6s
Rendered 868/1237, time remaining: 6s
Rendered 869/1237, time remaining: 6s
Rendered 870/1237, time remaining: 6s
Rendered 871/1237, time remaining: 6s
Rendered 872/1237, time remaining: 6s
Rendered 873/1237, time remaining: 6s
Rendered 874/1237, time remaining: 6s
Rendered 875/1237, time remaining: 6s
Rendered 876/1237, time remaining: 6s
Rendered 877/1237, time remaining: 6s
Rendered 878/1237, time remaining: 6s
Rendered 879/1237, time remaining: 6s
Rendered 880/1237, time remaining: 5s
Rendered 881/1237, time remaining: 5s
Rendered 882/1237, time remaining: 5s
Rendered 883/1237, time remaining: 5s
Rendered 884/1237, time remaining: 5s
Rendered 885/1237, time remaining: 5s
Rendered 886/1237, time remaining: 5s
Rendered 887/1237, time remaining: 5s
Rendered 888/1237, time remaining: 5s
Rendered 889/1237, time remaining: 5s
Rendered 890/1237, time remaining: 5s
Rendered 890/1237, time remaining: 5s
Rendered 891/1237, time remaining: 5s
Rendered 892/1237, time remaining: 5s
Rendered 893/1237, time remaining: 5s
Rendered 894/1237, time remaining: 5s
Rendered 895/1237, time remaining: 5s
Rendered 896/1237, time remaining: 5s
Rendered 897/1237, time remaining: 5s
Rendered 898/1237, time remaining: 5s
Rendered 899/1237, time remaining: 5s
Rendered 900/1237, time remaining: 5s
Rendered 901/1237, time remaining: 5s
Rendered 902/1237, time remaining: 5s
Rendered 903/1237, time remaining: 5s
Rendered 904/1237, time remaining: 5s
Rendered 905/1237, time remaining: 5s
Rendered 906/1237, time remaining: 5s
Rendered 907/1237, time remaining: 5s
Rendered 908/1237, time remaining: 5s
Rendered 909/1237, time remaining: 5s
Rendered 910/1237, time remaining: 5s
Rendered 911/1237, time remaining: 5s
Rendered 912/1237, time remaining: 5s
Rendered 913/1237, time remaining: 5s
Rendered 914/1237, time remaining: 5s
Rendered 915/1237, time remaining: 5s
Rendered 916/1237, time remaining: 5s
Rendered 917/1237, time remaining: 5s
Rendered 918/1237, time remaining: 5s
Rendered 919/1237, time remaining: 5s
Rendered 920/1237, time remaining: 5s
Rendered 921/1237, time remaining: 5s
Rendered 921/1237, time remaining: 5s
Rendered 922/1237, time remaining: 5s
Rendered 923/1237, time remaining: 5s
Rendered 924/1237, time remaining: 5s
Rendered 925/1237, time remaining: 5s
Rendered 926/1237, time remaining: 5s
Rendered 927/1237, time remaining: 5s
Rendered 928/1237, time remaining: 5s
Rendered 929/1237, time remaining: 5s
Rendered 930/1237, time remaining: 5s
Rendered 931/1237, time remaining: 5s
Rendered 932/1237, time remaining: 5s
Rendered 933/1237, time remaining: 5s
Rendered 934/1237, time remaining: 5s
Rendered 935/1237, time remaining: 5s
Rendered 936/1237, time remaining: 5s
Rendered 937/1237, time remaining: 5s
Rendered 938/1237, time remaining: 5s
Rendered 939/1237, time remaining: 5s
Rendered 940/1237, time remaining: 4s
Rendered 941/1237, time remaining: 5s
Rendered 942/1237, time remaining: 4s
Rendered 943/1237, time remaining: 4s
Rendered 944/1237, time remaining: 4s
Rendered 945/1237, time remaining: 4s
Rendered 946/1237, time remaining: 4s
Rendered 947/1237, time remaining: 4s
Rendered 948/1237, time remaining: 4s
Rendered 948/1237, time remaining: 4s
Rendered 949/1237, time remaining: 4s
Rendered 950/1237, time remaining: 4s
Rendered 951/1237, time remaining: 4s
Rendered 952/1237, time remaining: 4s
Rendered 953/1237, time remaining: 4s
Rendered 954/1237, time remaining: 4s
Rendered 955/1237, time remaining: 4s
Rendered 956/1237, time remaining: 4s
Rendered 957/1237, time remaining: 4s
Rendered 958/1237, time remaining: 4s
Rendered 959/1237, time remaining: 4s
Rendered 960/1237, time remaining: 4s
Rendered 961/1237, time remaining: 4s
Rendered 962/1237, time remaining: 4s
Rendered 963/1237, time remaining: 4s
Rendered 964/1237, time remaining: 4s
Rendered 965/1237, time remaining: 4s
Rendered 966/1237, time remaining: 4s
Rendered 967/1237, time remaining: 4s
Rendered 968/1237, time remaining: 4s
Rendered 969/1237, time remaining: 4s
Rendered 970/1237, time remaining: 4s
Rendered 971/1237, time remaining: 4s
Rendered 972/1237, time remaining: 4s
Rendered 973/1237, time remaining: 4s
Rendered 973/1237, time remaining: 4s
Rendered 974/1237, time remaining: 4s
Rendered 975/1237, time remaining: 4s
Rendered 976/1237, time remaining: 4s
Rendered 977/1237, time remaining: 4s
Rendered 978/1237, time remaining: 4s
Rendered 979/1237, time remaining: 4s
Rendered 980/1237, time remaining: 4s
Rendered 981/1237, time remaining: 4s
Rendered 982/1237, time remaining: 4s
Rendered 983/1237, time remaining: 4s
Rendered 984/1237, time remaining: 4s
Rendered 985/1237, time remaining: 4s
Rendered 986/1237, time remaining: 4s
Rendered 987/1237, time remaining: 4s
Rendered 988/1237, time remaining: 4s
Rendered 989/1237, time remaining: 4s
Rendered 990/1237, time remaining: 4s
Rendered 991/1237, time remaining: 4s
Rendered 992/1237, time remaining: 4s
Rendered 993/1237, time remaining: 4s
Rendered 994/1237, time remaining: 4s
Rendered 995/1237, time remaining: 4s
Rendered 996/1237, time remaining: 4s
Rendered 997/1237, time remaining: 4s
Rendered 998/1237, time remaining: 4s
Rendered 999/1237, time remaining: 4s
Rendered 999/1237, time remaining: 4s
Rendered 1000/1237, time remaining: 4s
Rendered 1001/1237, time remaining: 4s
Rendered 1002/1237, time remaining: 4s
Rendered 1003/1237, time remaining: 4s
Rendered 1004/1237, time remaining: 4s
Rendered 1005/1237, time remaining: 4s
Rendered 1006/1237, time remaining: 4s
Rendered 1007/1237, time remaining: 4s
Rendered 1008/1237, time remaining: 4s
Rendered 1009/1237, time remaining: 4s
Rendered 1010/1237, time remaining: 4s
Rendered 1011/1237, time remaining: 4s
Rendered 1012/1237, time remaining: 4s
Rendered 1013/1237, time remaining: 4s
Rendered 1014/1237, time remaining: 4s
Rendered 1015/1237, time remaining: 4s
Rendered 1016/1237, time remaining: 4s
Rendered 1017/1237, time remaining: 4s
Rendered 1018/1237, time remaining: 4s
Rendered 1019/1237, time remaining: 4s
Rendered 1020/1237, time remaining: 4s
Rendered 1021/1237, time remaining: 4s
Rendered 1022/1237, time remaining: 4s
Rendered 1023/1237, time remaining: 4s
Rendered 1023/1237, time remaining: 4s
Rendered 1024/1237, time remaining: 4s
Rendered 1025/1237, time remaining: 4s
Rendered 1026/1237, time remaining: 4s
Rendered 1027/1237, time remaining: 4s
Rendered 1028/1237, time remaining: 4s
Rendered 1029/1237, time remaining: 3s
Rendered 1030/1237, time remaining: 3s
Rendered 1031/1237, time remaining: 3s
Rendered 1032/1237, time remaining: 3s
Rendered 1033/1237, time remaining: 3s
Rendered 1034/1237, time remaining: 3s
Rendered 1035/1237, time remaining: 3s
Rendered 1036/1237, time remaining: 3s
Rendered 1037/1237, time remaining: 3s
Rendered 1038/1237, time remaining: 3s
Rendered 1039/1237, time remaining: 3s
Rendered 1040/1237, time remaining: 3s
Rendered 1041/1237, time remaining: 3s
Rendered 1042/1237, time remaining: 3s
Rendered 1043/1237, time remaining: 3s
Rendered 1044/1237, time remaining: 3s
Rendered 1045/1237, time remaining: 3s
Rendered 1046/1237, time remaining: 3s
Rendered 1047/1237, time remaining: 3s
Rendered 1048/1237, time remaining: 3s
Rendered 1049/1237, time remaining: 3s
Rendered 1049/1237, time remaining: 3s
Rendered 1050/1237, time remaining: 3s
Rendered 1051/1237, time remaining: 3s
Rendered 1052/1237, time remaining: 3s
Rendered 1053/1237, time remaining: 3s
Rendered 1054/1237, time remaining: 3s
Rendered 1055/1237, time remaining: 3s
Rendered 1056/1237, time remaining: 3s
Rendered 1057/1237, time remaining: 3s
Rendered 1058/1237, time remaining: 3s
Rendered 1059/1237, time remaining: 3s
Rendered 1060/1237, time remaining: 3s
Rendered 1061/1237, time remaining: 3s
Rendered 1062/1237, time remaining: 3s
Rendered 1063/1237, time remaining: 3s
Rendered 1064/1237, time remaining: 3s
Rendered 1065/1237, time remaining: 3s
Rendered 1066/1237, time remaining: 3s
Rendered 1067/1237, time remaining: 3s
Rendered 1068/1237, time remaining: 3s
Rendered 1069/1237, time remaining: 3s
Rendered 1070/1237, time remaining: 3s
Rendered 1071/1237, time remaining: 3s
Rendered 1072/1237, time remaining: 3s
Rendered 1073/1237, time remaining: 3s
Rendered 1074/1237, time remaining: 3s
Rendered 1074/1237, time remaining: 3s
Rendered 1075/1237, time remaining: 3s
Rendered 1076/1237, time remaining: 3s
Rendered 1077/1237, time remaining: 3s
Rendered 1078/1237, time remaining: 3s
Rendered 1079/1237, time remaining: 3s
Rendered 1080/1237, time remaining: 3s
Rendered 1081/1237, time remaining: 3s
Rendered 1082/1237, time remaining: 3s
Rendered 1083/1237, time remaining: 3s
Rendered 1084/1237, time remaining: 3s
Rendered 1085/1237, time remaining: 3s
Rendered 1086/1237, time remaining: 3s
Rendered 1087/1237, time remaining: 3s
Rendered 1088/1237, time remaining: 3s
Rendered 1089/1237, time remaining: 2s
Rendered 1090/1237, time remaining: 2s
Rendered 1091/1237, time remaining: 2s
Rendered 1092/1237, time remaining: 2s
Rendered 1093/1237, time remaining: 2s
Rendered 1094/1237, time remaining: 2s
Rendered 1095/1237, time remaining: 2s
Rendered 1096/1237, time remaining: 2s
Rendered 1097/1237, time remaining: 2s
Rendered 1098/1237, time remaining: 2s
Rendered 1099/1237, time remaining: 2s
Rendered 1099/1237, time remaining: 2s
Rendered 1100/1237, time remaining: 2s
Rendered 1101/1237, time remaining: 2s
Rendered 1102/1237, time remaining: 2s
Rendered 1103/1237, time remaining: 2s
Rendered 1104/1237, time remaining: 2s
Rendered 1105/1237, time remaining: 2s
Rendered 1106/1237, time remaining: 2s
Rendered 1107/1237, time remaining: 2s
Rendered 1108/1237, time remaining: 2s
Rendered 1109/1237, time remaining: 2s
Rendered 1110/1237, time remaining: 2s
Rendered 1111/1237, time remaining: 2s
Rendered 1112/1237, time remaining: 2s
Rendered 1113/1237, time remaining: 2s
Rendered 1114/1237, time remaining: 2s
Rendered 1115/1237, time remaining: 2s
Rendered 1116/1237, time remaining: 2s
Rendered 1117/1237, time remaining: 2s
Rendered 1118/1237, time remaining: 2s
Rendered 1119/1237, time remaining: 2s
Rendered 1120/1237, time remaining: 2s
Rendered 1121/1237, time remaining: 2s
Rendered 1122/1237, time remaining: 2s
Rendered 1123/1237, time remaining: 2s
Rendered 1124/1237, time remaining: 2s
Rendered 1125/1237, time remaining: 2s
Rendered 1125/1237, time remaining: 2s
Rendered 1126/1237, time remaining: 2s
Rendered 1127/1237, time remaining: 2s
Rendered 1128/1237, time remaining: 2s
Rendered 1129/1237, time remaining: 2s
Rendered 1130/1237, time remaining: 2s
Rendered 1131/1237, time remaining: 2s
Rendered 1132/1237, time remaining: 2s
Rendered 1133/1237, time remaining: 2s
Rendered 1134/1237, time remaining: 2s
Rendered 1135/1237, time remaining: 2s
Rendered 1136/1237, time remaining: 2s
Rendered 1137/1237, time remaining: 2s
Rendered 1138/1237, time remaining: 1s
Rendered 1139/1237, time remaining: 1s
Rendered 1140/1237, time remaining: 1s
Rendered 1141/1237, time remaining: 1s
Rendered 1142/1237, time remaining: 1s
Rendered 1143/1237, time remaining: 1s
Rendered 1144/1237, time remaining: 1s
Rendered 1145/1237, time remaining: 1s
Rendered 1146/1237, time remaining: 1s
Rendered 1147/1237, time remaining: 1s
Rendered 1148/1237, time remaining: 1s
Rendered 1149/1237, time remaining: 1s
Rendered 1150/1237, time remaining: 1s
Rendered 1151/1237, time remaining: 1s
Rendered 1152/1237, time remaining: 1s
Rendered 1152/1237, time remaining: 1s
Rendered 1153/1237, time remaining: 1s
Rendered 1154/1237, time remaining: 1s
Rendered 1155/1237, time remaining: 1s
Rendered 1156/1237, time remaining: 1s
Rendered 1157/1237, time remaining: 1s
Rendered 1158/1237, time remaining: 1s
Rendered 1159/1237, time remaining: 1s
Rendered 1160/1237, time remaining: 1s
Rendered 1161/1237, time remaining: 1s
Rendered 1162/1237, time remaining: 1s
Rendered 1163/1237, time remaining: 1s
Rendered 1164/1237, time remaining: 1s
Rendered 1165/1237, time remaining: 1s
Rendered 1166/1237, time remaining: 1s
Rendered 1167/1237, time remaining: 1s
Rendered 1168/1237, time remaining: 1s
Rendered 1169/1237, time remaining: 1s
Rendered 1170/1237, time remaining: 1s
Rendered 1171/1237, time remaining: 1s
Rendered 1172/1237, time remaining: 1s
Rendered 1173/1237, time remaining: 1s
Rendered 1174/1237, time remaining: 1s
Rendered 1175/1237, time remaining: 1s
Rendered 1176/1237, time remaining: 1s
Rendered 1177/1237, time remaining: 1s
Rendered 1178/1237, time remaining: 1s
Rendered 1179/1237, time remaining: 1s
Rendered 1180/1237, time remaining: 1s
Rendered 1181/1237, time remaining: 1s
Rendered 1181/1237, time remaining: 1s
Rendered 1182/1237, time remaining: 1s
Rendered 1183/1237, time remaining: 1s
Rendered 1184/1237, time remaining: 1s
Rendered 1185/1237, time remaining: 0s
Rendered 1186/1237, time remaining: 0s
Rendered 1187/1237, time remaining: 0s
Rendered 1188/1237, time remaining: 0s
Rendered 1189/1237, time remaining: 0s
Rendered 1190/1237, time remaining: 0s
Rendered 1191/1237, time remaining: 0s
Rendered 1192/1237, time remaining: 0s
Rendered 1193/1237, time remaining: 0s
Rendered 1194/1237, time remaining: 0s
Rendered 1195/1237, time remaining: 0s
Rendered 1196/1237, time remaining: 0s
Rendered 1197/1237, time remaining: 0s
Rendered 1198/1237, time remaining: 0s
Rendered 1199/1237, time remaining: 0s
Rendered 1200/1237, time remaining: 0s
Rendered 1201/1237, time remaining: 0s
Rendered 1202/1237, time remaining: 0s
Rendered 1203/1237, time remaining: 0s
Rendered 1204/1237, time remaining: 0s
Rendered 1205/1237, time remaining: 0s
Rendered 1206/1237, time remaining: 0s
Rendered 1207/1237, time remaining: 0s
Rendered 1207/1237, time remaining: 0s
Rendered 1208/1237, time remaining: 0s
Rendered 1209/1237, time remaining: 0s
Rendered 1210/1237, time remaining: 0s
Rendered 1211/1237, time remaining: 0s
Rendered 1212/1237, time remaining: 0s
Rendered 1213/1237, time remaining: 0s
Rendered 1214/1237, time remaining: 0s
Rendered 1215/1237, time remaining: 0s
Rendered 1216/1237, time remaining: 0s
Rendered 1217/1237, time remaining: 0s
Rendered 1218/1237, time remaining: 0s
Rendered 1219/1237, time remaining: 0s
Rendered 1220/1237, time remaining: 0s
Rendered 1221/1237, time remaining: 0s
Rendered 1222/1237, time remaining: 0s
Rendered 1223/1237, time remaining: 0s
Rendered 1224/1237, time remaining: 0s
Rendered 1225/1237, time remaining: 0s
Rendered 1226/1237, time remaining: 0s
Rendered 1227/1237, time remaining: 0s
Rendered 1228/1237, time remaining: 0s
Rendered 1229/1237, time remaining: 0s
Rendered 1230/1237, time remaining: 0s
Rendered 1231/1237, time remaining: 0s
Rendered 1232/1237, time remaining: 0s
Rendered 1233/1237, time remaining: 0s
Rendered 1234/1237, time remaining: 0s
Rendered 1235/1237, time remaining: 0s
Rendered 1236/1237, time remaining: 0s
Encoded 907/1237
Encoded 935/1237
Encoded 990/1237
Encoded 1237/1237
