Bundling 6%
Bundling 19%
Bundling 65%
Bundling 71%
Bundling 76%
Bundling 81%
Bundling 87%
Bundling 92%
Bundling 98%
Bundling 100%
Copying public dir 11.5 MB
Copying public dir 22.4 MB
Copying public dir 46.9 MB
Copying public dir 65.6 MB
Copying public dir 76.5 MB
Copying public dir 78.1 MB
Copying public dir 84.6 MB
Copying public dir 97.2 MB
Copying public dir 99.1 MB
Copying public dir 119.9 MB
Copying public dir 128.9 MB
Copying public dir 140 MB
Copying public dir 150.8 MB
Copying public dir 161.6 MB
Copying public dir 165.3 MB
Copying public dir 171.6 MB
Copying public dir 185 MB
Copying public dir 195.9 MB
Copying public dir 200.9 MB
Copying public dir 225.6 MB
Copying public dir 230.7 MB
Copying public dir 233.4 MB
Copying public dir 245.1 MB
Copying public dir 245.3 MB
Copying public dir 256.7 MB
Copying public dir 263.9 MB
Copying public dir 276.3 MB
Copying public dir 287.5 MB
Copying public dir 290.6 MB
Copying public dir 291 MB
Copying public dir 292.4 MB
Copying public dir 335.4 MB
Copying public dir 336.7 MB
Copying public dir 349 MB
Copying public dir 351.4 MB
Copying public dir 362.1 MB
Copying public dir 363.1 MB
Copying public dir 376.1 MB
Copying public dir 378.6 MB
Copying public dir 389.6 MB
Copying public dir 395.5 MB
Copying public dir 407.8 MB
Copying public dir 420.4 MB
Copying public dir 432.6 MB
Getting composition
Rendered 0/1162
Rendered 1/1162, time remaining: 2m 39s
Rendered 2/1162, time remaining: 1m 23s
Rendered 3/1162, time remaining: 59s
Rendered 4/1162, time remaining: 46s
Rendered 5/1162, time remaining: 43s
Rendered 6/1162, time remaining: 37s
Rendered 7/1162, time remaining: 33s
Rendered 8/1162, time remaining: 30s
Rendered 9/1162, time remaining: 30s
Rendered 10/1162, time remaining: 28s
Rendered 11/1162, time remaining: 26s
Rendered 12/1162, time remaining: 25s
Rendered 13/1162, time remaining: 24s
Rendered 14/1162, time remaining: 23s
Rendered 15/1162, time remaining: 23s
Rendered 16/1162, time remaining: 22s
Rendered 17/1162, time remaining: 21s
Rendered 18/1162, time remaining: 20s
Rendered 19/1162, time remaining: 21s
Rendered 20/1162, time remaining: 20s
Rendered 21/1162, time remaining: 20s
Rendered 22/1162, time remaining: 19s
Rendered 23/1162, time remaining: 20s
Rendered 24/1162, time remaining: 19s
Rendered 25/1162, time remaining: 19s
Rendered 26/1162, time remaining: 18s
Rendered 27/1162, time remaining: 19s
Rendered 28/1162, time remaining: 18s
Rendered 29/1162, time remaining: 18s
Rendered 30/1162, time remaining: 18s
Rendered 31/1162, time remaining: 18s
Rendered 32/1162, time remaining: 18s
Rendered 33/1162, time remaining: 18s
Rendered 34/1162, time remaining: 17s
Rendered 35/1162, time remaining: 18s
Rendered 36/1162, time remaining: 17s
Rendered 37/1162, time remaining: 17s
Rendered 38/1162, time remaining: 17s
Rendered 39/1162, time remaining: 17s
Rendered 40/1162, time remaining: 17s
Rendered 41/1162, time remaining: 17s
Rendered 42/1162, time remaining: 17s
Rendered 43/1162, time remaining: 17s
Rendered 44/1162, time remaining: 17s
Rendered 45/1162, time remaining: 17s
Rendered 46/1162, time remaining: 16s
Rendered 47/1162, time remaining: 17s
Rendered 48/1162, time remaining: 16s
Rendered 49/1162, time remaining: 16s
Rendered 50/1162, time remaining: 16s
Rendered 51/1162, time remaining: 16s
Rendered 52/1162, time remaining: 16s
Rendered 53/1162, time remaining: 16s
Rendered 54/1162, time remaining: 16s
Rendered 55/1162, time remaining: 16s
Rendered 56/1162, time remaining: 16s
Rendered 57/1162, time remaining: 16s
Rendered 58/1162, time remaining: 16s
Rendered 59/1162, time remaining: 15s
Rendered 60/1162, time remaining: 15s
Rendered 61/1162, time remaining: 15s
Rendered 62/1162, time remaining: 15s
Rendered 63/1162, time remaining: 15s
Rendered 64/1162, time remaining: 15s
Rendered 65/1162, time remaining: 15s
Rendered 66/1162, time remaining: 15s
Rendered 67/1162, time remaining: 15s
Rendered 68/1162, time remaining: 15s
Rendered 69/1162, time remaining: 15s
Rendered 70/1162, time remaining: 15s
Rendered 71/1162, time remaining: 15s
Rendered 72/1162, time remaining: 15s
Rendered 73/1162, time remaining: 15s
Rendered 73/1162, time remaining: 15s
Rendered 74/1162, time remaining: 15s
Rendered 75/1162, time remaining: 15s
Rendered 76/1162, time remaining: 15s
Rendered 77/1162, time remaining: 15s
Rendered 78/1162, time remaining: 15s
Rendered 79/1162, time remaining: 15s
Rendered 80/1162, time remaining: 15s
Rendered 81/1162, time remaining: 15s
Rendered 82/1162, time remaining: 15s
Rendered 83/1162, time remaining: 15s
Rendered 84/1162, time remaining: 15s
Rendered 85/1162, time remaining: 15s
Rendered 86/1162, time remaining: 15s
Rendered 87/1162, time remaining: 15s
Rendered 88/1162, time remaining: 15s
Rendered 89/1162, time remaining: 15s
Rendered 90/1162, time remaining: 15s
Rendered 91/1162, time remaining: 14s
Rendered 92/1162, time remaining: 15s
Rendered 93/1162, time remaining: 15s
Rendered 94/1162, time remaining: 14s
Rendered 95/1162, time remaining: 14s
Rendered 96/1162, time remaining: 15s
Rendered 97/1162, time remaining: 14s
Rendered 98/1162, time remaining: 14s
Rendered 99/1162, time remaining: 14s
Rendered 100/1162, time remaining: 14s
Rendered 101/1162, time remaining: 14s
Rendered 102/1162, time remaining: 14s
Rendered 103/1162, time remaining: 14s
Rendered 104/1162, time remaining: 14s
Rendered 105/1162, time remaining: 14s
Rendered 106/1162, time remaining: 14s
Rendered 107/1162, time remaining: 14s
Rendered 108/1162, time remaining: 14s
Rendered 109/1162, time remaining: 14s
Rendered 110/1162, time remaining: 14s
Rendered 111/1162, time remaining: 14s
Rendered 111/1162, time remaining: 14s
Rendered 112/1162, time remaining: 14s
Rendered 113/1162, time remaining: 14s
Rendered 114/1162, time remaining: 14s
Rendered 115/1162, time remaining: 14s
Rendered 116/1162, time remaining: 14s
Rendered 117/1162, time remaining: 14s
Rendered 118/1162, time remaining: 14s
Rendered 119/1162, time remaining: 14s
Rendered 120/1162, time remaining: 14s
Rendered 121/1162, time remaining: 14s
Rendered 122/1162, time remaining: 14s
Rendered 123/1162, time remaining: 14s
Rendered 124/1162, time remaining: 14s
Rendered 125/1162, time remaining: 14s
Rendered 126/1162, time remaining: 14s
Rendered 127/1162, time remaining: 14s
Rendered 128/1162, time remaining: 14s
Rendered 129/1162, time remaining: 14s
Rendered 130/1162, time remaining: 14s
Rendered 131/1162, time remaining: 14s
Rendered 132/1162, time remaining: 14s
Rendered 133/1162, time remaining: 14s
Rendered 134/1162, time remaining: 14s
Rendered 135/1162, time remaining: 14s
Rendered 136/1162, time remaining: 13s
Rendered 137/1162, time remaining: 14s
Rendered 138/1162, time remaining: 14s
Rendered 139/1162, time remaining: 13s
Rendered 140/1162, time remaining: 13s
Rendered 141/1162, time remaining: 14s
Rendered 142/1162, time remaining: 13s
Rendered 143/1162, time remaining: 13s
Rendered 144/1162, time remaining: 13s
Rendered 145/1162, time remaining: 13s
Rendered 146/1162, time remaining: 13s
Rendered 147/1162, time remaining: 13s
Rendered 148/1162, time remaining: 13s
Rendered 149/1162, time remaining: 13s
Rendered 150/1162, time remaining: 13s
Rendered 150/1162, time remaining: 13s
Rendered 151/1162, time remaining: 12s
Rendered 152/1162, time remaining: 12s
Rendered 153/1162, time remaining: 12s
Rendered 154/1162, time remaining: 12s
Rendered 155/1162, time remaining: 12s
Rendered 156/1162, time remaining: 12s
Rendered 157/1162, time remaining: 12s
Rendered 158/1162, time remaining: 12s
Rendered 159/1162, time remaining: 12s
Rendered 160/1162, time remaining: 12s
Rendered 161/1162, time remaining: 12s
Rendered 162/1162, time remaining: 12s
Rendered 163/1162, time remaining: 12s
Rendered 164/1162, time remaining: 12s
Rendered 165/1162, time remaining: 12s
Rendered 166/1162, time remaining: 12s
Rendered 167/1162, time remaining: 12s
Rendered 168/1162, time remaining: 12s
Rendered 169/1162, time remaining: 12s
Rendered 170/1162, time remaining: 12s
Rendered 171/1162, time remaining: 12s
Rendered 172/1162, time remaining: 12s
Rendered 173/1162, time remaining: 12s
Rendered 174/1162, time remaining: 12s
Rendered 175/1162, time remaining: 12s
Rendered 176/1162, time remaining: 12s
Rendered 177/1162, time remaining: 12s
Rendered 178/1162, time remaining: 12s
Rendered 179/1162, time remaining: 12s
Rendered 180/1162, time remaining: 12s
Rendered 181/1162, time remaining: 12s
Rendered 182/1162, time remaining: 12s
Rendered 183/1162, time remaining: 12s
Rendered 184/1162, time remaining: 12s
Rendered 185/1162, time remaining: 12s
Rendered 186/1162, time remaining: 12s
Rendered 187/1162, time remaining: 12s
Rendered 188/1162, time remaining: 12s
Rendered 189/1162, time remaining: 12s
Rendered 190/1162, time remaining: 12s
Rendered 191/1162, time remaining: 12s
Rendered 192/1162, time remaining: 12s
Rendered 193/1162, time remaining: 12s
Rendered 194/1162, time remaining: 12s
Rendered 194/1162, time remaining: 12s
Rendered 195/1162, time remaining: 12s
Rendered 196/1162, time remaining: 12s
Rendered 197/1162, time remaining: 12s
Rendered 198/1162, time remaining: 12s
Rendered 199/1162, time remaining: 12s
Rendered 200/1162, time remaining: 12s
Rendered 201/1162, time remaining: 11s
Rendered 202/1162, time remaining: 11s
Rendered 203/1162, time remaining: 11s
Rendered 204/1162, time remaining: 11s
Rendered 205/1162, time remaining: 11s
Rendered 206/1162, time remaining: 11s
Rendered 207/1162, time remaining: 11s
Rendered 208/1162, time remaining: 11s
Rendered 209/1162, time remaining: 11s
Rendered 210/1162, time remaining: 11s
Rendered 211/1162, time remaining: 11s
Rendered 212/1162, time remaining: 11s
Rendered 213/1162, time remaining: 11s
Rendered 214/1162, time remaining: 11s
Rendered 215/1162, time remaining: 11s
Rendered 216/1162, time remaining: 11s
Rendered 217/1162, time remaining: 11s
Rendered 218/1162, time remaining: 11s
Rendered 219/1162, time remaining: 11s
Rendered 220/1162, time remaining: 11s
Rendered 221/1162, time remaining: 11s
Rendered 222/1162, time remaining: 11s
Rendered 223/1162, time remaining: 11s
Rendered 224/1162, time remaining: 11s
Rendered 225/1162, time remaining: 11s
Rendered 226/1162, time remaining: 11s
Rendered 227/1162, time remaining: 11s
Rendered 228/1162, time remaining: 11s
Rendered 229/1162, time remaining: 11s
Rendered 230/1162, time remaining: 11s
Rendered 231/1162, time remaining: 11s
Rendered 232/1162, time remaining: 11s
Rendered 233/1162, time remaining: 11s
Rendered 233/1162, time remaining: 11s
Rendered 234/1162, time remaining: 11s
Rendered 235/1162, time remaining: 11s
Rendered 236/1162, time remaining: 11s
Rendered 237/1162, time remaining: 11s
Rendered 238/1162, time remaining: 11s
Rendered 239/1162, time remaining: 11s
Rendered 240/1162, time remaining: 11s
Rendered 241/1162, time remaining: 11s
Rendered 242/1162, time remaining: 11s
Rendered 243/1162, time remaining: 11s
Rendered 244/1162, time remaining: 11s
Rendered 245/1162, time remaining: 11s
Rendered 246/1162, time remaining: 11s
Rendered 247/1162, time remaining: 11s
Rendered 248/1162, time remaining: 11s
Rendered 249/1162, time remaining: 11s
Rendered 250/1162, time remaining: 11s
Rendered 251/1162, time remaining: 11s
Rendered 252/1162, time remaining: 11s
Rendered 253/1162, time remaining: 11s
Rendered 254/1162, time remaining: 11s
Rendered 255/1162, time remaining: 11s
Rendered 256/1162, time remaining: 11s
Rendered 257/1162, time remaining: 11s
Rendered 258/1162, time remaining: 10s
Rendered 259/1162, time remaining: 10s
Rendered 260/1162, time remaining: 10s
Rendered 261/1162, time remaining: 10s
Rendered 262/1162, time remaining: 10s
Rendered 263/1162, time remaining: 10s
Rendered 264/1162, time remaining: 10s
Rendered 265/1162, time remaining: 10s
Rendered 266/1162, time remaining: 10s
Rendered 267/1162, time remaining: 10s
Rendered 268/1162, time remaining: 10s
Rendered 269/1162, time remaining: 10s
Rendered 270/1162, time remaining: 10s
Rendered 271/1162, time remaining: 10s
Rendered 272/1162, time remaining: 10s
Rendered 273/1162, time remaining: 10s
Rendered 274/1162, time remaining: 10s
Rendered 275/1162, time remaining: 10s
Rendered 276/1162, time remaining: 10s
Rendered 277/1162, time remaining: 10s
Rendered 278/1162, time remaining: 10s
Rendered 278/1162, time remaining: 10s
Rendered 279/1162, time remaining: 10s
Rendered 280/1162, time remaining: 10s
Rendered 281/1162, time remaining: 10s
Rendered 282/1162, time remaining: 10s
Rendered 283/1162, time remaining: 10s
Rendered 284/1162, time remaining: 10s
Rendered 285/1162, time remaining: 10s
Rendered 286/1162, time remaining: 10s
Rendered 287/1162, time remaining: 10s
Rendered 288/1162, time remaining: 10s
Rendered 289/1162, time remaining: 10s
Rendered 290/1162, time remaining: 10s
Rendered 291/1162, time remaining: 10s
Rendered 292/1162, time remaining: 10s
Rendered 293/1162, time remaining: 10s
Rendered 294/1162, time remaining: 10s
Rendered 295/1162, time remaining: 10s
Rendered 296/1162, time remaining: 10s
Rendered 297/1162, time remaining: 10s
Rendered 298/1162, time remaining: 10s
Rendered 299/1162, time remaining: 10s
Rendered 300/1162, time remaining: 10s
Rendered 301/1162, time remaining: 10s
Rendered 302/1162, time remaining: 10s
Rendered 303/1162, time remaining: 10s
Rendered 304/1162, time remaining: 9s
Rendered 305/1162, time remaining: 9s
Rendered 306/1162, time remaining: 9s
Rendered 307/1162, time remaining: 9s
Rendered 308/1162, time remaining: 9s
Rendered 309/1162, time remaining: 9s
Rendered 310/1162, time remaining: 9s
Rendered 311/1162, time remaining: 9s
Rendered 312/1162, time remaining: 9s
Rendered 313/1162, time remaining: 9s
Rendered 314/1162, time remaining: 9s
Rendered 315/1162, time remaining: 9s
Rendered 316/1162, time remaining: 9s
Rendered 317/1162, time remaining: 9s
Rendered 318/1162, time remaining: 9s
Rendered 319/1162, time remaining: 9s
Rendered 320/1162, time remaining: 9s
Rendered 321/1162, time remaining: 9s
Rendered 322/1162, time remaining: 9s
Rendered 322/1162, time remaining: 9s
Rendered 323/1162, time remaining: 9s
Rendered 324/1162, time remaining: 9s
Rendered 325/1162, time remaining: 9s
Rendered 326/1162, time remaining: 9s
Rendered 327/1162, time remaining: 9s
Rendered 328/1162, time remaining: 9s
Rendered 329/1162, time remaining: 9s
Rendered 330/1162, time remaining: 9s
Rendered 331/1162, time remaining: 9s
Rendered 332/1162, time remaining: 9s
Rendered 333/1162, time remaining: 9s
Rendered 334/1162, time remaining: 9s
Rendered 335/1162, time remaining: 9s
Rendered 336/1162, time remaining: 9s
Rendered 337/1162, time remaining: 9s
Rendered 338/1162, time remaining: 9s
Rendered 339/1162, time remaining: 9s
Rendered 340/1162, time remaining: 9s
Rendered 341/1162, time remaining: 9s
Rendered 342/1162, time remaining: 9s
Rendered 343/1162, time remaining: 9s
Rendered 344/1162, time remaining: 9s
Rendered 345/1162, time remaining: 9s
Rendered 346/1162, time remaining: 9s
Rendered 347/1162, time remaining: 9s
Rendered 348/1162, time remaining: 9s
Rendered 349/1162, time remaining: 9s
Rendered 350/1162, time remaining: 9s
Rendered 351/1162, time remaining: 9s
Rendered 352/1162, time remaining: 9s
Rendered 353/1162, time remaining: 9s
Rendered 354/1162, time remaining: 9s
Rendered 355/1162, time remaining: 9s
Rendered 356/1162, time remaining: 9s
Rendered 357/1162, time remaining: 9s
Rendered 358/1162, time remaining: 9s
Rendered 359/1162, time remaining: 9s
Rendered 360/1162, time remaining: 9s
Rendered 361/1162, time remaining: 9s
Rendered 361/1162, time remaining: 9s
Rendered 362/1162, time remaining: 9s
Rendered 363/1162, time remaining: 9s
Rendered 364/1162, time remaining: 9s
Rendered 365/1162, time remaining: 9s
Rendered 366/1162, time remaining: 9s
Rendered 367/1162, time remaining: 9s
Rendered 368/1162, time remaining: 9s
Rendered 369/1162, time remaining: 9s
Rendered 370/1162, time remaining: 9s
Rendered 371/1162, time remaining: 9s
Rendered 372/1162, time remaining: 9s
Rendered 373/1162, time remaining: 9s
Rendered 374/1162, time remaining: 9s
Rendered 375/1162, time remaining: 9s
Rendered 376/1162, time remaining: 9s
Rendered 377/1162, time remaining: 9s
Rendered 378/1162, time remaining: 9s
Rendered 379/1162, time remaining: 9s
Rendered 380/1162, time remaining: 9s
Rendered 381/1162, time remaining: 9s
Rendered 382/1162, time remaining: 9s
Rendered 383/1162, time remaining: 9s
Rendered 384/1162, time remaining: 9s
Rendered 385/1162, time remaining: 9s
Rendered 386/1162, time remaining: 9s
Rendered 387/1162, time remaining: 9s
Rendered 388/1162, time remaining: 9s
Rendered 389/1162, time remaining: 9s
Rendered 390/1162, time remaining: 9s
Rendered 391/1162, time remaining: 9s
Rendered 392/1162, time remaining: 9s
Rendered 393/1162, time remaining: 9s
Rendered 394/1162, time remaining: 9s
Rendered 395/1162, time remaining: 9s
Rendered 396/1162, time remaining: 9s
Rendered 397/1162, time remaining: 9s
Rendered 398/1162, time remaining: 9s
Rendered 399/1162, time remaining: 9s
Rendered 399/1162, time remaining: 9s
Rendered 400/1162, time remaining: 9s
Rendered 401/1162, time remaining: 9s
Rendered 402/1162, time remaining: 9s
Rendered 403/1162, time remaining: 9s
Rendered 404/1162, time remaining: 9s
Rendered 405/1162, time remaining: 9s
Rendered 406/1162, time remaining: 9s
Rendered 407/1162, time remaining: 9s
Rendered 408/1162, time remaining: 9s
Rendered 409/1162, time remaining: 9s
Rendered 410/1162, time remaining: 9s
Rendered 411/1162, time remaining: 9s
Rendered 412/1162, time remaining: 9s
Rendered 413/1162, time remaining: 9s
Rendered 414/1162, time remaining: 9s
Rendered 415/1162, time remaining: 9s
Rendered 416/1162, time remaining: 9s
Rendered 417/1162, time remaining: 9s
Rendered 418/1162, time remaining: 9s
Rendered 419/1162, time remaining: 9s
Rendered 420/1162, time remaining: 9s
Rendered 421/1162, time remaining: 9s
Rendered 422/1162, time remaining: 9s
Rendered 423/1162, time remaining: 9s
Rendered 424/1162, time remaining: 9s
Rendered 425/1162, time remaining: 9s
Rendered 426/1162, time remaining: 9s
Rendered 427/1162, time remaining: 9s
Rendered 428/1162, time remaining: 9s
Rendered 429/1162, time remaining: 9s
Rendered 430/1162, time remaining: 9s
Rendered 431/1162, time remaining: 9s
Rendered 432/1162, time remaining: 9s
Rendered 433/1162, time remaining: 8s
Rendered 434/1162, time remaining: 9s
Rendered 435/1162, time remaining: 8s
Rendered 436/1162, time remaining: 8s
Rendered 437/1162, time remaining: 8s
Rendered 438/1162, time remaining: 9s
Rendered 439/1162, time remaining: 8s
Rendered 440/1162, time remaining: 8s
Rendered 441/1162, time remaining: 8s
Rendered 442/1162, time remaining: 9s
Rendered 442/1162, time remaining: 9s
Rendered 443/1162, time remaining: 8s
Rendered 444/1162, time remaining: 8s
Rendered 445/1162, time remaining: 8s
Rendered 446/1162, time remaining: 9s
Rendered 447/1162, time remaining: 9s
Rendered 448/1162, time remaining: 8s
Rendered 449/1162, time remaining: 8s
Rendered 450/1162, time remaining: 9s
Rendered 451/1162, time remaining: 9s
Rendered 452/1162, time remaining: 8s
Rendered 453/1162, time remaining: 8s
Rendered 454/1162, time remaining: 9s
Rendered 455/1162, time remaining: 9s
Rendered 456/1162, time remaining: 8s
Rendered 457/1162, time remaining: 8s
Rendered 458/1162, time remaining: 9s
Rendered 459/1162, time remaining: 8s
Rendered 460/1162, time remaining: 8s
Rendered 461/1162, time remaining: 8s
Rendered 462/1162, time remaining: 8s
Rendered 463/1162, time remaining: 8s
Rendered 464/1162, time remaining: 8s
Rendered 465/1162, time remaining: 8s
Rendered 466/1162, time remaining: 8s
Rendered 467/1162, time remaining: 8s
Rendered 468/1162, time remaining: 8s
Rendered 469/1162, time remaining: 8s
Rendered 470/1162, time remaining: 8s
Rendered 471/1162, time remaining: 8s
Rendered 472/1162, time remaining: 8s
Rendered 473/1162, time remaining: 8s
Rendered 474/1162, time remaining: 8s
Rendered 475/1162, time remaining: 8s
Rendered 476/1162, time remaining: 8s
Rendered 477/1162, time remaining: 8s
Rendered 478/1162, time remaining: 8s
Rendered 479/1162, time remaining: 8s
Rendered 480/1162, time remaining: 8s
Rendered 480/1162, time remaining: 8s
Rendered 481/1162, time remaining: 8s
Rendered 482/1162, time remaining: 8s
Rendered 483/1162, time remaining: 8s
Rendered 484/1162, time remaining: 8s
Rendered 485/1162, time remaining: 8s
Rendered 486/1162, time remaining: 8s
Rendered 487/1162, time remaining: 8s
Rendered 488/1162, time remaining: 8s
Rendered 489/1162, time remaining: 8s
Rendered 490/1162, time remaining: 8s
Rendered 491/1162, time remaining: 8s
Rendered 492/1162, time remaining: 8s
Rendered 493/1162, time remaining: 8s
Rendered 494/1162, time remaining: 8s
Rendered 495/1162, time remaining: 8s
Rendered 496/1162, time remaining: 8s
Rendered 497/1162, time remaining: 8s
Rendered 498/1162, time remaining: 8s
Rendered 499/1162, time remaining: 8s
Rendered 500/1162, time remaining: 8s
Rendered 501/1162, time remaining: 8s
Rendered 502/1162, time remaining: 8s
Rendered 503/1162, time remaining: 8s
Rendered 504/1162, time remaining: 8s
Rendered 505/1162, time remaining: 8s
Rendered 506/1162, time remaining: 8s
Rendered 507/1162, time remaining: 8s
Rendered 508/1162, time remaining: 8s
Rendered 509/1162, time remaining: 8s
Rendered 510/1162, time remaining: 8s
Rendered 511/1162, time remaining: 8s
Rendered 512/1162, time remaining: 8s
Rendered 513/1162, time remaining: 8s
Rendered 514/1162, time remaining: 8s
Rendered 515/1162, time remaining: 8s
Rendered 516/1162, time remaining: 8s
Rendered 517/1162, time remaining: 8s
Rendered 517/1162, time remaining: 8s
Rendered 518/1162, time remaining: 8s
Rendered 519/1162, time remaining: 8s
Rendered 520/1162, time remaining: 8s
Rendered 521/1162, time remaining: 8s
Rendered 522/1162, time remaining: 8s
Rendered 523/1162, time remaining: 8s
Rendered 524/1162, time remaining: 8s
Rendered 525/1162, time remaining: 8s
Rendered 526/1162, time remaining: 8s
Rendered 527/1162, time remaining: 8s
Rendered 528/1162, time remaining: 8s
Rendered 529/1162, time remaining: 8s
Rendered 530/1162, time remaining: 8s
Rendered 531/1162, time remaining: 8s
Rendered 532/1162, time remaining: 8s
Rendered 533/1162, time remaining: 8s
Rendered 534/1162, time remaining: 8s
Rendered 535/1162, time remaining: 8s
Rendered 536/1162, time remaining: 8s
Rendered 537/1162, time remaining: 8s
Rendered 538/1162, time remaining: 8s
Rendered 539/1162, time remaining: 8s
Rendered 540/1162, time remaining: 8s
Rendered 541/1162, time remaining: 8s
Rendered 542/1162, time remaining: 8s
Rendered 543/1162, time remaining: 8s
Rendered 544/1162, time remaining: 8s
Rendered 545/1162, time remaining: 8s
Rendered 546/1162, time remaining: 8s
Rendered 547/1162, time remaining: 7s
Rendered 548/1162, time remaining: 8s
Rendered 549/1162, time remaining: 8s
Rendered 550/1162, time remaining: 7s
Rendered 551/1162, time remaining: 7s
Rendered 552/1162, time remaining: 8s
Rendered 553/1162, time remaining: 8s
Rendered 554/1162, time remaining: 7s
Rendered 555/1162, time remaining: 7s
Rendered 555/1162, time remaining: 7s
Rendered 556/1162, time remaining: 7s
Rendered 557/1162, time remaining: 7s
Rendered 558/1162, time remaining: 7s
Rendered 559/1162, time remaining: 7s
Rendered 560/1162, time remaining: 7s
Rendered 561/1162, time remaining: 7s
Rendered 562/1162, time remaining: 7s
Rendered 563/1162, time remaining: 7s
Rendered 564/1162, time remaining: 7s
Rendered 565/1162, time remaining: 7s
Rendered 566/1162, time remaining: 7s
Rendered 567/1162, time remaining: 7s
Rendered 568/1162, time remaining: 7s
Rendered 569/1162, time remaining: 7s
Rendered 570/1162, time remaining: 7s
Rendered 571/1162, time remaining: 7s
Rendered 572/1162, time remaining: 7s
Rendered 573/1162, time remaining: 7s
Rendered 574/1162, time remaining: 7s
Rendered 575/1162, time remaining: 7s
Rendered 576/1162, time remaining: 7s
Rendered 577/1162, time remaining: 7s
Rendered 578/1162, time remaining: 7s
Rendered 579/1162, time remaining: 7s
Rendered 580/1162, time remaining: 7s
Rendered 581/1162, time remaining: 7s
Rendered 582/1162, time remaining: 7s
Rendered 583/1162, time remaining: 7s
Rendered 584/1162, time remaining: 7s
Rendered 585/1162, time remaining: 7s
Rendered 586/1162, time remaining: 7s
Rendered 587/1162, time remaining: 7s
Rendered 588/1162, time remaining: 7s
Rendered 589/1162, time remaining: 7s
Rendered 590/1162, time remaining: 7s
Rendered 591/1162, time remaining: 7s
Rendered 591/1162, time remaining: 7s
Rendered 592/1162, time remaining: 7s
Rendered 593/1162, time remaining: 7s
Rendered 594/1162, time remaining: 7s
Rendered 595/1162, time remaining: 7s
Rendered 596/1162, time remaining: 7s
Rendered 597/1162, time remaining: 7s
Rendered 598/1162, time remaining: 7s
Rendered 599/1162, time remaining: 7s
Rendered 600/1162, time remaining: 7s
Rendered 601/1162, time remaining: 7s
Rendered 602/1162, time remaining: 7s
Rendered 603/1162, time remaining: 7s
Rendered 604/1162, time remaining: 7s
Rendered 605/1162, time remaining: 7s
Rendered 606/1162, time remaining: 7s
Rendered 607/1162, time remaining: 7s
Rendered 608/1162, time remaining: 7s
Rendered 609/1162, time remaining: 7s
Rendered 610/1162, time remaining: 7s
Rendered 611/1162, time remaining: 7s
Rendered 612/1162, time remaining: 7s
Rendered 613/1162, time remaining: 7s
Rendered 614/1162, time remaining: 7s
Rendered 615/1162, time remaining: 7s
Rendered 616/1162, time remaining: 7s
Rendered 617/1162, time remaining: 7s
Rendered 618/1162, time remaining: 7s
Rendered 619/1162, time remaining: 7s
Rendered 620/1162, time remaining: 7s
Rendered 621/1162, time remaining: 7s
Rendered 622/1162, time remaining: 7s
Rendered 623/1162, time remaining: 7s
Rendered 624/1162, time remaining: 7s
Rendered 625/1162, time remaining: 7s
Rendered 626/1162, time remaining: 7s
Rendered 627/1162, time remaining: 7s
Rendered 628/1162, time remaining: 7s
Rendered 628/1162, time remaining: 7s
Rendered 629/1162, time remaining: 7s
Rendered 630/1162, time remaining: 7s
Rendered 631/1162, time remaining: 7s
Rendered 632/1162, time remaining: 7s
Rendered 633/1162, time remaining: 7s
Rendered 634/1162, time remaining: 7s
Rendered 635/1162, time remaining: 7s
Rendered 636/1162, time remaining: 7s
Rendered 637/1162, time remaining: 7s
Rendered 638/1162, time remaining: 7s
Rendered 639/1162, time remaining: 7s
Rendered 640/1162, time remaining: 7s
Rendered 641/1162, time remaining: 7s
Rendered 642/1162, time remaining: 7s
Rendered 643/1162, time remaining: 7s
Rendered 644/1162, time remaining: 7s
Rendered 645/1162, time remaining: 7s
Rendered 646/1162, time remaining: 7s
Rendered 647/1162, time remaining: 6s
Rendered 648/1162, time remaining: 6s
Rendered 649/1162, time remaining: 6s
Rendered 650/1162, time remaining: 6s
Rendered 651/1162, time remaining: 6s
Rendered 652/1162, time remaining: 6s
Rendered 653/1162, time remaining: 6s
Rendered 654/1162, time remaining: 6s
Rendered 655/1162, time remaining: 6s
Rendered 656/1162, time remaining: 6s
Rendered 657/1162, time remaining: 6s
Rendered 658/1162, time remaining: 6s
Rendered 659/1162, time remaining: 6s
Rendered 660/1162, time remaining: 6s
Rendered 661/1162, time remaining: 6s
Rendered 662/1162, time remaining: 6s
Rendered 663/1162, time remaining: 6s
Rendered 664/1162, time remaining: 6s
Rendered 665/1162, time remaining: 6s
Rendered 666/1162, time remaining: 6s
Rendered 667/1162, time remaining: 6s
Rendered 668/1162, time remaining: 6s
Rendered 668/1162, time remaining: 6s
Rendered 669/1162, time remaining: 6s
Rendered 670/1162, time remaining: 6s
Rendered 671/1162, time remaining: 6s
Rendered 672/1162, time remaining: 6s
Rendered 673/1162, time remaining: 6s
Rendered 674/1162, time remaining: 6s
Rendered 675/1162, time remaining: 6s
Rendered 676/1162, time remaining: 6s
Rendered 677/1162, time remaining: 6s
Rendered 678/1162, time remaining: 6s
Rendered 679/1162, time remaining: 6s
Rendered 680/1162, time remaining: 6s
Rendered 681/1162, time remaining: 6s
Rendered 682/1162, time remaining: 6s
Rendered 683/1162, time remaining: 6s
Rendered 684/1162, time remaining: 6s
Rendered 685/1162, time remaining: 6s
Rendered 686/1162, time remaining: 6s
Rendered 687/1162, time remaining: 6s
Rendered 688/1162, time remaining: 6s
Rendered 689/1162, time remaining: 6s
Rendered 690/1162, time remaining: 6s
Rendered 691/1162, time remaining: 6s
Rendered 692/1162, time remaining: 6s
Rendered 693/1162, time remaining: 6s
Rendered 694/1162, time remaining: 6s
Rendered 695/1162, time remaining: 6s
Rendered 696/1162, time remaining: 6s
Rendered 697/1162, time remaining: 6s
Rendered 698/1162, time remaining: 6s
Rendered 699/1162, time remaining: 6s
Rendered 700/1162, time remaining: 6s
Rendered 701/1162, time remaining: 6s
Rendered 702/1162, time remaining: 6s
Rendered 703/1162, time remaining: 6s
Rendered 704/1162, time remaining: 6s
Rendered 705/1162, time remaining: 6s
Rendered 706/1162, time remaining: 6s
Rendered 707/1162, time remaining: 6s
Rendered 707/1162, time remaining: 6s
Rendered 708/1162, time remaining: 6s
Rendered 709/1162, time remaining: 6s
Rendered 710/1162, time remaining: 6s
Rendered 711/1162, time remaining: 5s
Rendered 712/1162, time remaining: 6s
Rendered 713/1162, time remaining: 6s
Rendered 714/1162, time remaining: 5s
Rendered 715/1162, time remaining: 5s
Rendered 716/1162, time remaining: 5s
Rendered 717/1162, time remaining: 5s
Rendered 718/1162, time remaining: 5s
Rendered 719/1162, time remaining: 5s
Rendered 720/1162, time remaining: 5s
Rendered 721/1162, time remaining: 5s
Rendered 722/1162, time remaining: 5s
Rendered 723/1162, time remaining: 5s
Rendered 724/1162, time remaining: 5s
Rendered 725/1162, time remaining: 5s
Rendered 726/1162, time remaining: 5s
Rendered 727/1162, time remaining: 5s
Rendered 728/1162, time remaining: 5s
Rendered 729/1162, time remaining: 5s
Rendered 730/1162, time remaining: 5s
Rendered 731/1162, time remaining: 5s
Rendered 732/1162, time remaining: 5s
Rendered 733/1162, time remaining: 5s
Rendered 734/1162, time remaining: 5s
Rendered 735/1162, time remaining: 5s
Rendered 736/1162, time remaining: 5s
Rendered 737/1162, time remaining: 5s
Rendered 738/1162, time remaining: 5s
Rendered 739/1162, time remaining: 5s
Rendered 740/1162, time remaining: 5s
Rendered 741/1162, time remaining: 5s
Rendered 742/1162, time remaining: 5s
Rendered 743/1162, time remaining: 5s
Rendered 744/1162, time remaining: 5s
Rendered 745/1162, time remaining: 5s
Rendered 746/1162, time remaining: 5s
Rendered 746/1162, time remaining: 5s
Rendered 747/1162, time remaining: 5s
Rendered 748/1162, time remaining: 5s
Rendered 749/1162, time remaining: 5s
Rendered 750/1162, time remaining: 5s
Rendered 751/1162, time remaining: 5s
Rendered 752/1162, time remaining: 5s
Rendered 753/1162, time remaining: 5s
Rendered 754/1162, time remaining: 5s
Rendered 755/1162, time remaining: 5s
Rendered 756/1162, time remaining: 5s
Rendered 757/1162, time remaining: 5s
Rendered 758/1162, time remaining: 5s
Rendered 759/1162, time remaining: 5s
Rendered 760/1162, time remaining: 5s
Rendered 761/1162, time remaining: 5s
Rendered 762/1162, time remaining: 5s
Rendered 763/1162, time remaining: 5s
Rendered 764/1162, time remaining: 5s
Rendered 765/1162, time remaining: 5s
Rendered 766/1162, time remaining: 5s
Rendered 767/1162, time remaining: 5s
Rendered 768/1162, time remaining: 5s
Rendered 769/1162, time remaining: 5s
Rendered 770/1162, time remaining: 5s
Rendered 771/1162, time remaining: 5s
Rendered 772/1162, time remaining: 5s
Rendered 773/1162, time remaining: 5s
Rendered 774/1162, time remaining: 5s
Rendered 775/1162, time remaining: 4s
Rendered 776/1162, time remaining: 4s
Rendered 777/1162, time remaining: 5s
Rendered 778/1162, time remaining: 4s
Rendered 779/1162, time remaining: 4s
Rendered 780/1162, time remaining: 4s
Rendered 781/1162, time remaining: 4s
Rendered 782/1162, time remaining: 4s
Rendered 783/1162, time remaining: 4s
Rendered 784/1162, time remaining: 4s
Rendered 784/1162, time remaining: 4s
Rendered 785/1162, time remaining: 4s
Rendered 786/1162, time remaining: 4s
Rendered 787/1162, time remaining: 4s
Rendered 788/1162, time remaining: 4s
Rendered 789/1162, time remaining: 4s
Rendered 790/1162, time remaining: 4s
Rendered 791/1162, time remaining: 4s
Rendered 792/1162, time remaining: 4s
Rendered 793/1162, time remaining: 4s
Rendered 794/1162, time remaining: 4s
Rendered 795/1162, time remaining: 4s
Rendered 796/1162, time remaining: 4s
Rendered 797/1162, time remaining: 4s
Rendered 798/1162, time remaining: 4s
Rendered 799/1162, time remaining: 4s
Rendered 800/1162, time remaining: 4s
Rendered 801/1162, time remaining: 4s
Rendered 802/1162, time remaining: 4s
Rendered 803/1162, time remaining: 4s
Rendered 804/1162, time remaining: 4s
Rendered 805/1162, time remaining: 4s
Rendered 806/1162, time remaining: 4s
Rendered 807/1162, time remaining: 4s
Rendered 808/1162, time remaining: 4s
Rendered 809/1162, time remaining: 4s
Rendered 810/1162, time remaining: 4s
Rendered 811/1162, time remaining: 4s
Rendered 812/1162, time remaining: 4s
Rendered 813/1162, time remaining: 4s
Rendered 814/1162, time remaining: 4s
Rendered 815/1162, time remaining: 4s
Rendered 816/1162, time remaining: 4s
Rendered 817/1162, time remaining: 4s
Rendered 818/1162, time remaining: 4s
Rendered 819/1162, time remaining: 4s
Rendered 820/1162, time remaining: 4s
Rendered 821/1162, time remaining: 4s
Rendered 821/1162, time remaining: 4s
Rendered 822/1162, time remaining: 4s
Rendered 823/1162, time remaining: 4s
Rendered 824/1162, time remaining: 4s
Rendered 825/1162, time remaining: 4s
Rendered 826/1162, time remaining: 4s
Rendered 827/1162, time remaining: 4s
Rendered 828/1162, time remaining: 4s
Rendered 829/1162, time remaining: 4s
Rendered 830/1162, time remaining: 4s
Rendered 831/1162, time remaining: 4s
Rendered 832/1162, time remaining: 4s
Rendered 833/1162, time remaining: 4s
Rendered 834/1162, time remaining: 4s
Rendered 835/1162, time remaining: 4s
Rendered 836/1162, time remaining: 4s
Rendered 837/1162, time remaining: 4s
Rendered 838/1162, time remaining: 4s
Rendered 839/1162, time remaining: 4s
Rendered 840/1162, time remaining: 4s
Rendered 841/1162, time remaining: 4s
Rendered 842/1162, time remaining: 4s
Rendered 843/1162, time remaining: 4s
Rendered 844/1162, time remaining: 4s
Rendered 845/1162, time remaining: 4s
Rendered 846/1162, time remaining: 4s
Rendered 847/1162, time remaining: 4s
Rendered 848/1162, time remaining: 4s
Rendered 849/1162, time remaining: 4s
Rendered 850/1162, time remaining: 4s
Rendered 851/1162, time remaining: 4s
Rendered 852/1162, time remaining: 4s
Rendered 853/1162, time remaining: 4s
Rendered 854/1162, time remaining: 4s
Rendered 855/1162, time remaining: 4s
Rendered 856/1162, time remaining: 4s
Rendered 857/1162, time remaining: 4s
Rendered 858/1162, time remaining: 3s
Rendered 859/1162, time remaining: 3s
Rendered 860/1162, time remaining: 3s
Rendered 861/1162, time remaining: 3s
Rendered 861/1162, time remaining: 3s
Rendered 862/1162, time remaining: 3s
Rendered 863/1162, time remaining: 3s
Rendered 864/1162, time remaining: 3s
Rendered 865/1162, time remaining: 3s
Rendered 866/1162, time remaining: 3s
Rendered 867/1162, time remaining: 3s
Rendered 868/1162, time remaining: 3s
Rendered 869/1162, time remaining: 3s
Rendered 870/1162, time remaining: 3s
Rendered 871/1162, time remaining: 3s
Rendered 872/1162, time remaining: 3s
Rendered 873/1162, time remaining: 3s
Rendered 874/1162, time remaining: 3s
Rendered 875/1162, time remaining: 3s
Rendered 876/1162, time remaining: 3s
Rendered 877/1162, time remaining: 3s
Rendered 878/1162, time remaining: 3s
Rendered 879/1162, time remaining: 3s
Rendered 880/1162, time remaining: 3s
Rendered 881/1162, time remaining: 3s
Rendered 882/1162, time remaining: 3s
Rendered 883/1162, time remaining: 3s
Rendered 884/1162, time remaining: 3s
Rendered 885/1162, time remaining: 3s
Rendered 886/1162, time remaining: 3s
Rendered 887/1162, time remaining: 3s
Rendered 888/1162, time remaining: 3s
Rendered 889/1162, time remaining: 3s
Rendered 890/1162, time remaining: 3s
Rendered 891/1162, time remaining: 3s
Rendered 892/1162, time remaining: 3s
Rendered 893/1162, time remaining: 3s
Rendered 894/1162, time remaining: 3s
Rendered 895/1162, time remaining: 3s
Rendered 896/1162, time remaining: 3s
Rendered 897/1162, time remaining: 3s
Rendered 898/1162, time remaining: 3s
Rendered 899/1162, time remaining: 3s
Rendered 900/1162, time remaining: 3s
Rendered 901/1162, time remaining: 3s
Rendered 902/1162, time remaining: 3s
Rendered 903/1162, time remaining: 3s
Rendered 903/1162, time remaining: 3s
Rendered 904/1162, time remaining: 3s
Rendered 905/1162, time remaining: 3s
Rendered 906/1162, time remaining: 3s
Rendered 907/1162, time remaining: 3s
Rendered 908/1162, time remaining: 3s
Rendered 909/1162, time remaining: 3s
Rendered 910/1162, time remaining: 3s
Rendered 911/1162, time remaining: 3s
Rendered 912/1162, time remaining: 3s
Rendered 913/1162, time remaining: 3s
Rendered 914/1162, time remaining: 3s
Rendered 915/1162, time remaining: 3s
Rendered 916/1162, time remaining: 3s
Rendered 917/1162, time remaining: 3s
Rendered 918/1162, time remaining: 3s
Rendered 919/1162, time remaining: 3s
Rendered 920/1162, time remaining: 3s
Rendered 921/1162, time remaining: 3s
Rendered 922/1162, time remaining: 3s
Rendered 923/1162, time remaining: 3s
Rendered 924/1162, time remaining: 3s
Rendered 925/1162, time remaining: 3s
Rendered 926/1162, time remaining: 3s
Rendered 927/1162, time remaining: 2s
Rendered 928/1162, time remaining: 2s
Rendered 929/1162, time remaining: 2s
Rendered 930/1162, time remaining: 2s
Rendered 931/1162, time remaining: 2s
Rendered 932/1162, time remaining: 2s
Rendered 933/1162, time remaining: 2s
Rendered 934/1162, time remaining: 2s
Rendered 935/1162, time remaining: 2s
Rendered 936/1162, time remaining: 2s
Rendered 937/1162, time remaining: 2s
Rendered 938/1162, time remaining: 2s
Rendered 939/1162, time remaining: 2s
Rendered 940/1162, time remaining: 2s
Rendered 941/1162, time remaining: 2s
Rendered 942/1162, time remaining: 2s
Rendered 943/1162, time remaining: 2s
Rendered 944/1162, time remaining: 2s
Rendered 945/1162, time remaining: 2s
Rendered 946/1162, time remaining: 2s
Rendered 946/1162, time remaining: 2s
Rendered 947/1162, time remaining: 2s
Rendered 948/1162, time remaining: 2s
Rendered 949/1162, time remaining: 2s
Rendered 950/1162, time remaining: 2s
Rendered 951/1162, time remaining: 2s
Rendered 952/1162, time remaining: 2s
Rendered 953/1162, time remaining: 2s
Rendered 954/1162, time remaining: 2s
Rendered 955/1162, time remaining: 2s
Rendered 956/1162, time remaining: 2s
Rendered 957/1162, time remaining: 2s
Rendered 958/1162, time remaining: 2s
Rendered 959/1162, time remaining: 2s
Rendered 960/1162, time remaining: 2s
Rendered 961/1162, time remaining: 2s
Rendered 962/1162, time remaining: 2s
Rendered 963/1162, time remaining: 2s
Rendered 964/1162, time remaining: 2s
Rendered 965/1162, time remaining: 2s
Rendered 966/1162, time remaining: 2s
Rendered 967/1162, time remaining: 2s
Rendered 968/1162, time remaining: 2s
Rendered 969/1162, time remaining: 2s
Rendered 970/1162, time remaining: 2s
Rendered 971/1162, time remaining: 2s
Rendered 972/1162, time remaining: 2s
Rendered 973/1162, time remaining: 2s
Rendered 974/1162, time remaining: 2s
Rendered 975/1162, time remaining: 2s
Rendered 976/1162, time remaining: 2s
Rendered 977/1162, time remaining: 2s
Rendered 978/1162, time remaining: 2s
Rendered 979/1162, time remaining: 2s
Rendered 980/1162, time remaining: 2s
Rendered 981/1162, time remaining: 2s
Rendered 982/1162, time remaining: 2s
Rendered 983/1162, time remaining: 2s
Rendered 984/1162, time remaining: 2s
Rendered 984/1162, time remaining: 2s
Rendered 985/1162, time remaining: 2s
Rendered 986/1162, time remaining: 2s
Rendered 987/1162, time remaining: 2s
Rendered 988/1162, time remaining: 2s
Rendered 989/1162, time remaining: 2s
Rendered 990/1162, time remaining: 2s
Rendered 991/1162, time remaining: 2s
Rendered 992/1162, time remaining: 2s
Rendered 993/1162, time remaining: 2s
Rendered 994/1162, time remaining: 2s
Rendered 995/1162, time remaining: 2s
Rendered 996/1162, time remaining: 2s
Rendered 997/1162, time remaining: 2s
Rendered 998/1162, time remaining: 2s
Rendered 999/1162, time remaining: 2s
Rendered 1000/1162, time remaining: 2s
Rendered 1001/1162, time remaining: 2s
Rendered 1002/1162, time remaining: 1s
Rendered 1003/1162, time remaining: 1s
Rendered 1004/1162, time remaining: 1s
Rendered 1005/1162, time remaining: 1s
Rendered 1006/1162, time remaining: 1s
Rendered 1007/1162, time remaining: 1s
Rendered 1008/1162, time remaining: 1s
Rendered 1009/1162, time remaining: 1s
Rendered 1010/1162, time remaining: 1s
Rendered 1011/1162, time remaining: 1s
Rendered 1012/1162, time remaining: 1s
Rendered 1013/1162, time remaining: 1s
Rendered 1014/1162, time remaining: 1s
Rendered 1015/1162, time remaining: 1s
Rendered 1016/1162, time remaining: 1s
Rendered 1017/1162, time remaining: 1s
Rendered 1018/1162, time remaining: 1s
Rendered 1019/1162, time remaining: 1s
Rendered 1020/1162, time remaining: 1s
Rendered 1021/1162, time remaining: 1s
Rendered 1022/1162, time remaining: 1s
Rendered 1023/1162, time remaining: 1s
Rendered 1024/1162, time remaining: 1s
Rendered 1024/1162, time remaining: 1s
Rendered 1025/1162, time remaining: 1s
Rendered 1026/1162, time remaining: 1s
Rendered 1027/1162, time remaining: 1s
Rendered 1028/1162, time remaining: 1s
Rendered 1029/1162, time remaining: 1s
Rendered 1030/1162, time remaining: 1s
Rendered 1031/1162, time remaining: 1s
Rendered 1032/1162, time remaining: 1s
Rendered 1033/1162, time remaining: 1s
Rendered 1034/1162, time remaining: 1s
Rendered 1035/1162, time remaining: 1s
Rendered 1036/1162, time remaining: 1s
Rendered 1037/1162, time remaining: 1s
Rendered 1038/1162, time remaining: 1s
Rendered 1039/1162, time remaining: 1s
Rendered 1040/1162, time remaining: 1s
Rendered 1041/1162, time remaining: 1s
Rendered 1042/1162, time remaining: 1s
Rendered 1043/1162, time remaining: 1s
Rendered 1044/1162, time remaining: 1s
Rendered 1045/1162, time remaining: 1s
Rendered 1046/1162, time remaining: 1s
Rendered 1047/1162, time remaining: 1s
Rendered 1048/1162, time remaining: 1s
Rendered 1049/1162, time remaining: 1s
Rendered 1050/1162, time remaining: 1s
Rendered 1051/1162, time remaining: 1s
Rendered 1052/1162, time remaining: 1s
Rendered 1053/1162, time remaining: 1s
Rendered 1054/1162, time remaining: 1s
Rendered 1055/1162, time remaining: 1s
Rendered 1056/1162, time remaining: 1s
Rendered 1057/1162, time remaining: 1s
Rendered 1058/1162, time remaining: 1s
Rendered 1059/1162, time remaining: 1s
Rendered 1060/1162, time remaining: 1s
Rendered 1061/1162, time remaining: 1s
Rendered 1062/1162, time remaining: 1s
Rendered 1063/1162, time remaining: 1s
Rendered 1064/1162, time remaining: 1s
Rendered 1065/1162, time remaining: 1s
Rendered 1065/1162, time remaining: 1s
Rendered 1066/1162, time remaining: 1s
Rendered 1067/1162, time remaining: 1s
Rendered 1068/1162, time remaining: 1s
Rendered 1069/1162, time remaining: 1s
Rendered 1070/1162, time remaining: 1s
Rendered 1071/1162, time remaining: 1s
Rendered 1072/1162, time remaining: 1s
Rendered 1073/1162, time remaining: 1s
Rendered 1074/1162, time remaining: 1s
Rendered 1075/1162, time remaining: 1s
Rendered 1076/1162, time remaining: 1s
Rendered 1077/1162, time remaining: 1s
Rendered 1078/1162, time remaining: 1s
Rendered 1079/1162, time remaining: 1s
Rendered 1080/1162, time remaining: 1s
Rendered 1081/1162, time remaining: 1s
Rendered 1082/1162, time remaining: 1s
Rendered 1083/1162, time remaining: 1s
Rendered 1084/1162, time remaining: 0s
Rendered 1085/1162, time remaining: 0s
Rendered 1086/1162, time remaining: 0s
Rendered 1087/1162, time remaining: 0s
Rendered 1088/1162, time remaining: 0s
Rendered 1089/1162, time remaining: 0s
Rendered 1090/1162, time remaining: 0s
Rendered 1091/1162, time remaining: 0s
Rendered 1092/1162, time remaining: 0s
Rendered 1093/1162, time remaining: 0s
Rendered 1094/1162, time remaining: 0s
Rendered 1095/1162, time remaining: 0s
Rendered 1096/1162, time remaining: 0s
Rendered 1097/1162, time remaining: 0s
Rendered 1098/1162, time remaining: 0s
Rendered 1099/1162, time remaining: 0s
Rendered 1100/1162, time remaining: 0s
Rendered 1101/1162, time remaining: 0s
Rendered 1102/1162, time remaining: 0s
Rendered 1103/1162, time remaining: 0s
Rendered 1104/1162, time remaining: 0s
Rendered 1104/1162, time remaining: 0s
Rendered 1105/1162, time remaining: 0s
Rendered 1106/1162, time remaining: 0s
Rendered 1107/1162, time remaining: 0s
Rendered 1108/1162, time remaining: 0s
Rendered 1109/1162, time remaining: 0s
Rendered 1110/1162, time remaining: 0s
Rendered 1111/1162, time remaining: 0s
Rendered 1112/1162, time remaining: 0s
Rendered 1113/1162, time remaining: 0s
Rendered 1114/1162, time remaining: 0s
Rendered 1115/1162, time remaining: 0s
Rendered 1116/1162, time remaining: 0s
Rendered 1117/1162, time remaining: 0s
Rendered 1118/1162, time remaining: 0s
Rendered 1119/1162, time remaining: 0s
Rendered 1120/1162, time remaining: 0s
Rendered 1121/1162, time remaining: 0s
Rendered 1122/1162, time remaining: 0s
Rendered 1123/1162, time remaining: 0s
Rendered 1124/1162, time remaining: 0s
Rendered 1125/1162, time remaining: 0s
Rendered 1126/1162, time remaining: 0s
Rendered 1127/1162, time remaining: 0s
Rendered 1128/1162, time remaining: 0s
Rendered 1129/1162, time remaining: 0s
Rendered 1130/1162, time remaining: 0s
Rendered 1131/1162, time remaining: 0s
Rendered 1132/1162, time remaining: 0s
Rendered 1133/1162, time remaining: 0s
Rendered 1134/1162, time remaining: 0s
Rendered 1135/1162, time remaining: 0s
Rendered 1136/1162, time remaining: 0s
Rendered 1137/1162, time remaining: 0s
Rendered 1138/1162, time remaining: 0s
Rendered 1139/1162, time remaining: 0s
Rendered 1140/1162, time remaining: 0s
Rendered 1141/1162, time remaining: 0s
Rendered 1142/1162, time remaining: 0s
Rendered 1143/1162, time remaining: 0s
Rendered 1144/1162, time remaining: 0s
Rendered 1145/1162, time remaining: 0s
Rendered 1146/1162, time remaining: 0s
Rendered 1147/1162, time remaining: 0s
Rendered 1147/1162, time remaining: 0s
Rendered 1148/1162, time remaining: 0s
Rendered 1149/1162, time remaining: 0s
Rendered 1150/1162, time remaining: 0s
Rendered 1151/1162, time remaining: 0s
Rendered 1152/1162, time remaining: 0s
Rendered 1153/1162, time remaining: 0s
Rendered 1154/1162, time remaining: 0s
Rendered 1155/1162, time remaining: 0s
Rendered 1156/1162, time remaining: 0s
Rendered 1157/1162, time remaining: 0s
Rendered 1158/1162, time remaining: 0s
Rendered 1159/1162, time remaining: 0s
Rendered 1160/1162, time remaining: 0s
Rendered 1161/1162, time remaining: 0s
Encoded 859/1162
Encoded 930/1162
Encoded 1162/1162
